Archive member included to satisfy reference by file (symbol)

c:/st/stm32cubeide_1.12.0/stm32cubeide/plugins/com.st.stm32cube.ide.mcu.externaltools.gnu-tools-for-stm32.10.3-2021.10.win32_1.0.200.202301161003/tools/bin/../lib/gcc/arm-none-eabi/10.3.1/../../../../arm-none-eabi/lib/thumb/v7-m/nofp\libc_nano.a(lib_a-errno.o)
                              ./Core/Src/syscalls.o (__errno)
c:/st/stm32cubeide_1.12.0/stm32cubeide/plugins/com.st.stm32cube.ide.mcu.externaltools.gnu-tools-for-stm32.10.3-2021.10.win32_1.0.200.202301161003/tools/bin/../lib/gcc/arm-none-eabi/10.3.1/../../../../arm-none-eabi/lib/thumb/v7-m/nofp\libc_nano.a(lib_a-exit.o)
                              c:/st/stm32cubeide_1.12.0/stm32cubeide/plugins/com.st.stm32cube.ide.mcu.externaltools.gnu-tools-for-stm32.10.3-2021.10.win32_1.0.200.202301161003/tools/bin/../lib/gcc/arm-none-eabi/10.3.1/../../../../arm-none-eabi/lib/thumb/v7-m/nofp/crt0.o (exit)
c:/st/stm32cubeide_1.12.0/stm32cubeide/plugins/com.st.stm32cube.ide.mcu.externaltools.gnu-tools-for-stm32.10.3-2021.10.win32_1.0.200.202301161003/tools/bin/../lib/gcc/arm-none-eabi/10.3.1/../../../../arm-none-eabi/lib/thumb/v7-m/nofp\libc_nano.a(lib_a-findfp.o)
                              ./Middlewares/Third_Party/FreeRTOS/Source/tasks.o (__sf_fake_stderr)
c:/st/stm32cubeide_1.12.0/stm32cubeide/plugins/com.st.stm32cube.ide.mcu.externaltools.gnu-tools-for-stm32.10.3-2021.10.win32_1.0.200.202301161003/tools/bin/../lib/gcc/arm-none-eabi/10.3.1/../../../../arm-none-eabi/lib/thumb/v7-m/nofp\libc_nano.a(lib_a-fwalk.o)
                              c:/st/stm32cubeide_1.12.0/stm32cubeide/plugins/com.st.stm32cube.ide.mcu.externaltools.gnu-tools-for-stm32.10.3-2021.10.win32_1.0.200.202301161003/tools/bin/../lib/gcc/arm-none-eabi/10.3.1/../../../../arm-none-eabi/lib/thumb/v7-m/nofp\libc_nano.a(lib_a-findfp.o) (_fwalk)
c:/st/stm32cubeide_1.12.0/stm32cubeide/plugins/com.st.stm32cube.ide.mcu.externaltools.gnu-tools-for-stm32.10.3-2021.10.win32_1.0.200.202301161003/tools/bin/../lib/gcc/arm-none-eabi/10.3.1/../../../../arm-none-eabi/lib/thumb/v7-m/nofp\libc_nano.a(lib_a-impure.o)
                              c:/st/stm32cubeide_1.12.0/stm32cubeide/plugins/com.st.stm32cube.ide.mcu.externaltools.gnu-tools-for-stm32.10.3-2021.10.win32_1.0.200.202301161003/tools/bin/../lib/gcc/arm-none-eabi/10.3.1/../../../../arm-none-eabi/lib/thumb/v7-m/nofp\libc_nano.a(lib_a-exit.o) (_global_impure_ptr)
c:/st/stm32cubeide_1.12.0/stm32cubeide/plugins/com.st.stm32cube.ide.mcu.externaltools.gnu-tools-for-stm32.10.3-2021.10.win32_1.0.200.202301161003/tools/bin/../lib/gcc/arm-none-eabi/10.3.1/../../../../arm-none-eabi/lib/thumb/v7-m/nofp\libc_nano.a(lib_a-init.o)
                              c:/st/stm32cubeide_1.12.0/stm32cubeide/plugins/com.st.stm32cube.ide.mcu.externaltools.gnu-tools-for-stm32.10.3-2021.10.win32_1.0.200.202301161003/tools/bin/../lib/gcc/arm-none-eabi/10.3.1/../../../../arm-none-eabi/lib/thumb/v7-m/nofp/crt0.o (__libc_init_array)
c:/st/stm32cubeide_1.12.0/stm32cubeide/plugins/com.st.stm32cube.ide.mcu.externaltools.gnu-tools-for-stm32.10.3-2021.10.win32_1.0.200.202301161003/tools/bin/../lib/gcc/arm-none-eabi/10.3.1/../../../../arm-none-eabi/lib/thumb/v7-m/nofp\libc_nano.a(lib_a-lock.o)
                              c:/st/stm32cubeide_1.12.0/stm32cubeide/plugins/com.st.stm32cube.ide.mcu.externaltools.gnu-tools-for-stm32.10.3-2021.10.win32_1.0.200.202301161003/tools/bin/../lib/gcc/arm-none-eabi/10.3.1/../../../../arm-none-eabi/lib/thumb/v7-m/nofp\libc_nano.a(lib_a-findfp.o) (__retarget_lock_init_recursive)
c:/st/stm32cubeide_1.12.0/stm32cubeide/plugins/com.st.stm32cube.ide.mcu.externaltools.gnu-tools-for-stm32.10.3-2021.10.win32_1.0.200.202301161003/tools/bin/../lib/gcc/arm-none-eabi/10.3.1/../../../../arm-none-eabi/lib/thumb/v7-m/nofp\libc_nano.a(lib_a-memcpy-stub.o)
                              ./FreeModbus/Src/mbfuncother.o (memcpy)
c:/st/stm32cubeide_1.12.0/stm32cubeide/plugins/com.st.stm32cube.ide.mcu.externaltools.gnu-tools-for-stm32.10.3-2021.10.win32_1.0.200.202301161003/tools/bin/../lib/gcc/arm-none-eabi/10.3.1/../../../../arm-none-eabi/lib/thumb/v7-m/nofp\libc_nano.a(lib_a-memset.o)
                              c:/st/stm32cubeide_1.12.0/stm32cubeide/plugins/com.st.stm32cube.ide.mcu.externaltools.gnu-tools-for-stm32.10.3-2021.10.win32_1.0.200.202301161003/tools/bin/../lib/gcc/arm-none-eabi/10.3.1/../../../../arm-none-eabi/lib/thumb/v7-m/nofp/crt0.o (memset)
c:/st/stm32cubeide_1.12.0/stm32cubeide/plugins/com.st.stm32cube.ide.mcu.externaltools.gnu-tools-for-stm32.10.3-2021.10.win32_1.0.200.202301161003/tools/bin/../lib/gcc/arm-none-eabi/10.3.1/../../../../arm-none-eabi/lib/thumb/v7-m/nofp\libc_nano.a(lib_a-nano-mallocr.o)
[...]
Memory Configuration

Name             Origin             Length             Attributes
RAM              0x0000000020000000 0x0000000000005000 xrw
FLASH            0x0000000008000000 0x0000000000010000 xr
*default*        0x0000000000000000 0xffffffffffffffff

Linker script and memory map

LOAD c:/st/stm32cubeide_1.12.0/stm32cubeide/plugins/com.st.stm32cube.ide.mcu.externaltools.gnu-tools-for-stm32.10.3-2021.10.win32_1.0.200.202301161003/tools/bin/../lib/gcc/arm-none-eabi/10.3.1/thumb/v7-m/nofp/crti.o
LOAD c:/st/stm32cubeide_1.12.0/stm32cubeide/plugins/com.st.stm32cube.ide.mcu.externaltools.gnu-tools-for-stm32.10.3-2021.10.win32_1.0.200.202301161003/tools/bin/../lib/gcc/arm-none-eabi/10.3.1/thumb/v7-m/nofp/crtbegin.o
LOAD c:/st/stm32cubeide_1.12.0/stm32cubeide/plugins/com.st.stm32cube.ide.mcu.externaltools.gnu-tools-for-stm32.10.3-2021.10.win32_1.0.200.202301161003/tools/bin/../lib/gcc/arm-none-eabi/10.3.1/../../../../arm-none-eabi/lib/thumb/v7-m/nofp/crt0.o
LOAD ./Core/Src/ain.o
LOAD ./Core/Src/din_dout.o
LOAD ./Core/Src/freertos.o
LOAD ./Core/Src/main.o
LOAD ./Core/Src/mainFSM.o
LOAD ./Core/Src/stm32f1xx_hal_msp.o
LOAD ./Core/Src/stm32f1xx_hal_timebase_tim.o
LOAD ./Core/Src/stm32f1xx_it.o
LOAD ./Core/Src/syscalls.o
LOAD ./Core/Src/sysmem.o
LOAD ./Core/Src/system_stm32f1xx.o
LOAD ./Core/Startup/startup_stm32f103c8tx.o
LOAD ./Drivers/STM32F1xx_HAL_Driver/Src/stm32f1xx_hal.o
LOAD ./Drivers/STM32F1xx_HAL_Driver/Src/stm32f1xx_hal_adc.o
LOAD ./Drivers/STM32F1xx_HAL_Driver/Src/stm32f1xx_hal_adc_ex.o
LOAD ./Drivers/STM32F1xx_HAL_Driver/Src/stm32f1xx_hal_cortex.o
LOAD ./Drivers/STM32F1xx_HAL_Driver/Src/stm32f1xx_hal_dma.o
LOAD ./Drivers/STM32F1xx_HAL_Driver/Src/stm32f1xx_hal_exti.o
LOAD ./Drivers/STM32F1xx_HAL_Driver/Src/stm32f1xx_hal_flash.o
LOAD ./Drivers/STM32F1xx_HAL_Driver/Src/stm32f1xx_hal_flash_ex.o
LOAD ./Drivers/STM32F1xx_HAL_Driver/Src/stm32f1xx_hal_gpio.o
LOAD ./Drivers/STM32F1xx_HAL_Driver/Src/stm32f1xx_hal_gpio_ex.o
LOAD ./Drivers/STM32F1xx_HAL_Driver/Src/stm32f1xx_hal_pwr.o
LOAD ./Drivers/STM32F1xx_HAL_Driver/Src/stm32f1xx_hal_rcc.o
LOAD ./Drivers/STM32F1xx_HAL_Driver/Src/stm32f1xx_hal_rcc_ex.o
LOAD ./Drivers/STM32F1xx_HAL_Driver/Src/stm32f1xx_hal_tim.o
LOAD ./Drivers/STM32F1xx_HAL_Driver/Src/stm32f1xx_hal_tim_ex.o
LOAD ./Drivers/STM32F1xx_HAL_Driver/Src/stm32f1xx_hal_uart.o
LOAD ./FreeModbus/Src/mb.o
LOAD ./FreeModbus/Src/mb_m.o
LOAD ./FreeModbus/Src/mbascii.o
LOAD ./FreeModbus/Src/mbcrc.o
LOAD ./FreeModbus/Src/mbfunccoils.o
LOAD ./FreeModbus/Src/mbfunccoils_m.o
LOAD ./FreeModbus/Src/mbfuncdiag.o
LOAD ./FreeModbus/Src/mbfuncdisc.o
LOAD ./FreeModbus/Src/mbfuncdisc_m.o
LOAD ./FreeModbus/Src/mbfuncholding.o
LOAD ./FreeModbus/Src/mbfuncholding_m.o
LOAD ./FreeModbus/Src/mbfuncinput.o
LOAD ./FreeModbus/Src/mbfuncinput_m.o
LOAD ./FreeModbus/Src/mbfuncother.o
LOAD ./FreeModbus/Src/mbrtu.o
LOAD ./FreeModbus/Src/mbrtu_m.o
LOAD ./FreeModbus/Src/mbtcp.o
LOAD ./FreeModbus/Src/mbutils.o
LOAD ./FreeModbus/Src/port.o
LOAD ./FreeModbus/Src/portevent.o
LOAD ./FreeModbus/Src/portevent_m.o
LOAD ./FreeModbus/Src/portserial.o
LOAD ./FreeModbus/Src/portserial_m.o
LOAD ./FreeModbus/Src/porttimer.o
LOAD ./FreeModbus/Src/porttimer_m.o
LOAD ./FreeModbus/Src/user_mb_app.o
LOAD ./FreeModbus/Src/user_mb_app_m.o
LOAD ./Middlewares/Third_Party/FreeRTOS/Source/CMSIS_RTOS_V2/cmsis_os2.o
LOAD ./Middlewares/Third_Party/FreeRTOS/Source/croutine.o
LOAD ./Middlewares/Third_Party/FreeRTOS/Source/event_groups.o
LOAD ./Middlewares/Third_Party/FreeRTOS/Source/list.o
LOAD ./Middlewares/Third_Party/FreeRTOS/Source/queue.o
LOAD ./Middlewares/Third_Party/FreeRTOS/Source/stream_buffer.o
LOAD ./Middlewares/Third_Party/FreeRTOS/Source/tasks.o
LOAD ./Middlewares/Third_Party/FreeRTOS/Source/timers.o
LOAD ./Middlewares/Third_Party/FreeRTOS/Source/portable/GCC/ARM_CM3/port.o
LOAD ./Middlewares/Third_Party/FreeRTOS/Source/portable/MemMang/heap_4.o
START GROUP
LOAD c:/st/stm32cubeide_1.12.0/stm32cubeide/plugins/com.st.stm32cube.ide.mcu.externaltools.gnu-tools-for-stm32.10.3-2021.10.win32_1.0.200.202301161003/tools/bin/../lib/gcc/arm-none-eabi/10.3.1/../../../../arm-none-eabi/lib/thumb/v7-m/nofp\libc_nano.a
LOAD c:/st/stm32cubeide_1.12.0/stm32cubeide/plugins/com.st.stm32cube.ide.mcu.externaltools.gnu-tools-for-stm32.10.3-2021.10.win32_1.0.200.202301161003/tools/bin/../lib/gcc/arm-none-eabi/10.3.1/../../../../arm-none-eabi/lib/thumb/v7-m/nofp\libm.a
END GROUP
START GROUP
LOAD c:/st/stm32cubeide_1.12.0/stm32cubeide/plugins/com.st.stm32cube.ide.mcu.externaltools.gnu-tools-for-stm32.10.3-2021.10.win32_1.0.200.202301161003/tools/bin/../lib/gcc/arm-none-eabi/10.3.1/thumb/v7-m/nofp\libgcc.a
LOAD c:/st/stm32cubeide_1.12.0/stm32cubeide/plugins/com.st.stm32cube.ide.mcu.externaltools.gnu-tools-for-stm32.10.3-2021.10.win32_1.0.200.202301161003/tools/bin/../lib/gcc/arm-none-eabi/10.3.1/../../../../arm-none-eabi/lib/thumb/v7-m/nofp\libc_nano.a
END GROUP
START GROUP
LOAD c:/st/stm32cubeide_1.12.0/stm32cubeide/plugins/com.st.stm32cube.ide.mcu.externaltools.gnu-tools-for-stm32.10.3-2021.10.win32_1.0.200.202301161003/tools/bin/../lib/gcc/arm-none-eabi/10.3.1/thumb/v7-m/nofp\libgcc.a
LOAD c:/st/stm32cubeide_1.12.0/stm32cubeide/plugins/com.st.stm32cube.ide.mcu.externaltools.gnu-tools-for-stm32.10.3-2021.10.win32_1.0.200.202301161003/tools/bin/../lib/gcc/arm-none-eabi/10.3.1/../../../../arm-none-eabi/lib/thumb/v7-m/nofp\libc_nano.a
LOAD c:/st/stm32cubeide_1.12.0/stm32cubeide/plugins/com.st.stm32cube.ide.mcu.externaltools.gnu-tools-for-stm32.10.3-2021.10.win32_1.0.200.202301161003/tools/bin/../lib/gcc/arm-none-eabi/10.3.1/../../../../arm-none-eabi/lib/thumb/v7-m/nofp\libnosys.a
END GROUP
START GROUP
LOAD c:/st/stm32cubeide_1.12.0/stm32cubeide/plugins/com.st.stm32cube.ide.mcu.externaltools.gnu-tools-for-stm32.10.3-2021.10.win32_1.0.200.202301161003/tools/bin/../lib/gcc/arm-none-eabi/10.3.1/thumb/v7-m/nofp\libgcc.a
LOAD c:/st/stm32cubeide_1.12.0/stm32cubeide/plugins/com.st.stm32cube.ide.mcu.externaltools.gnu-tools-for-stm32.10.3-2021.10.win32_1.0.200.202301161003/tools/bin/../lib/gcc/arm-none-eabi/10.3.1/../../../../arm-none-eabi/lib/thumb/v7-m/nofp\libc_nano.a
LOAD c:/st/stm32cubeide_1.12.0/stm32cubeide/plugins/com.st.stm32cube.ide.mcu.externaltools.gnu-tools-for-stm32.10.3-2021.10.win32_1.0.200.202301161003/tools/bin/../lib/gcc/arm-none-eabi/10.3.1/../../../../arm-none-eabi/lib/thumb/v7-m/nofp\libnosys.a
END GROUP
LOAD c:/st/stm32cubeide_1.12.0/stm32cubeide/plugins/com.st.stm32cube.ide.mcu.externaltools.gnu-tools-for-stm32.10.3-2021.10.win32_1.0.200.202301161003/tools/bin/../lib/gcc/arm-none-eabi/10.3.1/thumb/v7-m/nofp/crtend.o
LOAD c:/st/stm32cubeide_1.12.0/stm32cubeide/plugins/com.st.stm32cube.ide.mcu.externaltools.gnu-tools-for-stm32.10.3-2021.10.win32_1.0.200.202301161003/tools/bin/../lib/gcc/arm-none-eabi/10.3.1/thumb/v7-m/nofp/crtn.o
                0x0000000020005000                _estack = (ORIGIN (RAM) + LENGTH (RAM))
                0x0000000000000200                _Min_Heap_Size = 0x200
                0x0000000000000400                _Min_Stack_Size = 0x400

.isr_vector     0x0000000008000000      0x10c
                0x0000000008000000                . = ALIGN (0x4)
 *(.isr_vector)
 .isr_vector    0x0000000008000000      0x10c ./Core/Startup/startup_stm32f103c8tx.o
                0x0000000008000000                g_pfnVectors
                0x000000000800010c                . = ALIGN (0x4)

.text           0x0000000008000110     0x79ec
                0x0000000008000110                . = ALIGN (0x4)
 *(.text)
 .text          0x0000000008000110       0x40 c:/st/stm32cubeide_1.12.0/stm32cubeide/plugins/com.st.stm32cube.ide.mcu.externaltools.gnu-tools-for-stm32.10.3-2021.10.win32_1.0.200.202301161003/tools/bin/../lib/gcc/arm-none-eabi/10.3.1/thumb/v7-m/nofp/crtbegin.o
 .text          0x0000000008000150      0x254 c:/st/stm32cubeide_1.12.0/stm32cubeide/plugins/com.st.stm32cube.ide.mcu.externaltools.gnu-tools-for-stm32.10.3-2021.10.win32_1.0.200.202301161003/tools/bin/../lib/gcc/arm-none-eabi/10.3.1/thumb/v7-m/nofp\libgcc.a(_arm_muldf3.o)
                0x0000000008000150                __muldf3
                0x0000000008000150                __aeabi_dmul
 .text          0x00000000080003a4      0x378 c:/st/stm32cubeide_1.12.0/stm32cubeide/plugins/com.st.stm32cube.ide.mcu.externaltools.gnu-tools-for-stm32.10.3-2021.10.win32_1.0.200.202301161003/tools/bin/../lib/gcc/arm-none-eabi/10.3.1/thumb/v7-m/nofp\libgcc.a(_arm_addsubdf3.o)
                0x00000000080003a4                __aeabi_drsub
                0x00000000080003ac                __aeabi_dsub
                0x00000000080003ac                __subdf3
                0x00000000080003b0                __aeabi_dadd
                0x00000000080003b0                __adddf3
                0x0000000008000628                __floatunsidf
                0x0000000008000628                __aeabi_ui2d
                0x0000000008000648                __floatsidf
                0x0000000008000648                __aeabi_i2d
                0x000000000800066c                __aeabi_f2d
                0x000000000800066c                __extendsfdf2
                0x00000000080006b0                __floatundidf
                0x00000000080006b0                __aeabi_ul2d
                0x00000000080006c0                __floatdidf
                0x00000000080006c0                __aeabi_l2d
 .text          0x000000000800071c       0xa0 c:/st/stm32cubeide_1.12.0/stm32cubeide/plugins/com.st.stm32cube.ide.mcu.externaltools.gnu-tools-for-stm32.10.3-2021.10.win32_1.0.200.202301161003/tools/bin/../lib/gcc/arm-none-eabi/10.3.1/thumb/v7-m/nofp\libgcc.a(_arm_truncdfsf2.o)
                0x000000000800071c                __truncdfsf2
                0x000000000800071c                __aeabi_d2f
 .text          0x00000000080007bc      0x21c c:/st/stm32cubeide_1.12.0/stm32cubeide/plugins/com.st.stm32cube.ide.mcu.externaltools.gnu-tools-for-stm32.10.3-2021.10.win32_1.0.200.202301161003/tools/bin/../lib/gcc/arm-none-eabi/10.3.1/thumb/v7-m/nofp\libgcc.a(_arm_addsubsf3.o)
                0x00000000080007bc                __aeabi_frsub
                0x00000000080007c4                __subsf3
                0x00000000080007c4                __aeabi_fsub
                0x00000000080007c8                __aeabi_fadd
                0x00000000080007c8                __addsf3
                0x0000000008000928                __aeabi_ui2f
                0x0000000008000928                __floatunsisf
                0x0000000008000930                __aeabi_i2f
                0x0000000008000930                __floatsisf
                0x000000000800094c                __aeabi_ul2f
                0x000000000800094c                __floatundisf
                0x000000000800095c                __aeabi_l2f
                0x000000000800095c                __floatdisf
 .text          0x00000000080009d8      0x2a0 c:/st/stm32cubeide_1.12.0/stm32cubeide/plugins/com.st.stm32cube.ide.mcu.externaltools.gnu-tools-for-stm32.10.3-2021.10.win32_1.0.200.202301161003/tools/bin/../lib/gcc/arm-none-eabi/10.3.1/thumb/v7-m/nofp\libgcc.a(_arm_muldivsf3.o)
                0x00000000080009d8                __mulsf3
                0x00000000080009d8                __aeabi_fmul
                0x0000000008000b40                __aeabi_fdiv
                0x0000000008000b40                __divsf3
 .text          0x0000000008000c78       0xec c:/st/stm32cubeide_1.12.0/stm32cubeide/plugins/com.st.stm32cube.ide.mcu.externaltools.gnu-tools-for-stm32.10.3-2021.10.win32_1.0.200.202301161003/tools/bin/../lib/gcc/arm-none-eabi/10.3.1/thumb/v7-m/nofp\libgcc.a(_arm_cmpsf2.o)
                0x0000000008000c78                __gesf2
                0x0000000008000c78                __gtsf2
                0x0000000008000c80                __lesf2
                0x0000000008000c80                __ltsf2
                0x0000000008000c88                __nesf2
                0x0000000008000c88                __eqsf2
                0x0000000008000c88                __cmpsf2
                0x0000000008000ce8                __aeabi_cfrcmple
                0x0000000008000cf0                __aeabi_cfcmpeq
                0x0000000008000cf0                __aeabi_cfcmple
                0x0000000008000d00                __aeabi_fcmpeq
                0x0000000008000d14                __aeabi_fcmplt
                0x0000000008000d28                __aeabi_fcmple
                0x0000000008000d3c                __aeabi_fcmpge
                0x0000000008000d50                __aeabi_fcmpgt
 .text          0x0000000008000d64       0x40 c:/st/stm32cubeide_1.12.0/stm32cubeide/plugins/com.st.stm32cube.ide.mcu.externaltools.gnu-tools-for-stm32.10.3-2021.10.win32_1.0.200.202301161003/tools/bin/../lib/gcc/arm-none-eabi/10.3.1/thumb/v7-m/nofp\libgcc.a(_arm_fixunssfsi.o)
                0x0000000008000d64                __fixunssfsi
                0x0000000008000d64                __aeabi_f2uiz
 *(.text*)
 .text.fGetAinCalData
                0x0000000008000da4       0x84 ./Core/Src/ain.o
                0x0000000008000da4                fGetAinCalData
 .text.eAinCalDataConfig
                0x0000000008000e28       0x54 ./Core/Src/ain.o
                0x0000000008000e28                eAinCalDataConfig
 .text.vABLineKoofFinde
                0x0000000008000e7c       0x62 ./Core/Src/ain.o
                0x0000000008000e7c                vABLineKoofFinde
 *fill*         0x0000000008000ede        0x2 
 .text.eSetAinCalPoint
                0x0000000008000ee0       0x5c ./Core/Src/ain.o
                0x0000000008000ee0                eSetAinCalPoint
 .text.eDinConfig
                0x0000000008000f3c       0x6c ./Core/Src/din_dout.o
                0x0000000008000f3c                eDinConfig
 .text.vADCReady
                0x0000000008000fa8       0x38 ./Core/Src/din_dout.o
                0x0000000008000fa8                vADCReady
 .text.vGetAverDataFromRAW
                0x0000000008000fe0       0x68 ./Core/Src/din_dout.o
                0x0000000008000fe0                vGetAverDataFromRAW
 .text.vRCFilter
                0x0000000008001048       0x30 ./Core/Src/din_dout.o
                0x0000000008001048                vRCFilter
 .text.vAinGetData
                0x0000000008001078       0x74 ./Core/Src/din_dout.o
                0x0000000008001078                vAinGetData
 .text.uiGetDinMask
                0x00000000080010ec       0x30 ./Core/Src/din_dout.o
                0x00000000080010ec                uiGetDinMask
 .text.vDTask   0x000000000800111c      0x4e8 ./Core/Src/din_dout.o
                0x000000000800111c                vDTask
 .text.StartDefaultTask
                0x0000000008001604        0xc ./Core/Src/main.o
                0x0000000008001604                StartDefaultTask
 .text.xGetOSEvent
                0x0000000008001610        0xc ./Core/Src/main.o
                0x0000000008001610                xGetOSEvent
 .text.xGetUARTEvent
                0x000000000800161c        0xc ./Core/Src/main.o
                0x000000000800161c                xGetUARTEvent
 .text.xGetSystemControlEvent
                0x0000000008001628        0xc ./Core/Src/main.o
                0x0000000008001628                xGetSystemControlEvent
 .text.xGetSystemSem
                0x0000000008001634        0xc ./Core/Src/main.o
                0x0000000008001634                xGetSystemSem
 .text.vTimerInit
                0x0000000008001640       0x34 ./Core/Src/main.o
                0x0000000008001640                vTimerInit
 .text.vStartTimer
                0x0000000008001674       0x1c ./Core/Src/main.o
                0x0000000008001674                vStartTimer
 .text.vStopTimer
                0x0000000008001690       0x10 ./Core/Src/main.o
                0x0000000008001690                vStopTimer
 .text.vRespondInit
                0x00000000080016a0       0x24 ./Core/Src/main.o
                0x00000000080016a0                vRespondInit
 .text.vStartRespond
                0x00000000080016c4       0x24 ./Core/Src/main.o
                0x00000000080016c4                vStartRespond
 .text.vStopRespond
                0x00000000080016e8       0x18 ./Core/Src/main.o
                0x00000000080016e8                vStopRespond
 .text.vResHeandler
                0x0000000008001700       0x2c ./Core/Src/main.o
                0x0000000008001700                vResHeandler
 .text.SystemClock_Config
                0x000000000800172c       0x7e ./Core/Src/main.o
                0x000000000800172c                SystemClock_Config
 *fill*         0x00000000080017aa        0x2 
 .text.main     0x00000000080017ac      0x44c ./Core/Src/main.o
                0x00000000080017ac                main
 .text.HAL_TIM_PeriodElapsedCallback
                0x0000000008001bf8       0x18 ./Core/Src/main.o
                0x0000000008001bf8                HAL_TIM_PeriodElapsedCallback
 .text.Error_Handler
                0x0000000008001c10        0x4 ./Core/Src/main.o
                0x0000000008001c10                Error_Handler
 .text.InitSystemEnvet
                0x0000000008001c14        0xc ./Core/Src/mainFSM.o
                0x0000000008001c14                InitSystemEnvet
 .text.waitFlag
                0x0000000008001c20       0x24 ./Core/Src/mainFSM.o
                0x0000000008001c20                waitFlag
 .text.usGetConnection
                0x0000000008001c44        0xc ./Core/Src/mainFSM.o
                0x0000000008001c44                usGetConnection
 .text.usGetReg
                0x0000000008001c50       0x1c ./Core/Src/mainFSM.o
                0x0000000008001c50                usGetReg
 .text.usGetRegInput
                0x0000000008001c6c        0xc ./Core/Src/mainFSM.o
                0x0000000008001c6c                usGetRegInput
 .text.vSetRegInput
                0x0000000008001c78        0xc ./Core/Src/mainFSM.o
                0x0000000008001c78                vSetRegInput
 .text.vSetReg  0x0000000008001c84        0xc ./Core/Src/mainFSM.o
                0x0000000008001c84                vSetReg
 .text.vMBTask  0x0000000008001c90       0x30 ./Core/Src/mainFSM.o
                0x0000000008001c90                vMBTask
 .text.vDATATask
                0x0000000008001cc0      0x12c ./Core/Src/mainFSM.o
                0x0000000008001cc0                vDATATask
 .text.HAL_MspInit
                0x0000000008001dec       0x54 ./Core/Src/stm32f1xx_hal_msp.o
                0x0000000008001dec                HAL_MspInit
 .text.HAL_ADC_MspInit
                0x0000000008001e40       0x98 ./Core/Src/stm32f1xx_hal_msp.o
                0x0000000008001e40                HAL_ADC_MspInit
 .text.HAL_TIM_Base_MspInit
                0x0000000008001ed8       0x90 ./Core/Src/stm32f1xx_hal_msp.o
                0x0000000008001ed8                HAL_TIM_Base_MspInit
 .text.HAL_TIM_MspPostInit
                0x0000000008001f68       0x50 ./Core/Src/stm32f1xx_hal_msp.o
                0x0000000008001f68                HAL_TIM_MspPostInit
 .text.HAL_UART_MspInit
                0x0000000008001fb8       0x88 ./Core/Src/stm32f1xx_hal_msp.o
                0x0000000008001fb8                HAL_UART_MspInit
 .text.HAL_InitTick
                0x0000000008002040       0x94 ./Core/Src/stm32f1xx_hal_timebase_tim.o
                0x0000000008002040                HAL_InitTick
 .text.NMI_Handler
                0x00000000080020d4        0x2 ./Core/Src/stm32f1xx_it.o
                0x00000000080020d4                NMI_Handler
 .text.HardFault_Handler
                0x00000000080020d6        0x2 ./Core/Src/stm32f1xx_it.o
                0x00000000080020d6                HardFault_Handler
 .text.MemManage_Handler
                0x00000000080020d8        0x2 ./Core/Src/stm32f1xx_it.o
                0x00000000080020d8                MemManage_Handler
 .text.BusFault_Handler
                0x00000000080020da        0x2 ./Core/Src/stm32f1xx_it.o
                0x00000000080020da                BusFault_Handler
 .text.UsageFault_Handler
                0x00000000080020dc        0x2 ./Core/Src/stm32f1xx_it.o
                0x00000000080020dc                UsageFault_Handler
 .text.DebugMon_Handler
                0x00000000080020de        0x2 ./Core/Src/stm32f1xx_it.o
                0x00000000080020de                DebugMon_Handler
 .text.DMA1_Channel1_IRQHandler
                0x00000000080020e0       0x14 ./Core/Src/stm32f1xx_it.o
                0x00000000080020e0                DMA1_Channel1_IRQHandler
 .text.TIM1_UP_IRQHandler
                0x00000000080020f4       0x10 ./Core/Src/stm32f1xx_it.o
                0x00000000080020f4                TIM1_UP_IRQHandler
 .text.TIM2_IRQHandler
                0x0000000008002104       0x14 ./Core/Src/stm32f1xx_it.o
                0x0000000008002104                TIM2_IRQHandler
 .text.TIM4_IRQHandler
                0x0000000008002118       0x14 ./Core/Src/stm32f1xx_it.o
                0x0000000008002118                TIM4_IRQHandler
 .text.USART1_IRQHandler
                0x000000000800212c       0x10 ./Core/Src/stm32f1xx_it.o
                0x000000000800212c                USART1_IRQHandler
 .text.SystemInit
                0x000000000800213c        0x2 ./Core/Src/system_stm32f1xx.o
                0x000000000800213c                SystemInit
 *fill*         0x000000000800213e        0x2 
 .text.Reset_Handler
                0x0000000008002140       0x48 ./Core/Startup/startup_stm32f103c8tx.o
                0x0000000008002140                Reset_Handler
 .text.Default_Handler
                0x0000000008002188        0x2 ./Core/Startup/startup_stm32f103c8tx.o
                0x0000000008002188                RTC_Alarm_IRQHandler
                0x0000000008002188                EXTI2_IRQHandler
                0x0000000008002188                TIM1_CC_IRQHandler
                0x0000000008002188                PVD_IRQHandler
                0x0000000008002188                EXTI3_IRQHandler
                0x0000000008002188                EXTI0_IRQHandler
                0x0000000008002188                I2C2_EV_IRQHandler
                0x0000000008002188                ADC1_2_IRQHandler
                0x0000000008002188                SPI1_IRQHandler
                0x0000000008002188                TAMPER_IRQHandler
                0x0000000008002188                DMA1_Channel4_IRQHandler
                0x0000000008002188                USART3_IRQHandler
                0x0000000008002188                RTC_IRQHandler
                0x0000000008002188                DMA1_Channel7_IRQHandler
                0x0000000008002188                CAN1_RX1_IRQHandler
                0x0000000008002188                I2C1_EV_IRQHandler
                0x0000000008002188                DMA1_Channel6_IRQHandler
                0x0000000008002188                TIM3_IRQHandler
                0x0000000008002188                RCC_IRQHandler
                0x0000000008002188                TIM1_TRG_COM_IRQHandler
                0x0000000008002188                Default_Handler
                0x0000000008002188                EXTI15_10_IRQHandler
                0x0000000008002188                EXTI9_5_IRQHandler
                0x0000000008002188                SPI2_IRQHandler
                0x0000000008002188                DMA1_Channel5_IRQHandler
                0x0000000008002188                EXTI4_IRQHandler
                0x0000000008002188                USB_LP_CAN1_RX0_IRQHandler
                0x0000000008002188                USB_HP_CAN1_TX_IRQHandler
                0x0000000008002188                DMA1_Channel3_IRQHandler
                0x0000000008002188                WWDG_IRQHandler
                0x0000000008002188                TIM1_BRK_IRQHandler
                0x0000000008002188                EXTI1_IRQHandler
                0x0000000008002188                USART2_IRQHandler
                0x0000000008002188                I2C2_ER_IRQHandler
                0x0000000008002188                DMA1_Channel2_IRQHandler
                0x0000000008002188                CAN1_SCE_IRQHandler
                0x0000000008002188                FLASH_IRQHandler
                0x0000000008002188                I2C1_ER_IRQHandler
                0x0000000008002188                USBWakeUp_IRQHandler
 *fill*         0x000000000800218a        0x2 
 .text.HAL_Init
                0x000000000800218c       0x24 ./Drivers/STM32F1xx_HAL_Driver/Src/stm32f1xx_hal.o
                0x000000000800218c                HAL_Init
 .text.HAL_IncTick
                0x00000000080021b0       0x18 ./Drivers/STM32F1xx_HAL_Driver/Src/stm32f1xx_hal.o
                0x00000000080021b0                HAL_IncTick
 .text.HAL_GetTick
                0x00000000080021c8        0xc ./Drivers/STM32F1xx_HAL_Driver/Src/stm32f1xx_hal.o
                0x00000000080021c8                HAL_GetTick
 .text.HAL_ADC_ConvCpltCallback
                0x00000000080021d4        0x2 ./Drivers/STM32F1xx_HAL_Driver/Src/stm32f1xx_hal_adc.o
                0x00000000080021d4                HAL_ADC_ConvCpltCallback
 .text.ADC_DMAConvCplt
                0x00000000080021d6       0x52 ./Drivers/STM32F1xx_HAL_Driver/Src/stm32f1xx_hal_adc.o
                0x00000000080021d6                ADC_DMAConvCplt
 .text.HAL_ADC_ConvHalfCpltCallback
                0x0000000008002228        0x2 ./Drivers/STM32F1xx_HAL_Driver/Src/stm32f1xx_hal_adc.o
                0x0000000008002228                HAL_ADC_ConvHalfCpltCallback
 .text.ADC_DMAHalfConvCplt
                0x000000000800222a        0xa ./Drivers/STM32F1xx_HAL_Driver/Src/stm32f1xx_hal_adc.o
                0x000000000800222a                ADC_DMAHalfConvCplt
 .text.HAL_ADC_ErrorCallback
                0x0000000008002234        0x2 ./Drivers/STM32F1xx_HAL_Driver/Src/stm32f1xx_hal_adc.o
                0x0000000008002234                HAL_ADC_ErrorCallback
 .text.ADC_DMAError
                0x0000000008002236       0x1a ./Drivers/STM32F1xx_HAL_Driver/Src/stm32f1xx_hal_adc.o
                0x0000000008002236                ADC_DMAError
 .text.HAL_ADC_ConfigChannel
                0x0000000008002250      0x14c ./Drivers/STM32F1xx_HAL_Driver/Src/stm32f1xx_hal_adc.o
                0x0000000008002250                HAL_ADC_ConfigChannel
 .text.ADC_Enable
                0x000000000800239c       0x98 ./Drivers/STM32F1xx_HAL_Driver/Src/stm32f1xx_hal_adc.o
                0x000000000800239c                ADC_Enable
 .text.HAL_ADC_Start_DMA
                0x0000000008002434      0x128 ./Drivers/STM32F1xx_HAL_Driver/Src/stm32f1xx_hal_adc.o
                0x0000000008002434                HAL_ADC_Start_DMA
 .text.ADC_ConversionStop_Disable
                0x000000000800255c       0x64 ./Drivers/STM32F1xx_HAL_Driver/Src/stm32f1xx_hal_adc.o
                0x000000000800255c                ADC_ConversionStop_Disable
 .text.HAL_ADC_Init
                0x00000000080025c0      0x108 ./Drivers/STM32F1xx_HAL_Driver/Src/stm32f1xx_hal_adc.o
                0x00000000080025c0                HAL_ADC_Init
 .text.HAL_ADC_Stop_DMA
                0x00000000080026c8       0x5e ./Drivers/STM32F1xx_HAL_Driver/Src/stm32f1xx_hal_adc.o
                0x00000000080026c8                HAL_ADC_Stop_DMA
 *fill*         0x0000000008002726        0x2 
 .text.HAL_NVIC_SetPriorityGrouping
                0x0000000008002728       0x24 ./Drivers/STM32F1xx_HAL_Driver/Src/stm32f1xx_hal_cortex.o
                0x0000000008002728                HAL_NVIC_SetPriorityGrouping
 .text.HAL_NVIC_SetPriority
                0x000000000800274c       0x6c ./Drivers/STM32F1xx_HAL_Driver/Src/stm32f1xx_hal_cortex.o
                0x000000000800274c                HAL_NVIC_SetPriority
 .text.HAL_NVIC_EnableIRQ
                0x00000000080027b8       0x1c ./Drivers/STM32F1xx_HAL_Driver/Src/stm32f1xx_hal_cortex.o
                0x00000000080027b8                HAL_NVIC_EnableIRQ
 .text.HAL_DMA_Init
                0x00000000080027d4       0x6c ./Drivers/STM32F1xx_HAL_Driver/Src/stm32f1xx_hal_dma.o
                0x00000000080027d4                HAL_DMA_Init
 .text.HAL_DMA_Start_IT
                0x0000000008002840       0x9e ./Drivers/STM32F1xx_HAL_Driver/Src/stm32f1xx_hal_dma.o
                0x0000000008002840                HAL_DMA_Start_IT
 .text.HAL_DMA_Abort
                0x00000000080028de       0x46 ./Drivers/STM32F1xx_HAL_Driver/Src/stm32f1xx_hal_dma.o
                0x00000000080028de                HAL_DMA_Abort
 .text.HAL_DMA_Abort_IT
                0x0000000008002924       0x98 ./Drivers/STM32F1xx_HAL_Driver/Src/stm32f1xx_hal_dma.o
                0x0000000008002924                HAL_DMA_Abort_IT
 .text.HAL_DMA_IRQHandler
                0x00000000080029bc      0x140 ./Drivers/STM32F1xx_HAL_Driver/Src/stm32f1xx_hal_dma.o
                0x00000000080029bc                HAL_DMA_IRQHandler
 .text.HAL_GPIO_Init
                0x0000000008002afc      0x274 ./Drivers/STM32F1xx_HAL_Driver/Src/stm32f1xx_hal_gpio.o
                0x0000000008002afc                HAL_GPIO_Init
 .text.HAL_GPIO_ReadPin
                0x0000000008002d70        0xc ./Drivers/STM32F1xx_HAL_Driver/Src/stm32f1xx_hal_gpio.o
                0x0000000008002d70                HAL_GPIO_ReadPin
 .text.HAL_GPIO_WritePin
                0x0000000008002d7c        0xc ./Drivers/STM32F1xx_HAL_Driver/Src/stm32f1xx_hal_gpio.o
                0x0000000008002d7c                HAL_GPIO_WritePin
 .text.HAL_GPIO_TogglePin
                0x0000000008002d88       0x12 ./Drivers/STM32F1xx_HAL_Driver/Src/stm32f1xx_hal_gpio.o
                0x0000000008002d88                HAL_GPIO_TogglePin
 *fill*         0x0000000008002d9a        0x2 
 .text.HAL_RCC_OscConfig
                0x0000000008002d9c      0x42c ./Drivers/STM32F1xx_HAL_Driver/Src/stm32f1xx_hal_rcc.o
                0x0000000008002d9c                HAL_RCC_OscConfig
 .text.HAL_RCC_GetSysClockFreq
                0x00000000080031c8       0x54 ./Drivers/STM32F1xx_HAL_Driver/Src/stm32f1xx_hal_rcc.o
                0x00000000080031c8                HAL_RCC_GetSysClockFreq
 .text.HAL_RCC_ClockConfig
                0x000000000800321c      0x170 ./Drivers/STM32F1xx_HAL_Driver/Src/stm32f1xx_hal_rcc.o
                0x000000000800321c                HAL_RCC_ClockConfig
 .text.HAL_RCC_GetPCLK1Freq
                0x000000000800338c       0x20 ./Drivers/STM32F1xx_HAL_Driver/Src/stm32f1xx_hal_rcc.o
                0x000000000800338c                HAL_RCC_GetPCLK1Freq
 .text.HAL_RCC_GetPCLK2Freq
                0x00000000080033ac       0x20 ./Drivers/STM32F1xx_HAL_Driver/Src/stm32f1xx_hal_rcc.o
                0x00000000080033ac                HAL_RCC_GetPCLK2Freq
 .text.HAL_RCC_GetClockConfig
                0x00000000080033cc       0x3c ./Drivers/STM32F1xx_HAL_Driver/Src/stm32f1xx_hal_rcc.o
                0x00000000080033cc                HAL_RCC_GetClockConfig
 .text.HAL_RCCEx_PeriphCLKConfig
                0x0000000008003408      0x11c ./Drivers/STM32F1xx_HAL_Driver/Src/stm32f1xx_hal_rcc_ex.o
                0x0000000008003408                HAL_RCCEx_PeriphCLKConfig
 .text.TIM_OC1_SetConfig
                0x0000000008003524       0x54 ./Drivers/STM32F1xx_HAL_Driver/Src/stm32f1xx_hal_tim.o
 .text.TIM_OC3_SetConfig
                0x0000000008003578       0x58 ./Drivers/STM32F1xx_HAL_Driver/Src/stm32f1xx_hal_tim.o
 .text.TIM_OC4_SetConfig
                0x00000000080035d0       0x48 ./Drivers/STM32F1xx_HAL_Driver/Src/stm32f1xx_hal_tim.o
 .text.HAL_TIM_Base_Start_IT
                0x0000000008003618       0x68 ./Drivers/STM32F1xx_HAL_Driver/Src/stm32f1xx_hal_tim.o
                0x0000000008003618                HAL_TIM_Base_Start_IT
 .text.HAL_TIM_Base_Stop_IT
                0x0000000008003680       0x32 ./Drivers/STM32F1xx_HAL_Driver/Src/stm32f1xx_hal_tim.o
                0x0000000008003680                HAL_TIM_Base_Stop_IT
 .text.HAL_TIM_PWM_MspInit
                0x00000000080036b2        0x2 ./Drivers/STM32F1xx_HAL_Driver/Src/stm32f1xx_hal_tim.o
                0x00000000080036b2                HAL_TIM_PWM_MspInit
 .text.HAL_TIM_OC_DelayElapsedCallback
                0x00000000080036b4        0x2 ./Drivers/STM32F1xx_HAL_Driver/Src/stm32f1xx_hal_tim.o
                0x00000000080036b4                HAL_TIM_OC_DelayElapsedCallback
 .text.HAL_TIM_IC_CaptureCallback
                0x00000000080036b6        0x2 ./Drivers/STM32F1xx_HAL_Driver/Src/stm32f1xx_hal_tim.o
                0x00000000080036b6                HAL_TIM_IC_CaptureCallback
 .text.HAL_TIM_PWM_PulseFinishedCallback
                0x00000000080036b8        0x2 ./Drivers/STM32F1xx_HAL_Driver/Src/stm32f1xx_hal_tim.o
                0x00000000080036b8                HAL_TIM_PWM_PulseFinishedCallback
 .text.HAL_TIM_TriggerCallback
                0x00000000080036ba        0x2 ./Drivers/STM32F1xx_HAL_Driver/Src/stm32f1xx_hal_tim.o
                0x00000000080036ba                HAL_TIM_TriggerCallback
 .text.HAL_TIM_IRQHandler
                0x00000000080036bc      0x17a ./Drivers/STM32F1xx_HAL_Driver/Src/stm32f1xx_hal_tim.o
                0x00000000080036bc                HAL_TIM_IRQHandler
 *fill*         0x0000000008003836        0x2 
 .text.TIM_Base_SetConfig
                0x0000000008003838       0x9c ./Drivers/STM32F1xx_HAL_Driver/Src/stm32f1xx_hal_tim.o
                0x0000000008003838                TIM_Base_SetConfig
 .text.HAL_TIM_Base_Init
                0x00000000080038d4       0x58 ./Drivers/STM32F1xx_HAL_Driver/Src/stm32f1xx_hal_tim.o
                0x00000000080038d4                HAL_TIM_Base_Init
 .text.HAL_TIM_PWM_Init
                0x000000000800392c       0x58 ./Drivers/STM32F1xx_HAL_Driver/Src/stm32f1xx_hal_tim.o
                0x000000000800392c                HAL_TIM_PWM_Init
 .text.TIM_OC2_SetConfig
                0x0000000008003984       0x5c ./Drivers/STM32F1xx_HAL_Driver/Src/stm32f1xx_hal_tim.o
                0x0000000008003984                TIM_OC2_SetConfig
 .text.HAL_TIM_PWM_ConfigChannel
                0x00000000080039e0       0xdc ./Drivers/STM32F1xx_HAL_Driver/Src/stm32f1xx_hal_tim.o
                0x00000000080039e0                HAL_TIM_PWM_ConfigChannel
 .text.TIM_ETR_SetConfig
                0x0000000008003abc       0x18 ./Drivers/STM32F1xx_HAL_Driver/Src/stm32f1xx_hal_tim.o
                0x0000000008003abc                TIM_ETR_SetConfig
 .text.HAL_TIM_ConfigClockSource
                0x0000000008003ad4      0x16a ./Drivers/STM32F1xx_HAL_Driver/Src/stm32f1xx_hal_tim.o
                0x0000000008003ad4                HAL_TIM_ConfigClockSource
 *fill*         0x0000000008003c3e        0x2 
 .text.HAL_TIMEx_MasterConfigSynchronization
                0x0000000008003c40       0x68 ./Drivers/STM32F1xx_HAL_Driver/Src/stm32f1xx_hal_tim_ex.o
                0x0000000008003c40                HAL_TIMEx_MasterConfigSynchronization
 .text.HAL_TIMEx_CommutCallback
                0x0000000008003ca8        0x2 ./Drivers/STM32F1xx_HAL_Driver/Src/stm32f1xx_hal_tim_ex.o
                0x0000000008003ca8                HAL_TIMEx_CommutCallback
 .text.HAL_TIMEx_BreakCallback
                0x0000000008003caa        0x2 ./Drivers/STM32F1xx_HAL_Driver/Src/stm32f1xx_hal_tim_ex.o
                0x0000000008003caa                HAL_TIMEx_BreakCallback
 .text.UART_EndRxTransfer
                0x0000000008003cac       0x5c ./Drivers/STM32F1xx_HAL_Driver/Src/stm32f1xx_hal_uart.o
 .text.UART_SetConfig
                0x0000000008003d08       0x8c ./Drivers/STM32F1xx_HAL_Driver/Src/stm32f1xx_hal_uart.o
 .text.HAL_UART_Init
                0x0000000008003d94       0x60 ./Drivers/STM32F1xx_HAL_Driver/Src/stm32f1xx_hal_uart.o
                0x0000000008003d94                HAL_UART_Init
 .text.HAL_UART_Transmit_IT
                0x0000000008003df4       0x38 ./Drivers/STM32F1xx_HAL_Driver/Src/stm32f1xx_hal_uart.o
                0x0000000008003df4                HAL_UART_Transmit_IT
 .text.HAL_UART_ErrorCallback
                0x0000000008003e2c        0x2 ./Drivers/STM32F1xx_HAL_Driver/Src/stm32f1xx_hal_uart.o
                0x0000000008003e2c                HAL_UART_ErrorCallback
 .text.UART_DMAAbortOnError
                0x0000000008003e2e       0x10 ./Drivers/STM32F1xx_HAL_Driver/Src/stm32f1xx_hal_uart.o
 .text.HAL_UART_AbortReceiveCpltCallback
                0x0000000008003e3e        0x2 ./Drivers/STM32F1xx_HAL_Driver/Src/stm32f1xx_hal_uart.o
                0x0000000008003e3e                HAL_UART_AbortReceiveCpltCallback
 .text.HAL_UART_AbortReceive_IT
                0x0000000008003e40       0xbc ./Drivers/STM32F1xx_HAL_Driver/Src/stm32f1xx_hal_uart.o
                0x0000000008003e40                HAL_UART_AbortReceive_IT
 .text.UART_DMARxOnlyAbortCallback
                0x0000000008003efc       0x16 ./Drivers/STM32F1xx_HAL_Driver/Src/stm32f1xx_hal_uart.o
 .text.HAL_UARTEx_RxEventCallback
                0x0000000008003f12        0x2 ./Drivers/STM32F1xx_HAL_Driver/Src/stm32f1xx_hal_uart.o
                0x0000000008003f12                HAL_UARTEx_RxEventCallback
 .text.UART_Receive_IT
                0x0000000008003f14       0xe0 ./Drivers/STM32F1xx_HAL_Driver/Src/stm32f1xx_hal_uart.o
 .text.HAL_UART_IRQHandler
                0x0000000008003ff4      0x2fc ./Drivers/STM32F1xx_HAL_Driver/Src/stm32f1xx_hal_uart.o
                0x0000000008003ff4                HAL_UART_IRQHandler
 .text.UART_Start_Receive_IT
                0x00000000080042f0       0x36 ./Drivers/STM32F1xx_HAL_Driver/Src/stm32f1xx_hal_uart.o
                0x00000000080042f0                UART_Start_Receive_IT
 .text.HAL_UART_Receive_IT
                0x0000000008004326       0x26 ./Drivers/STM32F1xx_HAL_Driver/Src/stm32f1xx_hal_uart.o
                0x0000000008004326                HAL_UART_Receive_IT
 .text.eMBMasterInit
                0x000000000800434c       0xa4 ./FreeModbus/Src/mb_m.o
                0x000000000800434c                eMBMasterInit
 .text.eMBMasterEnable
                0x00000000080043f0       0x24 ./FreeModbus/Src/mb_m.o
                0x00000000080043f0                eMBMasterEnable
 .text.eMBMasterPoll
                0x0000000008004414      0x1e0 ./FreeModbus/Src/mb_m.o
                0x0000000008004414                eMBMasterPoll
 .text.ucMBMasterGetDestAddress
                0x00000000080045f4        0xc ./FreeModbus/Src/mb_m.o
                0x00000000080045f4                ucMBMasterGetDestAddress
 .text.vMBMasterSetDestAddress
                0x0000000008004600        0xc ./FreeModbus/Src/mb_m.o
                0x0000000008004600                vMBMasterSetDestAddress
 .text.vMBMasterSetErrorType
                0x000000000800460c        0xc ./FreeModbus/Src/mb_m.o
                0x000000000800460c                vMBMasterSetErrorType
 .text.usMBCRC16
                0x0000000008004618       0x44 ./FreeModbus/Src/mbcrc.o
                0x0000000008004618                usMBCRC16
 .text.eMBMasterFuncReadCoils
                0x000000000800465c       0x6c ./FreeModbus/Src/mbfunccoils_m.o
                0x000000000800465c                eMBMasterFuncReadCoils
 .text.eMBMasterFuncWriteCoil
                0x00000000080046c8       0x5a ./FreeModbus/Src/mbfunccoils_m.o
                0x00000000080046c8                eMBMasterFuncWriteCoil
 .text.eMBMasterFuncWriteMultipleCoils
                0x0000000008004722       0x68 ./FreeModbus/Src/mbfunccoils_m.o
                0x0000000008004722                eMBMasterFuncWriteMultipleCoils
 .text.eMBMasterFuncReadDiscreteInputs
                0x000000000800478a       0x6a ./FreeModbus/Src/mbfuncdisc_m.o
                0x000000000800478a                eMBMasterFuncReadDiscreteInputs
 .text.eMBMasterFuncWriteHoldingRegister
                0x00000000080047f4       0x2c ./FreeModbus/Src/mbfuncholding_m.o
                0x00000000080047f4                eMBMasterFuncWriteHoldingRegister
 .text.eMBMasterReqWriteMultipleHoldingRegister
                0x0000000008004820       0x90 ./FreeModbus/Src/mbfuncholding_m.o
                0x0000000008004820                eMBMasterReqWriteMultipleHoldingRegister
 .text.eMBMasterFuncWriteMultipleHoldingRegister
                0x00000000080048b0       0x52 ./FreeModbus/Src/mbfuncholding_m.o
                0x00000000080048b0                eMBMasterFuncWriteMultipleHoldingRegister
 .text.eMBMasterFuncReadHoldingRegister
                0x0000000008004902       0x5c ./FreeModbus/Src/mbfuncholding_m.o
                0x0000000008004902                eMBMasterFuncReadHoldingRegister
 .text.eMBMasterFuncReadWriteMultipleHoldingRegister
                0x000000000800495e       0x76 ./FreeModbus/Src/mbfuncholding_m.o
                0x000000000800495e                eMBMasterFuncReadWriteMultipleHoldingRegister
 .text.eMBMasterReqReadInputRegister
                0x00000000080049d4       0x58 ./FreeModbus/Src/mbfuncinput_m.o
                0x00000000080049d4                eMBMasterReqReadInputRegister
 .text.eMBMasterFuncReadInputRegister
                0x0000000008004a2c       0x5a ./FreeModbus/Src/mbfuncinput_m.o
                0x0000000008004a2c                eMBMasterFuncReadInputRegister
 *fill*         0x0000000008004a86        0x2 
 .text.eMBFuncReportSlaveID
                0x0000000008004a88       0x24 ./FreeModbus/Src/mbfuncother.o
                0x0000000008004a88                eMBFuncReportSlaveID
 .text.eMBMasterRTUInit
                0x0000000008004aac       0x36 ./FreeModbus/Src/mbrtu_m.o
                0x0000000008004aac                eMBMasterRTUInit
 *fill*         0x0000000008004ae2        0x2 
 .text.eMBMasterRTUStart
                0x0000000008004ae4       0x20 ./FreeModbus/Src/mbrtu_m.o
                0x0000000008004ae4                eMBMasterRTUStart
 .text.eMBMasterRTUStop
                0x0000000008004b04       0x18 ./FreeModbus/Src/mbrtu_m.o
                0x0000000008004b04                eMBMasterRTUStop
 .text.eMBMasterRTUReceive
                0x0000000008004b1c       0x50 ./FreeModbus/Src/mbrtu_m.o
                0x0000000008004b1c                eMBMasterRTUReceive
 .text.eMBMasterRTUSend
                0x0000000008004b6c       0x9c ./FreeModbus/Src/mbrtu_m.o
                0x0000000008004b6c                eMBMasterRTUSend
 .text.xMBMasterRTUReceiveFSM
                0x0000000008004c08       0x98 ./FreeModbus/Src/mbrtu_m.o
                0x0000000008004c08                xMBMasterRTUReceiveFSM
 .text.xMBMasterRTUTransmitFSM
                0x0000000008004ca0       0x88 ./FreeModbus/Src/mbrtu_m.o
                0x0000000008004ca0                xMBMasterRTUTransmitFSM
 .text.xMBMasterRTUTimerExpired
                0x0000000008004d28       0x98 ./FreeModbus/Src/mbrtu_m.o
                0x0000000008004d28                xMBMasterRTUTimerExpired
 .text.vMBMasterGetPDUSndBuf
                0x0000000008004dc0        0xc ./FreeModbus/Src/mbrtu_m.o
                0x0000000008004dc0                vMBMasterGetPDUSndBuf
 .text.vMBMasterSetPDUSndLength
                0x0000000008004dcc        0xc ./FreeModbus/Src/mbrtu_m.o
                0x0000000008004dcc                vMBMasterSetPDUSndLength
 .text.usMBMasterGetPDUSndLength
                0x0000000008004dd8        0xc ./FreeModbus/Src/mbrtu_m.o
                0x0000000008004dd8                usMBMasterGetPDUSndLength
 .text.vMBMasterSetCurTimerMode
                0x0000000008004de4        0xc ./FreeModbus/Src/mbrtu_m.o
                0x0000000008004de4                vMBMasterSetCurTimerMode
 .text.xMBMasterRequestIsBroadcast
                0x0000000008004df0        0xc ./FreeModbus/Src/mbrtu_m.o
                0x0000000008004df0                xMBMasterRequestIsBroadcast
 .text.xMBUtilSetBits
                0x0000000008004dfc       0x44 ./FreeModbus/Src/mbutils.o
                0x0000000008004dfc                xMBUtilSetBits
 .text.prveMBError2Exception
                0x0000000008004e40       0x18 ./FreeModbus/Src/mbutils.o
                0x0000000008004e40                prveMBError2Exception
 .text.EnterCriticalSection
                0x0000000008004e58        0x2 ./FreeModbus/Src/port.o
                0x0000000008004e58                EnterCriticalSection
 .text.ExitCriticalSection
                0x0000000008004e5a        0x2 ./FreeModbus/Src/port.o
                0x0000000008004e5a                ExitCriticalSection
 .text.xMBMasterPortEventInit
                0x0000000008004e5c       0x14 ./FreeModbus/Src/portevent_m.o
                0x0000000008004e5c                xMBMasterPortEventInit
 .text.xMBMasterPortEventPost
                0x0000000008004e70       0xbc ./FreeModbus/Src/portevent_m.o
                0x0000000008004e70                xMBMasterPortEventPost
 .text.xMBMasterPortEventGet
                0x0000000008004f2c       0x5c ./FreeModbus/Src/portevent_m.o
                0x0000000008004f2c                xMBMasterPortEventGet
 .text.vMBMasterOsResInit
                0x0000000008004f88       0x10 ./FreeModbus/Src/portevent_m.o
                0x0000000008004f88                vMBMasterOsResInit
 .text.xMBMasterRunResTake
                0x0000000008004f98       0x18 ./FreeModbus/Src/portevent_m.o
                0x0000000008004f98                xMBMasterRunResTake
 .text.vMBMasterRunResRelease
                0x0000000008004fb0       0x18 ./FreeModbus/Src/portevent_m.o
                0x0000000008004fb0                vMBMasterRunResRelease
 .text.vMBMasterErrorCBRespondTimeout
                0x0000000008004fc8       0x14 ./FreeModbus/Src/portevent_m.o
                0x0000000008004fc8                vMBMasterErrorCBRespondTimeout
 .text.vMBMasterErrorCBReceiveData
                0x0000000008004fdc       0x14 ./FreeModbus/Src/portevent_m.o
                0x0000000008004fdc                vMBMasterErrorCBReceiveData
 .text.vMBMasterErrorCBExecuteFunction
                0x0000000008004ff0       0x14 ./FreeModbus/Src/portevent_m.o
                0x0000000008004ff0                vMBMasterErrorCBExecuteFunction
 .text.vMBMasterCBRequestScuuess
                0x0000000008005004       0x14 ./FreeModbus/Src/portevent_m.o
                0x0000000008005004                vMBMasterCBRequestScuuess
 .text.eMBMasterWaitRequestFinish
                0x0000000008005018       0x4c ./FreeModbus/Src/portevent_m.o
                0x0000000008005018                eMBMasterWaitRequestFinish
 .text.xMBMasterPortSerialInit
                0x0000000008005064       0x58 ./FreeModbus/Src/portserial_m.o
                0x0000000008005064                xMBMasterPortSerialInit
 .text.vMBMasterPortSerialEnable
                0x00000000080050bc       0x64 ./FreeModbus/Src/portserial_m.o
                0x00000000080050bc                vMBMasterPortSerialEnable
 .text.xMBMasterPortSerialPutByte
                0x0000000008005120       0x20 ./FreeModbus/Src/portserial_m.o
                0x0000000008005120                xMBMasterPortSerialPutByte
 .text.xMBMasterPortSerialGetByte
                0x0000000008005140       0x10 ./FreeModbus/Src/portserial_m.o
                0x0000000008005140                xMBMasterPortSerialGetByte
 .text.HAL_UART_TxCpltCallback
                0x0000000008005150       0x38 ./FreeModbus/Src/portserial_m.o
                0x0000000008005150                HAL_UART_TxCpltCallback
 .text.StartUARTTask
                0x0000000008005188       0x38 ./FreeModbus/Src/portserial_m.o
                0x0000000008005188                StartUARTTask
 .text.HAL_UART_RxCpltCallback
                0x00000000080051c0       0x2c ./FreeModbus/Src/portserial_m.o
                0x00000000080051c0                HAL_UART_RxCpltCallback
 .text.xMBMasterPortTimersInit
                0x00000000080051ec        0xa ./FreeModbus/Src/porttimer_m.o
                0x00000000080051ec                xMBMasterPortTimersInit
 .text.vMBMasterPortTimersT35Enable
                0x00000000080051f6        0xe ./FreeModbus/Src/porttimer_m.o
                0x00000000080051f6                vMBMasterPortTimersT35Enable
 .text.vMBMasterPortTimersConvertDelayEnable
                0x0000000008005204       0x14 ./FreeModbus/Src/porttimer_m.o
                0x0000000008005204                vMBMasterPortTimersConvertDelayEnable
 .text.vMBMasterPortTimersRespondTimeoutEnable
                0x0000000008005218       0x14 ./FreeModbus/Src/porttimer_m.o
                0x0000000008005218                vMBMasterPortTimersRespondTimeoutEnable
 .text.vMBMasterPortTimersDisable
                0x000000000800522c        0xc ./FreeModbus/Src/porttimer_m.o
                0x000000000800522c                vMBMasterPortTimersDisable
 .text.prvvTIMERExpiredISR
                0x0000000008005238       0x10 ./FreeModbus/Src/porttimer_m.o
                0x0000000008005238                prvvTIMERExpiredISR
 .text.eMBMasterRegInputCB
                0x0000000008005248       0x68 ./FreeModbus/Src/user_mb_app_m.o
                0x0000000008005248                eMBMasterRegInputCB
 .text.eMBMasterRegHoldingCB
                0x00000000080052b0       0x6c ./FreeModbus/Src/user_mb_app_m.o
                0x00000000080052b0                eMBMasterRegHoldingCB
 .text.eMBMasterRegCoilsCB
                0x000000000800531c       0x9c ./FreeModbus/Src/user_mb_app_m.o
                0x000000000800531c                eMBMasterRegCoilsCB
 .text.eMBMasterRegDiscreteCB
                0x00000000080053b8       0x98 ./FreeModbus/Src/user_mb_app_m.o
                0x00000000080053b8                eMBMasterRegDiscreteCB
 .text.osKernelInitialize
                0x0000000008005450       0x48 ./Middlewares/Third_Party/FreeRTOS/Source/CMSIS_RTOS_V2/cmsis_os2.o
                0x0000000008005450                osKernelInitialize
 .text.osKernelStart
                0x0000000008005498       0x50 ./Middlewares/Third_Party/FreeRTOS/Source/CMSIS_RTOS_V2/cmsis_os2.o
                0x0000000008005498                osKernelStart
 .text.osThreadNew
                0x00000000080054e8       0xcc ./Middlewares/Third_Party/FreeRTOS/Source/CMSIS_RTOS_V2/cmsis_os2.o
                0x00000000080054e8                osThreadNew
 .text.osDelay  0x00000000080055b4       0x44 ./Middlewares/Third_Party/FreeRTOS/Source/CMSIS_RTOS_V2/cmsis_os2.o
                0x00000000080055b4                osDelay
 .text.osEventFlagsNew
                0x00000000080055f8       0x50 ./Middlewares/Third_Party/FreeRTOS/Source/CMSIS_RTOS_V2/cmsis_os2.o
                0x00000000080055f8                osEventFlagsNew
 .text.osSemaphoreNew
                0x0000000008005648       0xe8 ./Middlewares/Third_Party/FreeRTOS/Source/CMSIS_RTOS_V2/cmsis_os2.o
                0x0000000008005648                osSemaphoreNew
 .text.vApplicationGetIdleTaskMemory
                0x0000000008005730       0x18 ./Middlewares/Third_Party/FreeRTOS/Source/CMSIS_RTOS_V2/cmsis_os2.o
                0x0000000008005730                vApplicationGetIdleTaskMemory
 .text.vApplicationGetTimerTaskMemory
                0x0000000008005748       0x18 ./Middlewares/Third_Party/FreeRTOS/Source/CMSIS_RTOS_V2/cmsis_os2.o
                0x0000000008005748                vApplicationGetTimerTaskMemory
 .text.xEventGroupCreateStatic
                0x0000000008005760       0x4a ./Middlewares/Third_Party/FreeRTOS/Source/event_groups.o
                0x0000000008005760                xEventGroupCreateStatic
 .text.xEventGroupCreate
                0x00000000080057aa       0x1c ./Middlewares/Third_Party/FreeRTOS/Source/event_groups.o
                0x00000000080057aa                xEventGroupCreate
 .text.xEventGroupWaitBits
                0x00000000080057c6      0x116 ./Middlewares/Third_Party/FreeRTOS/Source/event_groups.o
                0x00000000080057c6                xEventGroupWaitBits
 .text.xEventGroupSetBits
                0x00000000080058dc       0x92 ./Middlewares/Third_Party/FreeRTOS/Source/event_groups.o
                0x00000000080058dc                xEventGroupSetBits
 .text.vEventGroupSetBitsCallback
                0x000000000800596e        0x8 ./Middlewares/Third_Party/FreeRTOS/Source/event_groups.o
                0x000000000800596e                vEventGroupSetBitsCallback
 *fill*         0x0000000008005976        0x2 
 .text.xEventGroupSetBitsFromISR
                0x0000000008005978       0x14 ./Middlewares/Third_Party/FreeRTOS/Source/event_groups.o
                0x0000000008005978                xEventGroupSetBitsFromISR
 .text.vListInitialise
                0x000000000800598c       0x16 ./Middlewares/Third_Party/FreeRTOS/Source/list.o
                0x000000000800598c                vListInitialise
 .text.vListInitialiseItem
                0x00000000080059a2        0x6 ./Middlewares/Third_Party/FreeRTOS/Source/list.o
                0x00000000080059a2                vListInitialiseItem
 .text.vListInsertEnd
                0x00000000080059a8       0x16 ./Middlewares/Third_Party/FreeRTOS/Source/list.o
                0x00000000080059a8                vListInsertEnd
 .text.vListInsert
                0x00000000080059be       0x32 ./Middlewares/Third_Party/FreeRTOS/Source/list.o
                0x00000000080059be                vListInsert
 .text.uxListRemove
                0x00000000080059f0       0x24 ./Middlewares/Third_Party/FreeRTOS/Source/list.o
                0x00000000080059f0                uxListRemove
 .text.prvIsQueueEmpty
                0x0000000008005a14       0x16 ./Middlewares/Third_Party/FreeRTOS/Source/queue.o
 .text.prvCopyDataToQueue
                0x0000000008005a2a       0x76 ./Middlewares/Third_Party/FreeRTOS/Source/queue.o
 .text.prvCopyDataFromQueue
                0x0000000008005aa0       0x24 ./Middlewares/Third_Party/FreeRTOS/Source/queue.o
 .text.prvUnlockQueue
                0x0000000008005ac4       0x76 ./Middlewares/Third_Party/FreeRTOS/Source/queue.o
 .text.xQueueGenericReset
                0x0000000008005b3a       0x84 ./Middlewares/Third_Party/FreeRTOS/Source/queue.o
                0x0000000008005b3a                xQueueGenericReset
 .text.xQueueGenericCreateStatic
                0x0000000008005bbe       0xac ./Middlewares/Third_Party/FreeRTOS/Source/queue.o
                0x0000000008005bbe                xQueueGenericCreateStatic
 .text.xQueueGenericCreate
                0x0000000008005c6a       0x50 ./Middlewares/Third_Party/FreeRTOS/Source/queue.o
                0x0000000008005c6a                xQueueGenericCreate
 .text.xQueueCreateCountingSemaphoreStatic
                0x0000000008005cba       0x46 ./Middlewares/Third_Party/FreeRTOS/Source/queue.o
                0x0000000008005cba                xQueueCreateCountingSemaphoreStatic
 .text.xQueueCreateCountingSemaphore
                0x0000000008005d00       0x3c ./Middlewares/Third_Party/FreeRTOS/Source/queue.o
                0x0000000008005d00                xQueueCreateCountingSemaphore
 .text.xQueueGenericSend
                0x0000000008005d3c      0x198 ./Middlewares/Third_Party/FreeRTOS/Source/queue.o
                0x0000000008005d3c                xQueueGenericSend
 .text.xQueueGenericSendFromISR
                0x0000000008005ed4       0xcc ./Middlewares/Third_Party/FreeRTOS/Source/queue.o
                0x0000000008005ed4                xQueueGenericSendFromISR
 .text.xQueueReceive
                0x0000000008005fa0      0x164 ./Middlewares/Third_Party/FreeRTOS/Source/queue.o
                0x0000000008005fa0                xQueueReceive
 .text.xQueueSemaphoreTake
                0x0000000008006104      0x1a6 ./Middlewares/Third_Party/FreeRTOS/Source/queue.o
                0x0000000008006104                xQueueSemaphoreTake
 *fill*         0x00000000080062aa        0x2 
 .text.vQueueAddToRegistry
                0x00000000080062ac       0x28 ./Middlewares/Third_Party/FreeRTOS/Source/queue.o
                0x00000000080062ac                vQueueAddToRegistry
 .text.vQueueUnregisterQueue
                0x00000000080062d4       0x2c ./Middlewares/Third_Party/FreeRTOS/Source/queue.o
                0x00000000080062d4                vQueueUnregisterQueue
 .text.vQueueDelete
                0x0000000008006300       0x2c ./Middlewares/Third_Party/FreeRTOS/Source/queue.o
                0x0000000008006300                vQueueDelete
 .text.vQueueWaitForMessageRestricted
                0x000000000800632c       0x4e ./Middlewares/Third_Party/FreeRTOS/Source/queue.o
                0x000000000800632c                vQueueWaitForMessageRestricted
 *fill*         0x000000000800637a        0x2 
 .text.prvResetNextTaskUnblockTime
                0x000000000800637c       0x2c ./Middlewares/Third_Party/FreeRTOS/Source/tasks.o
 .text.prvInitialiseNewTask
                0x00000000080063a8       0xb8 ./Middlewares/Third_Party/FreeRTOS/Source/tasks.o
 .text.prvAddNewTaskToReadyList
                0x0000000008006460      0x100 ./Middlewares/Third_Party/FreeRTOS/Source/tasks.o
 .text.prvDeleteTCB
                0x0000000008006560       0x40 ./Middlewares/Third_Party/FreeRTOS/Source/tasks.o
 .text.prvIdleTask
                0x00000000080065a0       0x68 ./Middlewares/Third_Party/FreeRTOS/Source/tasks.o
 .text.prvAddCurrentTaskToDelayedList
                0x0000000008006608       0x7c ./Middlewares/Third_Party/FreeRTOS/Source/tasks.o
 .text.xTaskCreateStatic
                0x0000000008006684       0x74 ./Middlewares/Third_Party/FreeRTOS/Source/tasks.o
                0x0000000008006684                xTaskCreateStatic
 .text.xTaskCreate
                0x00000000080066f8       0x64 ./Middlewares/Third_Party/FreeRTOS/Source/tasks.o
                0x00000000080066f8                xTaskCreate
 .text.vTaskStartScheduler
                0x000000000800675c       0x9c ./Middlewares/Third_Party/FreeRTOS/Source/tasks.o
                0x000000000800675c                vTaskStartScheduler
 .text.vTaskSuspendAll
                0x00000000080067f8       0x10 ./Middlewares/Third_Party/FreeRTOS/Source/tasks.o
                0x00000000080067f8                vTaskSuspendAll
 .text.xTaskGetTickCount
                0x0000000008006808        0xc ./Middlewares/Third_Party/FreeRTOS/Source/tasks.o
                0x0000000008006808                xTaskGetTickCount
 .text.xTaskIncrementTick
                0x0000000008006814      0x134 ./Middlewares/Third_Party/FreeRTOS/Source/tasks.o
                0x0000000008006814                xTaskIncrementTick
 .text.xTaskResumeAll
                0x0000000008006948      0x104 ./Middlewares/Third_Party/FreeRTOS/Source/tasks.o
                0x0000000008006948                xTaskResumeAll
 .text.vTaskDelay
                0x0000000008006a4c       0x4c ./Middlewares/Third_Party/FreeRTOS/Source/tasks.o
                0x0000000008006a4c                vTaskDelay
 .text.vTaskSwitchContext
                0x0000000008006a98       0xac ./Middlewares/Third_Party/FreeRTOS/Source/tasks.o
                0x0000000008006a98                vTaskSwitchContext
 .text.vTaskPlaceOnEventList
                0x0000000008006b44       0x30 ./Middlewares/Third_Party/FreeRTOS/Source/tasks.o
                0x0000000008006b44                vTaskPlaceOnEventList
 .text.vTaskPlaceOnUnorderedEventList
                0x0000000008006b74       0x58 ./Middlewares/Third_Party/FreeRTOS/Source/tasks.o
                0x0000000008006b74                vTaskPlaceOnUnorderedEventList
 .text.vTaskPlaceOnEventListRestricted
                0x0000000008006bcc       0x3c ./Middlewares/Third_Party/FreeRTOS/Source/tasks.o
                0x0000000008006bcc                vTaskPlaceOnEventListRestricted
 .text.xTaskRemoveFromEventList
                0x0000000008006c08       0x88 ./Middlewares/Third_Party/FreeRTOS/Source/tasks.o
                0x0000000008006c08                xTaskRemoveFromEventList
 .text.vTaskRemoveFromUnorderedEventList
                0x0000000008006c90       0x88 ./Middlewares/Third_Party/FreeRTOS/Source/tasks.o
                0x0000000008006c90                vTaskRemoveFromUnorderedEventList
 .text.vTaskInternalSetTimeOutState
                0x0000000008006d18       0x18 ./Middlewares/Third_Party/FreeRTOS/Source/tasks.o
                0x0000000008006d18                vTaskInternalSetTimeOutState
 .text.xTaskCheckForTimeOut
                0x0000000008006d30       0x84 ./Middlewares/Third_Party/FreeRTOS/Source/tasks.o
                0x0000000008006d30                xTaskCheckForTimeOut
 .text.vTaskMissedYield
                0x0000000008006db4        0xc ./Middlewares/Third_Party/FreeRTOS/Source/tasks.o
                0x0000000008006db4                vTaskMissedYield
 .text.xTaskGetSchedulerState
                0x0000000008006dc0       0x20 ./Middlewares/Third_Party/FreeRTOS/Source/tasks.o
                0x0000000008006dc0                xTaskGetSchedulerState
 .text.xTaskPriorityInherit
                0x0000000008006de0       0x98 ./Middlewares/Third_Party/FreeRTOS/Source/tasks.o
                0x0000000008006de0                xTaskPriorityInherit
 .text.xTaskPriorityDisinherit
                0x0000000008006e78       0x90 ./Middlewares/Third_Party/FreeRTOS/Source/tasks.o
                0x0000000008006e78                xTaskPriorityDisinherit
 .text.vTaskPriorityDisinheritAfterTimeout
                0x0000000008006f08       0xa0 ./Middlewares/Third_Party/FreeRTOS/Source/tasks.o
                0x0000000008006f08                vTaskPriorityDisinheritAfterTimeout
 .text.uxTaskResetEventItemValue
                0x0000000008006fa8       0x18 ./Middlewares/Third_Party/FreeRTOS/Source/tasks.o
                0x0000000008006fa8                uxTaskResetEventItemValue
 .text.pvTaskIncrementMutexHeldCount
                0x0000000008006fc0       0x1c ./Middlewares/Third_Party/FreeRTOS/Source/tasks.o
                0x0000000008006fc0                pvTaskIncrementMutexHeldCount
 .text.prvInsertTimerInActiveList
                0x0000000008006fdc       0x48 ./Middlewares/Third_Party/FreeRTOS/Source/timers.o
 .text.prvCheckForValidListAndQueue
                0x0000000008007024       0x70 ./Middlewares/Third_Party/FreeRTOS/Source/timers.o
 .text.xTimerCreateTimerTask
                0x0000000008007094       0x64 ./Middlewares/Third_Party/FreeRTOS/Source/timers.o
                0x0000000008007094                xTimerCreateTimerTask
 .text.xTimerGenericCommand
                0x00000000080070f8       0x60 ./Middlewares/Third_Party/FreeRTOS/Source/timers.o
                0x00000000080070f8                xTimerGenericCommand
 .text.prvSampleTimeNow
                0x0000000008007158       0xac ./Middlewares/Third_Party/FreeRTOS/Source/timers.o
 .text.prvTimerTask
                0x0000000008007204      0x1e4 ./Middlewares/Third_Party/FreeRTOS/Source/timers.o
 .text.xTimerPendFunctionCallFromISR
                0x00000000080073e8       0x28 ./Middlewares/Third_Party/FreeRTOS/Source/timers.o
                0x00000000080073e8                xTimerPendFunctionCallFromISR
 .text.prvTaskExitError
                0x0000000008007410       0x40 ./Middlewares/Third_Party/FreeRTOS/Source/portable/GCC/ARM_CM3/port.o
 .text.prvPortStartFirstTask
                0x0000000008007450       0x20 ./Middlewares/Third_Party/FreeRTOS/Source/portable/GCC/ARM_CM3/port.o
 .text.pxPortInitialiseStack
                0x0000000008007470       0x24 ./Middlewares/Third_Party/FreeRTOS/Source/portable/GCC/ARM_CM3/port.o
                0x0000000008007470                pxPortInitialiseStack
 *fill*         0x0000000008007494        0xc 
 .text.SVC_Handler
                0x00000000080074a0       0x24 ./Middlewares/Third_Party/FreeRTOS/Source/portable/GCC/ARM_CM3/port.o
                0x00000000080074a0                SVC_Handler
 .text.vPortEnterCritical
                0x00000000080074c4       0x44 ./Middlewares/Third_Party/FreeRTOS/Source/portable/GCC/ARM_CM3/port.o
                0x00000000080074c4                vPortEnterCritical
 .text.vPortExitCritical
                0x0000000008007508       0x2c ./Middlewares/Third_Party/FreeRTOS/Source/portable/GCC/ARM_CM3/port.o
                0x0000000008007508                vPortExitCritical
 *fill*         0x0000000008007534        0xc 
 .text.PendSV_Handler
                0x0000000008007540       0x44 ./Middlewares/Third_Party/FreeRTOS/Source/portable/GCC/ARM_CM3/port.o
                0x0000000008007540                PendSV_Handler
 .text.SysTick_Handler
                0x0000000008007584       0x2c ./Middlewares/Third_Party/FreeRTOS/Source/portable/GCC/ARM_CM3/port.o
                0x0000000008007584                SysTick_Handler
 .text.vPortSetupTimerInterrupt
                0x00000000080075b0       0x28 ./Middlewares/Third_Party/FreeRTOS/Source/portable/GCC/ARM_CM3/port.o
                0x00000000080075b0                vPortSetupTimerInterrupt
 .text.xPortStartScheduler
                0x00000000080075d8       0xc4 ./Middlewares/Third_Party/FreeRTOS/Source/portable/GCC/ARM_CM3/port.o
                0x00000000080075d8                xPortStartScheduler
 .text.vPortValidateInterruptPriority
                0x000000000800769c       0x5c ./Middlewares/Third_Party/FreeRTOS/Source/portable/GCC/ARM_CM3/port.o
                0x000000000800769c                vPortValidateInterruptPriority
 .text.prvInsertBlockIntoFreeList
                0x00000000080076f8       0x60 ./Middlewares/Third_Party/FreeRTOS/Source/portable/MemMang/heap_4.o
 .text.pvPortMalloc
                0x0000000008007758      0x12c ./Middlewares/Third_Party/FreeRTOS/Source/portable/MemMang/heap_4.o
                0x0000000008007758                pvPortMalloc
 .text.vPortFree
                0x0000000008007884       0x6c ./Middlewares/Third_Party/FreeRTOS/Source/portable/MemMang/heap_4.o
                0x0000000008007884                vPortFree
 .text.__libc_init_array
                0x00000000080078f0       0x48 c:/st/stm32cubeide_1.12.0/stm32cubeide/plugins/com.st.stm32cube.ide.mcu.externaltools.gnu-tools-for-stm32.10.3-2021.10.win32_1.0.200.202301161003/tools/bin/../lib/gcc/arm-none-eabi/10.3.1/../../../../arm-none-eabi/lib/thumb/v7-m/nofp\libc_nano.a(lib_a-init.o)
                0x00000000080078f0                __libc_init_array
 .text.__retarget_lock_acquire_recursive
                0x0000000008007938        0x2 c:/st/stm32cubeide_1.12.0/stm32cubeide/plugins/com.st.stm32cube.ide.mcu.externaltools.gnu-tools-for-stm32.10.3-2021.10.win32_1.0.200.202301161003/tools/bin/../lib/gcc/arm-none-eabi/10.3.1/../../../../arm-none-eabi/lib/thumb/v7-m/nofp\libc_nano.a(lib_a-lock.o)
                0x0000000008007938                __retarget_lock_acquire_recursive
 .text.__retarget_lock_release_recursive
                0x000000000800793a        0x2 c:/st/stm32cubeide_1.12.0/stm32cubeide/plugins/com.st.stm32cube.ide.mcu.externaltools.gnu-tools-for-stm32.10.3-2021.10.win32_1.0.200.202301161003/tools/bin/../lib/gcc/arm-none-eabi/10.3.1/../../../../arm-none-eabi/lib/thumb/v7-m/nofp\libc_nano.a(lib_a-lock.o)
                0x000000000800793a                __retarget_lock_release_recursive
 .text.memcpy   0x000000000800793c       0x1c c:/st/stm32cubeide_1.12.0/stm32cubeide/plugins/com.st.stm32cube.ide.mcu.externaltools.gnu-tools-for-stm32.10.3-2021.10.win32_1.0.200.202301161003/tools/bin/../lib/gcc/arm-none-eabi/10.3.1/../../../../arm-none-eabi/lib/thumb/v7-m/nofp\libc_nano.a(lib_a-memcpy-stub.o)
                0x000000000800793c                memcpy
 .text.memset   0x0000000008007958       0x10 c:/st/stm32cubeide_1.12.0/stm32cubeide/plugins/com.st.stm32cube.ide.mcu.externaltools.gnu-tools-for-stm32.10.3-2021.10.win32_1.0.200.202301161003/tools/bin/../lib/gcc/arm-none-eabi/10.3.1/../../../../arm-none-eabi/lib/thumb/v7-m/nofp\libc_nano.a(lib_a-memset.o)
                0x0000000008007958                memset
 .text.cleanup_glue
                0x0000000008007968       0x1a c:/st/stm32cubeide_1.12.0/stm32cubeide/plugins/com.st.stm32cube.ide.mcu.externaltools.gnu-tools-for-stm32.10.3-2021.10.win32_1.0.200.202301161003/tools/bin/../lib/gcc/arm-none-eabi/10.3.1/../../../../arm-none-eabi/lib/thumb/v7-m/nofp\libc_nano.a(lib_a-reent.o)
                0x0000000008007968                cleanup_glue
 *fill*         0x0000000008007982        0x2 
 .text._reclaim_reent
                0x0000000008007984       0xb8 c:/st/stm32cubeide_1.12.0/stm32cubeide/plugins/com.st.stm32cube.ide.mcu.externaltools.gnu-tools-for-stm32.10.3-2021.10.win32_1.0.200.202301161003/tools/bin/../lib/gcc/arm-none-eabi/10.3.1/../../../../arm-none-eabi/lib/thumb/v7-m/nofp\libc_nano.a(lib_a-reent.o)
                0x0000000008007984                _reclaim_reent
 .text.__malloc_lock
                0x0000000008007a3c        0xc c:/st/stm32cubeide_1.12.0/stm32cubeide/plugins/com.st.stm32cube.ide.mcu.externaltools.gnu-tools-for-stm32.10.3-2021.10.win32_1.0.200.202301161003/tools/bin/../lib/gcc/arm-none-eabi/10.3.1/../../../../arm-none-eabi/lib/thumb/v7-m/nofp\libc_nano.a(lib_a-mlock.o)
                0x0000000008007a3c                __malloc_lock
 .text.__malloc_unlock
                0x0000000008007a48        0xc c:/st/stm32cubeide_1.12.0/stm32cubeide/plugins/com.st.stm32cube.ide.mcu.externaltools.gnu-tools-for-stm32.10.3-2021.10.win32_1.0.200.202301161003/tools/bin/../lib/gcc/arm-none-eabi/10.3.1/../../../../arm-none-eabi/lib/thumb/v7-m/nofp\libc_nano.a(lib_a-mlock.o)
                0x0000000008007a48                __malloc_unlock
 .text._free_r  0x0000000008007a54       0x90 c:/st/stm32cubeide_1.12.0/stm32cubeide/plugins/com.st.stm32cube.ide.mcu.externaltools.gnu-tools-for-stm32.10.3-2021.10.win32_1.0.200.202301161003/tools/bin/../lib/gcc/arm-none-eabi/10.3.1/../../../../arm-none-eabi/lib/thumb/v7-m/nofp\libc_nano.a(lib_a-nano-freer.o)
                0x0000000008007a54                _free_r
 *(.glue_7)
 .glue_7        0x0000000008007ae4        0x0 linker stubs
 *(.glue_7t)
 .glue_7t       0x0000000008007ae4        0x0 linker stubs
 *(.eh_frame)
 .eh_frame      0x0000000008007ae4        0x0 c:/st/stm32cubeide_1.12.0/stm32cubeide/plugins/com.st.stm32cube.ide.mcu.externaltools.gnu-tools-for-stm32.10.3-2021.10.win32_1.0.200.202301161003/tools/bin/../lib/gcc/arm-none-eabi/10.3.1/thumb/v7-m/nofp/crtbegin.o
 *(.init)
 .init          0x0000000008007ae4        0x4 c:/st/stm32cubeide_1.12.0/stm32cubeide/plugins/com.st.stm32cube.ide.mcu.externaltools.gnu-tools-for-stm32.10.3-2021.10.win32_1.0.200.202301161003/tools/bin/../lib/gcc/arm-none-eabi/10.3.1/thumb/v7-m/nofp/crti.o
                0x0000000008007ae4                _init
 .init          0x0000000008007ae8        0x8 c:/st/stm32cubeide_1.12.0/stm32cubeide/plugins/com.st.stm32cube.ide.mcu.externaltools.gnu-tools-for-stm32.10.3-2021.10.win32_1.0.200.202301161003/tools/bin/../lib/gcc/arm-none-eabi/10.3.1/thumb/v7-m/nofp/crtn.o
 *(.fini)
 .fini          0x0000000008007af0        0x4 c:/st/stm32cubeide_1.12.0/stm32cubeide/plugins/com.st.stm32cube.ide.mcu.externaltools.gnu-tools-for-stm32.10.3-2021.10.win32_1.0.200.202301161003/tools/bin/../lib/gcc/arm-none-eabi/10.3.1/thumb/v7-m/nofp/crti.o
                0x0000000008007af0                _fini
 .fini          0x0000000008007af4        0x8 c:/st/stm32cubeide_1.12.0/stm32cubeide/plugins/com.st.stm32cube.ide.mcu.externaltools.gnu-tools-for-stm32.10.3-2021.10.win32_1.0.200.202301161003/tools/bin/../lib/gcc/arm-none-eabi/10.3.1/thumb/v7-m/nofp/crtn.o
                0x0000000008007afc                . = ALIGN (0x4)
                0x0000000008007afc                _etext = .

.vfp11_veneer   0x0000000008007afc        0x0
 .vfp11_veneer  0x0000000008007afc        0x0 linker stubs

.v4_bx          0x0000000008007afc        0x0
 .v4_bx         0x0000000008007afc        0x0 linker stubs

.iplt           0x0000000008007afc        0x0
 .iplt          0x0000000008007afc        0x0 c:/st/stm32cubeide_1.12.0/stm32cubeide/plugins/com.st.stm32cube.ide.mcu.externaltools.gnu-tools-for-stm32.10.3-2021.10.win32_1.0.200.202301161003/tools/bin/../lib/gcc/arm-none-eabi/10.3.1/thumb/v7-m/nofp/crtbegin.o

.rodata         0x0000000008007afc      0x560
                0x0000000008007afc                . = ALIGN (0x4)
 *(.rodata)
 *(.rodata*)
 .rodata.B57164CalPoint
                0x0000000008007afc       0x2c ./Core/Src/din_dout.o
                0x0000000008007afc                B57164CalPoint
 .rodata.CalPoint
                0x0000000008007b28       0x50 ./Core/Src/din_dout.o
                0x0000000008007b28                CalPoint
 .rodata.xDinPortConfig
                0x0000000008007b78       0x60 ./Core/Src/din_dout.o
                0x0000000008007b78                xDinPortConfig
 .rodata.str1.4
                0x0000000008007bd8       0x6c ./Core/Src/main.o
 .rodata.DIN_DOUT_attributes
                0x0000000008007c44       0x24 ./Core/Src/main.o
                0x0000000008007c44                DIN_DOUT_attributes
 .rodata.DataTask_attributes
                0x0000000008007c68       0x24 ./Core/Src/main.o
                0x0000000008007c68                DataTask_attributes
 .rodata.MBTask_attributes
                0x0000000008007c8c       0x24 ./Core/Src/main.o
                0x0000000008007c8c                MBTask_attributes
 .rodata.UARTTask_attributes
                0x0000000008007cb0       0x24 ./Core/Src/main.o
                0x0000000008007cb0                UARTTask_attributes
 .rodata.defaultTask_attributes
                0x0000000008007cd4       0x24 ./Core/Src/main.o
                0x0000000008007cd4                defaultTask_attributes
 .rodata.mbSem_attributes
                0x0000000008007cf8       0x10 ./Core/Src/main.o
                0x0000000008007cf8                mbSem_attributes
 .rodata.xOSEvent_attributes
                0x0000000008007d08       0x10 ./Core/Src/main.o
                0x0000000008007d08                xOSEvent_attributes
 .rodata.xSystemControlEvent_attributes
                0x0000000008007d18       0x10 ./Core/Src/main.o
                0x0000000008007d18                xSystemControlEvent_attributes
 .rodata.xUARTEvnet_attributes
                0x0000000008007d28       0x10 ./Core/Src/main.o
                0x0000000008007d28                xUARTEvnet_attributes
 .rodata.AHBPrescTable
                0x0000000008007d38       0x10 ./Core/Src/system_stm32f1xx.o
                0x0000000008007d38                AHBPrescTable
 .rodata.APBPrescTable
                0x0000000008007d48        0x8 ./Core/Src/system_stm32f1xx.o
                0x0000000008007d48                APBPrescTable
 .rodata.aPLLMULFactorTable.1
                0x0000000008007d50       0x10 ./Drivers/STM32F1xx_HAL_Driver/Src/stm32f1xx_hal_rcc.o
 .rodata.aPredivFactorTable.0
                0x0000000008007d60        0x2 ./Drivers/STM32F1xx_HAL_Driver/Src/stm32f1xx_hal_rcc.o
 *fill*         0x0000000008007d62        0x2 
 .rodata.xMasterFuncHandlers
                0x0000000008007d64       0x80 ./FreeModbus/Src/mb_m.o
 .rodata.aucCRCHi
                0x0000000008007de4      0x100 ./FreeModbus/Src/mbcrc.o
 .rodata.aucCRCLo
                0x0000000008007ee4      0x100 ./FreeModbus/Src/mbcrc.o
 .rodata.vTaskStartScheduler.str1.4
                0x0000000008007fe4        0x5 ./Middlewares/Third_Party/FreeRTOS/Source/tasks.o
 *fill*         0x0000000008007fe9        0x3 
 .rodata.prvCheckForValidListAndQueue.str1.4
                0x0000000008007fec        0x5 ./Middlewares/Third_Party/FreeRTOS/Source/timers.o
 *fill*         0x0000000008007ff1        0x3 
 .rodata.xTimerCreateTimerTask.str1.4
                0x0000000008007ff4        0x8 ./Middlewares/Third_Party/FreeRTOS/Source/timers.o
 .rodata.__sf_fake_stderr
                0x0000000008007ffc       0x20 c:/st/stm32cubeide_1.12.0/stm32cubeide/plugins/com.st.stm32cube.ide.mcu.externaltools.gnu-tools-for-stm32.10.3-2021.10.win32_1.0.200.202301161003/tools/bin/../lib/gcc/arm-none-eabi/10.3.1/../../../../arm-none-eabi/lib/thumb/v7-m/nofp\libc_nano.a(lib_a-findfp.o)
                0x0000000008007ffc                __sf_fake_stderr
 .rodata.__sf_fake_stdin
                0x000000000800801c       0x20 c:/st/stm32cubeide_1.12.0/stm32cubeide/plugins/com.st.stm32cube.ide.mcu.externaltools.gnu-tools-for-stm32.10.3-2021.10.win32_1.0.200.202301161003/tools/bin/../lib/gcc/arm-none-eabi/10.3.1/../../../../arm-none-eabi/lib/thumb/v7-m/nofp\libc_nano.a(lib_a-findfp.o)
                0x000000000800801c                __sf_fake_stdin
 .rodata.__sf_fake_stdout
                0x000000000800803c       0x20 c:/st/stm32cubeide_1.12.0/stm32cubeide/plugins/com.st.stm32cube.ide.mcu.externaltools.gnu-tools-for-stm32.10.3-2021.10.win32_1.0.200.202301161003/tools/bin/../lib/gcc/arm-none-eabi/10.3.1/../../../../arm-none-eabi/lib/thumb/v7-m/nofp\libc_nano.a(lib_a-findfp.o)
                0x000000000800803c                __sf_fake_stdout
                0x000000000800805c                . = ALIGN (0x4)

.rel.dyn        0x000000000800805c        0x0
 .rel.iplt      0x000000000800805c        0x0 c:/st/stm32cubeide_1.12.0/stm32cubeide/plugins/com.st.stm32cube.ide.mcu.externaltools.gnu-tools-for-stm32.10.3-2021.10.win32_1.0.200.202301161003/tools/bin/../lib/gcc/arm-none-eabi/10.3.1/thumb/v7-m/nofp/crtbegin.o

.ARM.extab      0x000000000800805c        0x0
                0x000000000800805c                . = ALIGN (0x4)
 *(.ARM.extab* .gnu.linkonce.armextab.*)
                0x000000000800805c                . = ALIGN (0x4)

.ARM            0x000000000800805c        0x0
                0x000000000800805c                . = ALIGN (0x4)
                0x000000000800805c                __exidx_start = .
 *(.ARM.exidx*)
                0x000000000800805c                __exidx_end = .
                0x000000000800805c                . = ALIGN (0x4)

.preinit_array  0x000000000800805c        0x0
                0x000000000800805c                . = ALIGN (0x4)
                0x000000000800805c                PROVIDE (__preinit_array_start = .)
 *(.preinit_array*)
                0x000000000800805c                PROVIDE (__preinit_array_end = .)
                0x000000000800805c                . = ALIGN (0x4)

.init_array     0x000000000800805c        0x4
                0x000000000800805c                . = ALIGN (0x4)
                0x000000000800805c                PROVIDE (__init_array_start = .)
 *(SORT_BY_NAME(.init_array.*))
 *(.init_array*)
 .init_array    0x000000000800805c        0x4 c:/st/stm32cubeide_1.12.0/stm32cubeide/plugins/com.st.stm32cube.ide.mcu.externaltools.gnu-tools-for-stm32.10.3-2021.10.win32_1.0.200.202301161003/tools/bin/../lib/gcc/arm-none-eabi/10.3.1/thumb/v7-m/nofp/crtbegin.o
                0x0000000008008060                PROVIDE (__init_array_end = .)
                0x0000000008008060                . = ALIGN (0x4)

.fini_array     0x0000000008008060        0x4
                0x0000000008008060                . = ALIGN (0x4)
                [!provide]                        PROVIDE (__fini_array_start = .)
 *(SORT_BY_NAME(.fini_array.*))
 *(.fini_array*)
 .fini_array    0x0000000008008060        0x4 c:/st/stm32cubeide_1.12.0/stm32cubeide/plugins/com.st.stm32cube.ide.mcu.externaltools.gnu-tools-for-stm32.10.3-2021.10.win32_1.0.200.202301161003/tools/bin/../lib/gcc/arm-none-eabi/10.3.1/thumb/v7-m/nofp/crtbegin.o
                [!provide]                        PROVIDE (__fini_array_end = .)
                0x0000000008008064                . = ALIGN (0x4)
                0x0000000008008064                _sidata = LOADADDR (.data)

.data           0x0000000020000000       0x80 load address 0x0000000008008064
                0x0000000020000000                . = ALIGN (0x4)
                0x0000000020000000                _sdata = .
 *(.data)
 *(.data*)
 .data.mster_control_addres
                0x0000000020000000        0x1 ./Core/Src/mainFSM.o
                0x0000000020000000                mster_control_addres
 *fill*         0x0000000020000001        0x3 
 .data.SystemCoreClock
                0x0000000020000004        0x4 ./Core/Src/system_stm32f1xx.o
                0x0000000020000004                SystemCoreClock
 .data.uwTickFreq
                0x0000000020000008        0x1 ./Drivers/STM32F1xx_HAL_Driver/Src/stm32f1xx_hal.o
                0x0000000020000008                uwTickFreq
 *fill*         0x0000000020000009        0x3 
 .data.uwTickPrio
                0x000000002000000c        0x4 ./Drivers/STM32F1xx_HAL_Driver/Src/stm32f1xx_hal.o
                0x000000002000000c                uwTickPrio
 .data.eMBState
                0x0000000020000010        0x1 ./FreeModbus/Src/mb_m.o
 *fill*         0x0000000020000011        0x1 
 .data.usMCoilStart
                0x0000000020000012        0x2 ./FreeModbus/Src/user_mb_app_m.o
                0x0000000020000012                usMCoilStart
 .data.usMRegHoldStart
                0x0000000020000014        0x2 ./FreeModbus/Src/user_mb_app_m.o
                0x0000000020000014                usMRegHoldStart
 .data.usMRegInStart
                0x0000000020000016        0x2 ./FreeModbus/Src/user_mb_app_m.o
                0x0000000020000016                usMRegInStart
 .data.uxCriticalNesting
                0x0000000020000018        0x4 ./Middlewares/Third_Party/FreeRTOS/Source/portable/GCC/ARM_CM3/port.o
 .data._impure_ptr
                0x000000002000001c        0x4 c:/st/stm32cubeide_1.12.0/stm32cubeide/plugins/com.st.stm32cube.ide.mcu.externaltools.gnu-tools-for-stm32.10.3-2021.10.win32_1.0.200.202301161003/tools/bin/../lib/gcc/arm-none-eabi/10.3.1/../../../../arm-none-eabi/lib/thumb/v7-m/nofp\libc_nano.a(lib_a-impure.o)
                0x000000002000001c                _impure_ptr
 .data.impure_data
                0x0000000020000020       0x60 c:/st/stm32cubeide_1.12.0/stm32cubeide/plugins/com.st.stm32cube.ide.mcu.externaltools.gnu-tools-for-stm32.10.3-2021.10.win32_1.0.200.202301161003/tools/bin/../lib/gcc/arm-none-eabi/10.3.1/../../../../arm-none-eabi/lib/thumb/v7-m/nofp\libc_nano.a(lib_a-impure.o)
 *(.RamFunc)
 *(.RamFunc*)
                0x0000000020000080                . = ALIGN (0x4)
                0x0000000020000080                _edata = .

.igot.plt       0x0000000020000080        0x0 load address 0x00000000080080e4
 .igot.plt      0x0000000020000080        0x0 c:/st/stm32cubeide_1.12.0/stm32cubeide/plugins/com.st.stm32cube.ide.mcu.externaltools.gnu-tools-for-stm32.10.3-2021.10.win32_1.0.200.202301161003/tools/bin/../lib/gcc/arm-none-eabi/10.3.1/thumb/v7-m/nofp/crtbegin.o
                0x0000000020000080                . = ALIGN (0x4)

.bss            0x0000000020000080     0x3a50 load address 0x00000000080080e4
                0x0000000020000080                _sbss = .
                0x0000000020000080                __bss_start__ = _sbss
 *(.bss)
 .bss           0x0000000020000080       0x1c c:/st/stm32cubeide_1.12.0/stm32cubeide/plugins/com.st.stm32cube.ide.mcu.externaltools.gnu-tools-for-stm32.10.3-2021.10.win32_1.0.200.202301161003/tools/bin/../lib/gcc/arm-none-eabi/10.3.1/thumb/v7-m/nofp/crtbegin.o
 *(.bss*)
 .bss.usCurMaxIndex
                0x000000002000009c        0x2 ./Core/Src/ain.o
 *fill*         0x000000002000009e        0x2 
 .bss.xAinData  0x00000000200000a0        0x6 ./Core/Src/ain.o
 *fill*         0x00000000200000a6        0x2 
 .bss.xKoofData
                0x00000000200000a8      0x2ac ./Core/Src/ain.o
 .bss.ADC1_DMABuffer
                0x0000000020000354       0x12 ./Core/Src/din_dout.o
 *fill*         0x0000000020000366        0x2 
 .bss.ADC_OLD_RAW
                0x0000000020000368        0x6 ./Core/Src/din_dout.o
 *fill*         0x000000002000036e        0x2 
 .bss.ADC_RAW   0x0000000020000370        0x6 ./Core/Src/din_dout.o
 .bss.DataReadyFlag
                0x0000000020000376        0x1 ./Core/Src/din_dout.o
 *fill*         0x0000000020000377        0x1 
 .bss.timeout   0x0000000020000378        0x2 ./Core/Src/din_dout.o
 .bss.timer     0x000000002000037a        0x2 ./Core/Src/din_dout.o
 .bss.timerR    0x000000002000037c        0x2 ./Core/Src/din_dout.o
 *fill*         0x000000002000037e        0x2 
 .bss.xDinConfig
                0x0000000020000380       0xc0 ./Core/Src/din_dout.o
 .bss.xHigherPriorityTaskWoken.0
                0x0000000020000440        0x4 ./Core/Src/din_dout.o
 .bss.xSystemEventGroupHandle
                0x0000000020000444        0x4 ./Core/Src/din_dout.o
 .bss.DIN_DOUTBuffer
                0x0000000020000448      0x280 ./Core/Src/main.o
                0x0000000020000448                DIN_DOUTBuffer
 .bss.DIN_DOUTControlBlock
                0x00000000200006c8       0xbc ./Core/Src/main.o
                0x00000000200006c8                DIN_DOUTControlBlock
 .bss.DIN_DOUTHandle
                0x0000000020000784        0x4 ./Core/Src/main.o
                0x0000000020000784                DIN_DOUTHandle
 .bss.DataTaskBuffer
                0x0000000020000788      0x400 ./Core/Src/main.o
                0x0000000020000788                DataTaskBuffer
 .bss.DataTaskControlBlock
                0x0000000020000b88       0xbc ./Core/Src/main.o
                0x0000000020000b88                DataTaskControlBlock
 .bss.DataTaskHandle
                0x0000000020000c44        0x4 ./Core/Src/main.o
                0x0000000020000c44                DataTaskHandle
 .bss.MBTaskBuffer
                0x0000000020000c48      0x408 ./Core/Src/main.o
                0x0000000020000c48                MBTaskBuffer
 .bss.MBTaskControlBlock
                0x0000000020001050       0xbc ./Core/Src/main.o
                0x0000000020001050                MBTaskControlBlock
 .bss.MBTaskHandle
                0x000000002000110c        0x4 ./Core/Src/main.o
                0x000000002000110c                MBTaskHandle
 .bss.UARTTaskBuffer
                0x0000000020001110      0x200 ./Core/Src/main.o
                0x0000000020001110                UARTTaskBuffer
 .bss.UARTTaskControlBlock
                0x0000000020001310       0xbc ./Core/Src/main.o
                0x0000000020001310                UARTTaskControlBlock
 .bss.UARTTaskHandle
                0x00000000200013cc        0x4 ./Core/Src/main.o
                0x00000000200013cc                UARTTaskHandle
 .bss.defaultTaskBuffer
                0x00000000200013d0      0x200 ./Core/Src/main.o
                0x00000000200013d0                defaultTaskBuffer
 .bss.defaultTaskControlBlock
                0x00000000200015d0       0xbc ./Core/Src/main.o
                0x00000000200015d0                defaultTaskControlBlock
 .bss.defaultTaskHandle
                0x000000002000168c        0x4 ./Core/Src/main.o
                0x000000002000168c                defaultTaskHandle
 .bss.hadc1     0x0000000020001690       0x30 ./Core/Src/main.o
                0x0000000020001690                hadc1
 .bss.hdma_adc1
                0x00000000200016c0       0x44 ./Core/Src/main.o
                0x00000000200016c0                hdma_adc1
 .bss.htim2     0x0000000020001704       0x48 ./Core/Src/main.o
                0x0000000020001704                htim2
 .bss.htim3     0x000000002000174c       0x48 ./Core/Src/main.o
                0x000000002000174c                htim3
 .bss.htim4     0x0000000020001794       0x48 ./Core/Src/main.o
                0x0000000020001794                htim4
 .bss.huart1    0x00000000200017dc       0x48 ./Core/Src/main.o
                0x00000000200017dc                huart1
 .bss.mbSemControlBlock
                0x0000000020001824       0x50 ./Core/Src/main.o
                0x0000000020001824                mbSemControlBlock
 .bss.mbSemHandle
                0x0000000020001874        0x4 ./Core/Src/main.o
                0x0000000020001874                mbSemHandle
 .bss.respond_timeout
                0x0000000020001878        0x2 ./Core/Src/main.o
 .bss.timer_res
                0x000000002000187a        0x2 ./Core/Src/main.o
                0x000000002000187a                timer_res
 .bss.xOSEventControlBlock
                0x000000002000187c       0x20 ./Core/Src/main.o
                0x000000002000187c                xOSEventControlBlock
 .bss.xOSEventHandle
                0x000000002000189c        0x4 ./Core/Src/main.o
                0x000000002000189c                xOSEventHandle
 .bss.xSystemControlEventControlBlock
                0x00000000200018a0       0x20 ./Core/Src/main.o
                0x00000000200018a0                xSystemControlEventControlBlock
 .bss.xSystemControlEventHandle
                0x00000000200018c0        0x4 ./Core/Src/main.o
                0x00000000200018c0                xSystemControlEventHandle
 .bss.xUARTEvnetControlBlock
                0x00000000200018c4       0x20 ./Core/Src/main.o
                0x00000000200018c4                xUARTEvnetControlBlock
 .bss.xUARTEvnetHandle
                0x00000000200018e4        0x4 ./Core/Src/main.o
                0x00000000200018e4                xUARTEvnetHandle
 .bss.con_err_count
                0x00000000200018e8        0x1 ./Core/Src/mainFSM.o
                0x00000000200018e8                con_err_count
 .bss.connection
                0x00000000200018e9        0x1 ./Core/Src/mainFSM.o
                0x00000000200018e9                connection
 .bss.connection_error
                0x00000000200018ea        0x1 ./Core/Src/mainFSM.o
                0x00000000200018ea                connection_error
 .bss.datatemp  0x00000000200018eb        0x1 ./Core/Src/mainFSM.o
                0x00000000200018eb                datatemp
 .bss.errorCode
                0x00000000200018ec        0x1 ./Core/Src/mainFSM.o
                0x00000000200018ec                errorCode
 *fill*         0x00000000200018ed        0x3 
 .bss.input_regs
                0x00000000200018f0       0x14 ./Core/Src/mainFSM.o
                0x00000000200018f0                input_regs
 .bss.mastersendFSM
                0x0000000020001904        0x1 ./Core/Src/mainFSM.o
                0x0000000020001904                mastersendFSM
 *fill*         0x0000000020001905        0x3 
 .bss.system_regs
                0x0000000020001908       0x14 ./Core/Src/mainFSM.o
                0x0000000020001908                system_regs
 .bss.xSystemEventGroupHandle
                0x000000002000191c        0x4 ./Core/Src/mainFSM.o
 .bss.htim1     0x0000000020001920       0x48 ./Core/Src/stm32f1xx_hal_timebase_tim.o
                0x0000000020001920                htim1
 .bss.uwTick    0x0000000020001968        0x4 ./Drivers/STM32F1xx_HAL_Driver/Src/stm32f1xx_hal.o
                0x0000000020001968                uwTick
 .bss.eException.0
                0x000000002000196c        0x1 ./FreeModbus/Src/mb_m.o
 .bss.eMBMasterCurErrorType
                0x000000002000196d        0x1 ./FreeModbus/Src/mb_m.o
 *fill*         0x000000002000196e        0x2 
 .bss.peMBMasterFrameReceiveCur
                0x0000000020001970        0x4 ./FreeModbus/Src/mb_m.o
 .bss.peMBMasterFrameSendCur
                0x0000000020001974        0x4 ./FreeModbus/Src/mb_m.o
 .bss.pvMBMasterFrameCloseCur
                0x0000000020001978        0x4 ./FreeModbus/Src/mb_m.o
 .bss.pvMBMasterFrameStartCur
                0x000000002000197c        0x4 ./FreeModbus/Src/mb_m.o
 .bss.pvMBMasterFrameStopCur
                0x0000000020001980        0x4 ./FreeModbus/Src/mb_m.o
 .bss.pxMBMasterFrameCBByteReceived
                0x0000000020001984        0x4 ./FreeModbus/Src/mb_m.o
                0x0000000020001984                pxMBMasterFrameCBByteReceived
 .bss.pxMBMasterFrameCBTransmitterEmpty
                0x0000000020001988        0x4 ./FreeModbus/Src/mb_m.o
                0x0000000020001988                pxMBMasterFrameCBTransmitterEmpty
 .bss.pxMBMasterPortCBTimerExpired
                0x000000002000198c        0x4 ./FreeModbus/Src/mb_m.o
                0x000000002000198c                pxMBMasterPortCBTimerExpired
 .bss.ucMBFrame.3
                0x0000000020001990        0x4 ./FreeModbus/Src/mb_m.o
 .bss.ucMBMasterDestAddress
                0x0000000020001994        0x1 ./FreeModbus/Src/mb_m.o
 .bss.ucRcvAddress.4
                0x0000000020001995        0x1 ./FreeModbus/Src/mb_m.o
 .bss.usLength.2
                0x0000000020001996        0x2 ./FreeModbus/Src/mb_m.o
 .bss.xMBRunInMasterMode
                0x0000000020001998        0x1 ./FreeModbus/Src/mb_m.o
 *fill*         0x0000000020001999        0x3 
 .bss.ucMBSlaveID
                0x000000002000199c       0x20 ./FreeModbus/Src/mbfuncother.o
 .bss.usMBSlaveIDLen
                0x00000000200019bc        0x2 ./FreeModbus/Src/mbfuncother.o
 .bss.eMasterCurTimerMode
                0x00000000200019be        0x1 ./FreeModbus/Src/mbrtu_m.o
 .bss.eRcvState
                0x00000000200019bf        0x1 ./FreeModbus/Src/mbrtu_m.o
 .bss.eSndState
                0x00000000200019c0        0x1 ./FreeModbus/Src/mbrtu_m.o
 *fill*         0x00000000200019c1        0x3 
 .bss.pucMasterSndBufferCur
                0x00000000200019c4        0x4 ./FreeModbus/Src/mbrtu_m.o
 .bss.ucMasterRTURcvBuf
                0x00000000200019c8      0x100 ./FreeModbus/Src/mbrtu_m.o
 .bss.ucMasterRTUSndBuf
                0x0000000020001ac8       0xfd ./FreeModbus/Src/mbrtu_m.o
 *fill*         0x0000000020001bc5        0x1 
 .bss.usMasterRcvBufferPos
                0x0000000020001bc6        0x2 ./FreeModbus/Src/mbrtu_m.o
 .bss.usMasterSendPDULength
                0x0000000020001bc8        0x2 ./FreeModbus/Src/mbrtu_m.o
 .bss.usMasterSndBufferCount
                0x0000000020001bca        0x2 ./FreeModbus/Src/mbrtu_m.o
 .bss.xFrameIsBroadcast
                0x0000000020001bcc        0x1 ./FreeModbus/Src/mbrtu_m.o
 *fill*         0x0000000020001bcd        0x3 
 .bss.xMasterOsEventGroupHandle
                0x0000000020001bd0        0x4 ./FreeModbus/Src/portevent_m.o
 .bss.xSem      0x0000000020001bd4        0x4 ./FreeModbus/Src/portevent_m.o
 .bss.rx_data   0x0000000020001bd8        0x1 ./FreeModbus/Src/portserial_m.o
 .bss.rx_data_buf
                0x0000000020001bd9        0x1 ./FreeModbus/Src/portserial_m.o
 *fill*         0x0000000020001bda        0x2 
 .bss.xSerialEventGroupHandle
                0x0000000020001bdc        0x4 ./FreeModbus/Src/portserial_m.o
 .bss.ucMCoilBuf
                0x0000000020001be0       0x10 ./FreeModbus/Src/user_mb_app_m.o
                0x0000000020001be0                ucMCoilBuf
 .bss.ucMDiscInBuf
                0x0000000020001bf0       0x10 ./FreeModbus/Src/user_mb_app_m.o
                0x0000000020001bf0                ucMDiscInBuf
 .bss.usMDiscInStart
                0x0000000020001c00        0x2 ./FreeModbus/Src/user_mb_app_m.o
                0x0000000020001c00                usMDiscInStart
 *fill*         0x0000000020001c02        0x2 
 .bss.usMRegHoldBuf
                0x0000000020001c04      0x3c0 ./FreeModbus/Src/user_mb_app_m.o
                0x0000000020001c04                usMRegHoldBuf
 .bss.usMRegInBuf