Archive member included to satisfy reference by file (symbol)

c:/st/stm32cubeide_1.12.0/stm32cubeide/plugins/com.st.stm32cube.ide.mcu.externaltools.gnu-tools-for-stm32.10.3-2021.10.win32_1.0.200.202301161003/tools/bin/../lib/gcc/arm-none-eabi/10.3.1/../../../../arm-none-eabi/lib/thumb/v7-m/nofp\libc_nano.a(lib_a-errno.o)
                              ./Core/Src/syscalls.o (__errno)
c:/st/stm32cubeide_1.12.0/stm32cubeide/plugins/com.st.stm32cube.ide.mcu.externaltools.gnu-tools-for-stm32.10.3-2021.10.win32_1.0.200.202301161003/tools/bin/../lib/gcc/arm-none-eabi/10.3.1/../../../../arm-none-eabi/lib/thumb/v7-m/nofp\libc_nano.a(lib_a-exit.o)
                              c:/st/stm32cubeide_1.12.0/stm32cubeide/plugins/com.st.stm32cube.ide.mcu.externaltools.gnu-tools-for-stm32.10.3-2021.10.win32_1.0.200.202301161003/tools/bin/../lib/gcc/arm-none-eabi/10.3.1/../../../../arm-none-eabi/lib/thumb/v7-m/nofp/crt0.o (exit)
c:/st/stm32cubeide_1.12.0/stm32cubeide/plugins/com.st.stm32cube.ide.mcu.externaltools.gnu-tools-for-stm32.10.3-2021.10.win32_1.0.200.202301161003/tools/bin/../lib/gcc/arm-none-eabi/10.3.1/../../../../arm-none-eabi/lib/thumb/v7-m/nofp\libc_nano.a(lib_a-findfp.o)
                              ./Middlewares/Third_Party/FreeRTOS/Source/tasks.o (__sf_fake_stderr)
c:/st/stm32cubeide_1.12.0/stm32cubeide/plugins/com.st.stm32cube.ide.mcu.externaltools.gnu-tools-for-stm32.10.3-2021.10.win32_1.0.200.202301161003/tools/bin/../lib/gcc/arm-none-eabi/10.3.1/../../../../arm-none-eabi/lib/thumb/v7-m/nofp\libc_nano.a(lib_a-fwalk.o)
                              c:/st/stm32cubeide_1.12.0/stm32cubeide/plugins/com.st.stm32cube.ide.mcu.externaltools.gnu-tools-for-stm32.10.3-2021.10.win32_1.0.200.202301161003/tools/bin/../lib/gcc/arm-none-eabi/10.3.1/../../../../arm-none-eabi/lib/thumb/v7-m/nofp\libc_nano.a(lib_a-findfp.o) (_fwalk)
c:/st/stm32cubeide_1.12.0/stm32cubeide/plugins/com.st.stm32cube.ide.mcu.externaltools.gnu-tools-for-stm32.10.3-2021.10.win32_1.0.200.202301161003/tools/bin/../lib/gcc/arm-none-eabi/10.3.1/../../../../arm-none-eabi/lib/thumb/v7-m/nofp\libc_nano.a(lib_a-impure.o)
                              c:/st/stm32cubeide_1.12.0/stm32cubeide/plugins/com.st.stm32cube.ide.mcu.externaltools.gnu-tools-for-stm32.10.3-2021.10.win32_1.0.200.202301161003/tools/bin/../lib/gcc/arm-none-eabi/10.3.1/../../../../arm-none-eabi/lib/thumb/v7-m/nofp\libc_nano.a(lib_a-exit.o) (_global_impure_ptr)
c:/st/stm32cubeide_1.12.0/stm32cubeide/plugins/com.st.stm32cube.ide.mcu.externaltools.gnu-tools-for-stm32.10.3-2021.10.win32_1.0.200.202301161003/tools/bin/../lib/gcc/arm-none-eabi/10.3.1/../../../../arm-none-eabi/lib/thumb/v7-m/nofp\libc_nano.a(lib_a-init.o)
                              c:/st/stm32cubeide_1.12.0/stm32cubeide/plugins/com.st.stm32cube.ide.mcu.externaltools.gnu-tools-for-stm32.10.3-2021.10.win32_1.0.200.202301161003/tools/bin/../lib/gcc/arm-none-eabi/10.3.1/../../../../arm-none-eabi/lib/thumb/v7-m/nofp/crt0.o (__libc_init_array)
c:/st/stm32cubeide_1.12.0/stm32cubeide/plugins/com.st.stm32cube.ide.mcu.externaltools.gnu-tools-for-stm32.10.3-2021.10.win32_1.0.200.202301161003/tools/bin/../lib/gcc/arm-none-eabi/10.3.1/../../../../arm-none-eabi/lib/thumb/v7-m/nofp\libc_nano.a(lib_a-lock.o)
                              c:/st/stm32cubeide_1.12.0/stm32cubeide/plugins/com.st.stm32cube.ide.mcu.externaltools.gnu-tools-for-stm32.10.3-2021.10.win32_1.0.200.202301161003/tools/bin/../lib/gcc/arm-none-eabi/10.3.1/../../../../arm-none-eabi/lib/thumb/v7-m/nofp\libc_nano.a(lib_a-findfp.o) (__retarget_lock_init_recursive)
c:/st/stm32cubeide_1.12.0/stm32cubeide/plugins/com.st.stm32cube.ide.mcu.externaltools.gnu-tools-for-stm32.10.3-2021.10.win32_1.0.200.202301161003/tools/bin/../lib/gcc/arm-none-eabi/10.3.1/../../../../arm-none-eabi/lib/thumb/v7-m/nofp\libc_nano.a(lib_a-memcpy-stub.o)
                              ./FreeModbus/Src/mbfuncother.o (memcpy)
c:/st/stm32cubeide_1.12.0/stm32cubeide/plugins/com.st.stm32cube.ide.mcu.externaltools.gnu-tools-for-stm32.10.3-2021.10.win32_1.0.200.202301161003/tools/bin/../lib/gcc/arm-none-eabi/10.3.1/../../../../arm-none-eabi/lib/thumb/v7-m/nofp\libc_nano.a(lib_a-memset.o)
                              c:/st/stm32cubeide_1.12.0/stm32cubeide/plugins/com.st.stm32cube.ide.mcu.externaltools.gnu-tools-for-stm32.10.3-2021.10.win32_1.0.200.202301161003/tools/bin/../lib/gcc/arm-none-eabi/10.3.1/../../../../arm-none-eabi/lib/thumb/v7-m/nofp/crt0.o (memset)
c:/st/stm32cubeide_1.12.0/stm32cubeide/plugins/com.st.stm32cube.ide.mcu.externaltools.gnu-tools-for-stm32.10.3-2021.10.win32_1.0.200.202301161003/tools/bin/../lib/gcc/arm-none-eabi/10.3.1/../../../../arm-none-eabi/lib/thumb/v7-m/nofp\libc_nano.a(lib_a-nano-mallocr.o)
[...]
Memory Configuration

Name             Origin             Length             Attributes
RAM              0x0000000020000000 0x0000000000005000 xrw
FLASH            0x0000000008000000 0x0000000000010000 xr
*default*        0x0000000000000000 0xffffffffffffffff

Linker script and memory map

LOAD c:/st/stm32cubeide_1.12.0/stm32cubeide/plugins/com.st.stm32cube.ide.mcu.externaltools.gnu-tools-for-stm32.10.3-2021.10.win32_1.0.200.202301161003/tools/bin/../lib/gcc/arm-none-eabi/10.3.1/thumb/v7-m/nofp/crti.o
LOAD c:/st/stm32cubeide_1.12.0/stm32cubeide/plugins/com.st.stm32cube.ide.mcu.externaltools.gnu-tools-for-stm32.10.3-2021.10.win32_1.0.200.202301161003/tools/bin/../lib/gcc/arm-none-eabi/10.3.1/thumb/v7-m/nofp/crtbegin.o
LOAD c:/st/stm32cubeide_1.12.0/stm32cubeide/plugins/com.st.stm32cube.ide.mcu.externaltools.gnu-tools-for-stm32.10.3-2021.10.win32_1.0.200.202301161003/tools/bin/../lib/gcc/arm-none-eabi/10.3.1/../../../../arm-none-eabi/lib/thumb/v7-m/nofp/crt0.o
LOAD ./Core/Src/ain.o
LOAD ./Core/Src/din_dout.o
LOAD ./Core/Src/freertos.o
LOAD ./Core/Src/main.o
LOAD ./Core/Src/mainFSM.o
LOAD ./Core/Src/stm32f1xx_hal_msp.o
LOAD ./Core/Src/stm32f1xx_hal_timebase_tim.o
LOAD ./Core/Src/stm32f1xx_it.o
LOAD ./Core/Src/syscalls.o
LOAD ./Core/Src/sysmem.o
LOAD ./Core/Src/system_stm32f1xx.o
LOAD ./Core/Startup/startup_stm32f103c8tx.o
LOAD ./Drivers/STM32F1xx_HAL_Driver/Src/stm32f1xx_hal.o
LOAD ./Drivers/STM32F1xx_HAL_Driver/Src/stm32f1xx_hal_adc.o
LOAD ./Drivers/STM32F1xx_HAL_Driver/Src/stm32f1xx_hal_adc_ex.o
LOAD ./Drivers/STM32F1xx_HAL_Driver/Src/stm32f1xx_hal_cortex.o
LOAD ./Drivers/STM32F1xx_HAL_Driver/Src/stm32f1xx_hal_dma.o
LOAD ./Drivers/STM32F1xx_HAL_Driver/Src/stm32f1xx_hal_exti.o
LOAD ./Drivers/STM32F1xx_HAL_Driver/Src/stm32f1xx_hal_flash.o
LOAD ./Drivers/STM32F1xx_HAL_Driver/Src/stm32f1xx_hal_flash_ex.o
LOAD ./Drivers/STM32F1xx_HAL_Driver/Src/stm32f1xx_hal_gpio.o
LOAD ./Drivers/STM32F1xx_HAL_Driver/Src/stm32f1xx_hal_gpio_ex.o
LOAD ./Drivers/STM32F1xx_HAL_Driver/Src/stm32f1xx_hal_iwdg.o
LOAD ./Drivers/STM32F1xx_HAL_Driver/Src/stm32f1xx_hal_pwr.o
LOAD ./Drivers/STM32F1xx_HAL_Driver/Src/stm32f1xx_hal_rcc.o
LOAD ./Drivers/STM32F1xx_HAL_Driver/Src/stm32f1xx_hal_rcc_ex.o
LOAD ./Drivers/STM32F1xx_HAL_Driver/Src/stm32f1xx_hal_tim.o
LOAD ./Drivers/STM32F1xx_HAL_Driver/Src/stm32f1xx_hal_tim_ex.o
LOAD ./Drivers/STM32F1xx_HAL_Driver/Src/stm32f1xx_hal_uart.o
LOAD ./FreeModbus/Src/mb.o
LOAD ./FreeModbus/Src/mb_m.o
LOAD ./FreeModbus/Src/mbascii.o
LOAD ./FreeModbus/Src/mbcrc.o
LOAD ./FreeModbus/Src/mbfunccoils.o
LOAD ./FreeModbus/Src/mbfunccoils_m.o
LOAD ./FreeModbus/Src/mbfuncdiag.o
LOAD ./FreeModbus/Src/mbfuncdisc.o
LOAD ./FreeModbus/Src/mbfuncdisc_m.o
LOAD ./FreeModbus/Src/mbfuncholding.o
LOAD ./FreeModbus/Src/mbfuncholding_m.o
LOAD ./FreeModbus/Src/mbfuncinput.o
LOAD ./FreeModbus/Src/mbfuncinput_m.o
LOAD ./FreeModbus/Src/mbfuncother.o
LOAD ./FreeModbus/Src/mbrtu.o
LOAD ./FreeModbus/Src/mbrtu_m.o
LOAD ./FreeModbus/Src/mbtcp.o
LOAD ./FreeModbus/Src/mbutils.o
LOAD ./FreeModbus/Src/port.o
LOAD ./FreeModbus/Src/portevent.o
LOAD ./FreeModbus/Src/portevent_m.o
LOAD ./FreeModbus/Src/portserial.o
LOAD ./FreeModbus/Src/portserial_m.o
LOAD ./FreeModbus/Src/porttimer.o
LOAD ./FreeModbus/Src/porttimer_m.o
LOAD ./FreeModbus/Src/user_mb_app.o
LOAD ./FreeModbus/Src/user_mb_app_m.o
LOAD ./Middlewares/Third_Party/FreeRTOS/Source/CMSIS_RTOS_V2/cmsis_os2.o
LOAD ./Middlewares/Third_Party/FreeRTOS/Source/croutine.o
LOAD ./Middlewares/Third_Party/FreeRTOS/Source/event_groups.o
LOAD ./Middlewares/Third_Party/FreeRTOS/Source/list.o
LOAD ./Middlewares/Third_Party/FreeRTOS/Source/queue.o
LOAD ./Middlewares/Third_Party/FreeRTOS/Source/stream_buffer.o
LOAD ./Middlewares/Third_Party/FreeRTOS/Source/tasks.o
LOAD ./Middlewares/Third_Party/FreeRTOS/Source/timers.o
LOAD ./Middlewares/Third_Party/FreeRTOS/Source/portable/GCC/ARM_CM3/port.o
LOAD ./Middlewares/Third_Party/FreeRTOS/Source/portable/MemMang/heap_4.o
START GROUP
LOAD c:/st/stm32cubeide_1.12.0/stm32cubeide/plugins/com.st.stm32cube.ide.mcu.externaltools.gnu-tools-for-stm32.10.3-2021.10.win32_1.0.200.202301161003/tools/bin/../lib/gcc/arm-none-eabi/10.3.1/../../../../arm-none-eabi/lib/thumb/v7-m/nofp\libc_nano.a
LOAD c:/st/stm32cubeide_1.12.0/stm32cubeide/plugins/com.st.stm32cube.ide.mcu.externaltools.gnu-tools-for-stm32.10.3-2021.10.win32_1.0.200.202301161003/tools/bin/../lib/gcc/arm-none-eabi/10.3.1/../../../../arm-none-eabi/lib/thumb/v7-m/nofp\libm.a
END GROUP
START GROUP
LOAD c:/st/stm32cubeide_1.12.0/stm32cubeide/plugins/com.st.stm32cube.ide.mcu.externaltools.gnu-tools-for-stm32.10.3-2021.10.win32_1.0.200.202301161003/tools/bin/../lib/gcc/arm-none-eabi/10.3.1/thumb/v7-m/nofp\libgcc.a
LOAD c:/st/stm32cubeide_1.12.0/stm32cubeide/plugins/com.st.stm32cube.ide.mcu.externaltools.gnu-tools-for-stm32.10.3-2021.10.win32_1.0.200.202301161003/tools/bin/../lib/gcc/arm-none-eabi/10.3.1/../../../../arm-none-eabi/lib/thumb/v7-m/nofp\libc_nano.a
END GROUP
START GROUP
LOAD c:/st/stm32cubeide_1.12.0/stm32cubeide/plugins/com.st.stm32cube.ide.mcu.externaltools.gnu-tools-for-stm32.10.3-2021.10.win32_1.0.200.202301161003/tools/bin/../lib/gcc/arm-none-eabi/10.3.1/thumb/v7-m/nofp\libgcc.a
LOAD c:/st/stm32cubeide_1.12.0/stm32cubeide/plugins/com.st.stm32cube.ide.mcu.externaltools.gnu-tools-for-stm32.10.3-2021.10.win32_1.0.200.202301161003/tools/bin/../lib/gcc/arm-none-eabi/10.3.1/../../../../arm-none-eabi/lib/thumb/v7-m/nofp\libc_nano.a
LOAD c:/st/stm32cubeide_1.12.0/stm32cubeide/plugins/com.st.stm32cube.ide.mcu.externaltools.gnu-tools-for-stm32.10.3-2021.10.win32_1.0.200.202301161003/tools/bin/../lib/gcc/arm-none-eabi/10.3.1/../../../../arm-none-eabi/lib/thumb/v7-m/nofp\libnosys.a
END GROUP
START GROUP
LOAD c:/st/stm32cubeide_1.12.0/stm32cubeide/plugins/com.st.stm32cube.ide.mcu.externaltools.gnu-tools-for-stm32.10.3-2021.10.win32_1.0.200.202301161003/tools/bin/../lib/gcc/arm-none-eabi/10.3.1/thumb/v7-m/nofp\libgcc.a
LOAD c:/st/stm32cubeide_1.12.0/stm32cubeide/plugins/com.st.stm32cube.ide.mcu.externaltools.gnu-tools-for-stm32.10.3-2021.10.win32_1.0.200.202301161003/tools/bin/../lib/gcc/arm-none-eabi/10.3.1/../../../../arm-none-eabi/lib/thumb/v7-m/nofp\libc_nano.a
LOAD c:/st/stm32cubeide_1.12.0/stm32cubeide/plugins/com.st.stm32cube.ide.mcu.externaltools.gnu-tools-for-stm32.10.3-2021.10.win32_1.0.200.202301161003/tools/bin/../lib/gcc/arm-none-eabi/10.3.1/../../../../arm-none-eabi/lib/thumb/v7-m/nofp\libnosys.a
END GROUP
LOAD c:/st/stm32cubeide_1.12.0/stm32cubeide/plugins/com.st.stm32cube.ide.mcu.externaltools.gnu-tools-for-stm32.10.3-2021.10.win32_1.0.200.202301161003/tools/bin/../lib/gcc/arm-none-eabi/10.3.1/thumb/v7-m/nofp/crtend.o
LOAD c:/st/stm32cubeide_1.12.0/stm32cubeide/plugins/com.st.stm32cube.ide.mcu.externaltools.gnu-tools-for-stm32.10.3-2021.10.win32_1.0.200.202301161003/tools/bin/../lib/gcc/arm-none-eabi/10.3.1/thumb/v7-m/nofp/crtn.o
                0x0000000020005000                _estack = (ORIGIN (RAM) + LENGTH (RAM))
                0x0000000000000200                _Min_Heap_Size = 0x200
                0x0000000000000400                _Min_Stack_Size = 0x400

.isr_vector     0x0000000008000000      0x10c
                0x0000000008000000                . = ALIGN (0x4)
 *(.isr_vector)
 .isr_vector    0x0000000008000000      0x10c ./Core/Startup/startup_stm32f103c8tx.o
                0x0000000008000000                g_pfnVectors
                0x000000000800010c                . = ALIGN (0x4)

.text           0x0000000008000110     0x7bdc
                0x0000000008000110                . = ALIGN (0x4)
 *(.text)
 .text          0x0000000008000110       0x40 c:/st/stm32cubeide_1.12.0/stm32cubeide/plugins/com.st.stm32cube.ide.mcu.externaltools.gnu-tools-for-stm32.10.3-2021.10.win32_1.0.200.202301161003/tools/bin/../lib/gcc/arm-none-eabi/10.3.1/thumb/v7-m/nofp/crtbegin.o
 .text          0x0000000008000150      0x254 c:/st/stm32cubeide_1.12.0/stm32cubeide/plugins/com.st.stm32cube.ide.mcu.externaltools.gnu-tools-for-stm32.10.3-2021.10.win32_1.0.200.202301161003/tools/bin/../lib/gcc/arm-none-eabi/10.3.1/thumb/v7-m/nofp\libgcc.a(_arm_muldf3.o)
                0x0000000008000150                __muldf3
                0x0000000008000150                __aeabi_dmul
 .text          0x00000000080003a4      0x378 c:/st/stm32cubeide_1.12.0/stm32cubeide/plugins/com.st.stm32cube.ide.mcu.externaltools.gnu-tools-for-stm32.10.3-2021.10.win32_1.0.200.202301161003/tools/bin/../lib/gcc/arm-none-eabi/10.3.1/thumb/v7-m/nofp\libgcc.a(_arm_addsubdf3.o)
                0x00000000080003a4                __aeabi_drsub
                0x00000000080003ac                __aeabi_dsub
                0x00000000080003ac                __subdf3
                0x00000000080003b0                __aeabi_dadd
                0x00000000080003b0                __adddf3
                0x0000000008000628                __floatunsidf
                0x0000000008000628                __aeabi_ui2d
                0x0000000008000648                __floatsidf
                0x0000000008000648                __aeabi_i2d
                0x000000000800066c                __aeabi_f2d
                0x000000000800066c                __extendsfdf2
                0x00000000080006b0                __floatundidf
                0x00000000080006b0                __aeabi_ul2d
                0x00000000080006c0                __floatdidf
                0x00000000080006c0                __aeabi_l2d
 .text          0x000000000800071c       0xa0 c:/st/stm32cubeide_1.12.0/stm32cubeide/plugins/com.st.stm32cube.ide.mcu.externaltools.gnu-tools-for-stm32.10.3-2021.10.win32_1.0.200.202301161003/tools/bin/../lib/gcc/arm-none-eabi/10.3.1/thumb/v7-m/nofp\libgcc.a(_arm_truncdfsf2.o)
                0x000000000800071c                __truncdfsf2
                0x000000000800071c                __aeabi_d2f
 .text          0x00000000080007bc      0x21c c:/st/stm32cubeide_1.12.0/stm32cubeide/plugins/com.st.stm32cube.ide.mcu.externaltools.gnu-tools-for-stm32.10.3-2021.10.win32_1.0.200.202301161003/tools/bin/../lib/gcc/arm-none-eabi/10.3.1/thumb/v7-m/nofp\libgcc.a(_arm_addsubsf3.o)
                0x00000000080007bc                __aeabi_frsub
                0x00000000080007c4                __subsf3
                0x00000000080007c4                __aeabi_fsub
                0x00000000080007c8                __aeabi_fadd
                0x00000000080007c8                __addsf3
                0x0000000008000928                __aeabi_ui2f
                0x0000000008000928                __floatunsisf
                0x0000000008000930                __aeabi_i2f
                0x0000000008000930                __floatsisf
                0x000000000800094c                __aeabi_ul2f
                0x000000000800094c                __floatundisf
                0x000000000800095c                __aeabi_l2f
                0x000000000800095c                __floatdisf
 .text          0x00000000080009d8      0x2a0 c:/st/stm32cubeide_1.12.0/stm32cubeide/plugins/com.st.stm32cube.ide.mcu.externaltools.gnu-tools-for-stm32.10.3-2021.10.win32_1.0.200.202301161003/tools/bin/../lib/gcc/arm-none-eabi/10.3.1/thumb/v7-m/nofp\libgcc.a(_arm_muldivsf3.o)
                0x00000000080009d8                __mulsf3
                0x00000000080009d8                __aeabi_fmul
                0x0000000008000b40                __aeabi_fdiv
                0x0000000008000b40                __divsf3
 .text          0x0000000008000c78       0xec c:/st/stm32cubeide_1.12.0/stm32cubeide/plugins/com.st.stm32cube.ide.mcu.externaltools.gnu-tools-for-stm32.10.3-2021.10.win32_1.0.200.202301161003/tools/bin/../lib/gcc/arm-none-eabi/10.3.1/thumb/v7-m/nofp\libgcc.a(_arm_cmpsf2.o)
                0x0000000008000c78                __gesf2
                0x0000000008000c78                __gtsf2
                0x0000000008000c80                __lesf2
                0x0000000008000c80                __ltsf2
                0x0000000008000c88                __nesf2
                0x0000000008000c88                __eqsf2
                0x0000000008000c88                __cmpsf2
                0x0000000008000ce8                __aeabi_cfrcmple
                0x0000000008000cf0                __aeabi_cfcmpeq
                0x0000000008000cf0                __aeabi_cfcmple
                0x0000000008000d00                __aeabi_fcmpeq
                0x0000000008000d14                __aeabi_fcmplt
                0x0000000008000d28                __aeabi_fcmple
                0x0000000008000d3c                __aeabi_fcmpge
                0x0000000008000d50                __aeabi_fcmpgt
 .text          0x0000000008000d64       0x40 c:/st/stm32cubeide_1.12.0/stm32cubeide/plugins/com.st.stm32cube.ide.mcu.externaltools.gnu-tools-for-stm32.10.3-2021.10.win32_1.0.200.202301161003/tools/bin/../lib/gcc/arm-none-eabi/10.3.1/thumb/v7-m/nofp\libgcc.a(_arm_fixunssfsi.o)
                0x0000000008000d64                __fixunssfsi
                0x0000000008000d64                __aeabi_f2uiz
 *(.text*)
 .text.fGetAinCalData
                0x0000000008000da4       0x84 ./Core/Src/ain.o
                0x0000000008000da4                fGetAinCalData
 .text.eAinCalDataConfig
                0x0000000008000e28       0x54 ./Core/Src/ain.o
                0x0000000008000e28                eAinCalDataConfig
 .text.vABLineKoofFinde
                0x0000000008000e7c       0x62 ./Core/Src/ain.o
                0x0000000008000e7c                vABLineKoofFinde
 *fill*         0x0000000008000ede        0x2 
 .text.eSetAinCalPoint
                0x0000000008000ee0       0x5c ./Core/Src/ain.o
                0x0000000008000ee0                eSetAinCalPoint
 .text.eDinConfig
                0x0000000008000f3c       0x6c ./Core/Src/din_dout.o
                0x0000000008000f3c                eDinConfig
 .text.vADCReady
                0x0000000008000fa8       0x38 ./Core/Src/din_dout.o
                0x0000000008000fa8                vADCReady
 .text.vGetAverDataFromRAW
                0x0000000008000fe0       0x68 ./Core/Src/din_dout.o
                0x0000000008000fe0                vGetAverDataFromRAW
 .text.vRCFilter
                0x0000000008001048       0x30 ./Core/Src/din_dout.o
                0x0000000008001048                vRCFilter
 .text.vAinGetData
                0x0000000008001078       0x74 ./Core/Src/din_dout.o
                0x0000000008001078                vAinGetData
 .text.uiGetDinMask
                0x00000000080010ec       0x30 ./Core/Src/din_dout.o
                0x00000000080010ec                uiGetDinMask
 .text.vDTask   0x000000000800111c      0x51c ./Core/Src/din_dout.o
                0x000000000800111c                vDTask
 .text.StartDefaultTask
                0x0000000008001638        0xc ./Core/Src/main.o
                0x0000000008001638                StartDefaultTask
 .text.xGetOSEvent
                0x0000000008001644        0xc ./Core/Src/main.o
                0x0000000008001644                xGetOSEvent
 .text.xGetUARTEvent
                0x0000000008001650        0xc ./Core/Src/main.o
                0x0000000008001650                xGetUARTEvent
 .text.xGetSystemControlEvent
                0x000000000800165c        0xc ./Core/Src/main.o
                0x000000000800165c                xGetSystemControlEvent
 .text.xGetSystemSem
                0x0000000008001668        0xc ./Core/Src/main.o
                0x0000000008001668                xGetSystemSem
 .text.vTimerInit
                0x0000000008001674       0x34 ./Core/Src/main.o
                0x0000000008001674                vTimerInit
 .text.vStartTimer
                0x00000000080016a8       0x1c ./Core/Src/main.o
                0x00000000080016a8                vStartTimer
 .text.vStopTimer
                0x00000000080016c4       0x10 ./Core/Src/main.o
                0x00000000080016c4                vStopTimer
 .text.vRespondInit
                0x00000000080016d4       0x24 ./Core/Src/main.o
                0x00000000080016d4                vRespondInit
 .text.vStartRespond
                0x00000000080016f8       0x24 ./Core/Src/main.o
                0x00000000080016f8                vStartRespond
 .text.vStopRespond
                0x000000000800171c       0x18 ./Core/Src/main.o
                0x000000000800171c                vStopRespond
 .text.vResHeandler
                0x0000000008001734       0x2c ./Core/Src/main.o
                0x0000000008001734                vResHeandler
 .text.SystemClock_Config
                0x0000000008001760       0x82 ./Core/Src/main.o
                0x0000000008001760                SystemClock_Config
 *fill*         0x00000000080017e2        0x2 
 .text.main     0x00000000080017e4      0x470 ./Core/Src/main.o
                0x00000000080017e4                main
 .text.vResetWDT
                0x0000000008001c54       0x10 ./Core/Src/main.o
                0x0000000008001c54                vResetWDT
 .text.HAL_TIM_PeriodElapsedCallback
                0x0000000008001c64       0x28 ./Core/Src/main.o
                0x0000000008001c64                HAL_TIM_PeriodElapsedCallback
 .text.Error_Handler
                0x0000000008001c8c        0x4 ./Core/Src/main.o
                0x0000000008001c8c                Error_Handler
 .text.usGetConnection
                0x0000000008001c90        0xc ./Core/Src/mainFSM.o
                0x0000000008001c90                usGetConnection
 .text.eGetTypeError
                0x0000000008001c9c        0xc ./Core/Src/mainFSM.o
                0x0000000008001c9c                eGetTypeError
 .text.eGetSensError
                0x0000000008001ca8        0xc ./Core/Src/mainFSM.o
                0x0000000008001ca8                eGetSensError
 .text.InitSystemEnvet
                0x0000000008001cb4        0xc ./Core/Src/mainFSM.o
                0x0000000008001cb4                InitSystemEnvet
 .text.waitFlag
                0x0000000008001cc0       0x24 ./Core/Src/mainFSM.o
                0x0000000008001cc0                waitFlag
 .text.usGetReg
                0x0000000008001ce4       0x1c ./Core/Src/mainFSM.o
                0x0000000008001ce4                usGetReg
 .text.usGetRegInput
                0x0000000008001d00        0xc ./Core/Src/mainFSM.o
                0x0000000008001d00                usGetRegInput
 .text.vSetRegInput
                0x0000000008001d0c        0xc ./Core/Src/mainFSM.o
                0x0000000008001d0c                vSetRegInput
 .text.vSetReg  0x0000000008001d18        0xc ./Core/Src/mainFSM.o
                0x0000000008001d18                vSetReg
 .text.vMBTask  0x0000000008001d24       0x38 ./Core/Src/mainFSM.o
                0x0000000008001d24                vMBTask
 .text.vDATATask
                0x0000000008001d5c      0x220 ./Core/Src/mainFSM.o
                0x0000000008001d5c                vDATATask
 .text.HAL_MspInit
                0x0000000008001f7c       0x54 ./Core/Src/stm32f1xx_hal_msp.o
                0x0000000008001f7c                HAL_MspInit
 .text.HAL_ADC_MspInit
                0x0000000008001fd0       0x98 ./Core/Src/stm32f1xx_hal_msp.o
                0x0000000008001fd0                HAL_ADC_MspInit
 .text.HAL_TIM_Base_MspInit
                0x0000000008002068       0x90 ./Core/Src/stm32f1xx_hal_msp.o
                0x0000000008002068                HAL_TIM_Base_MspInit
 .text.HAL_TIM_MspPostInit
                0x00000000080020f8       0x50 ./Core/Src/stm32f1xx_hal_msp.o
                0x00000000080020f8                HAL_TIM_MspPostInit
 .text.HAL_UART_MspInit
                0x0000000008002148       0x88 ./Core/Src/stm32f1xx_hal_msp.o
                0x0000000008002148                HAL_UART_MspInit
 .text.HAL_InitTick
                0x00000000080021d0       0x94 ./Core/Src/stm32f1xx_hal_timebase_tim.o
                0x00000000080021d0                HAL_InitTick
 .text.NMI_Handler
                0x0000000008002264        0x2 ./Core/Src/stm32f1xx_it.o
                0x0000000008002264                NMI_Handler
 .text.HardFault_Handler
                0x0000000008002266        0x2 ./Core/Src/stm32f1xx_it.o
                0x0000000008002266                HardFault_Handler
 .text.MemManage_Handler
                0x0000000008002268        0x2 ./Core/Src/stm32f1xx_it.o
                0x0000000008002268                MemManage_Handler
 .text.BusFault_Handler
                0x000000000800226a        0x2 ./Core/Src/stm32f1xx_it.o
                0x000000000800226a                BusFault_Handler
 .text.UsageFault_Handler
                0x000000000800226c        0x2 ./Core/Src/stm32f1xx_it.o
                0x000000000800226c                UsageFault_Handler
 .text.DebugMon_Handler
                0x000000000800226e        0x2 ./Core/Src/stm32f1xx_it.o
                0x000000000800226e                DebugMon_Handler
 .text.DMA1_Channel1_IRQHandler
                0x0000000008002270       0x14 ./Core/Src/stm32f1xx_it.o
                0x0000000008002270                DMA1_Channel1_IRQHandler
 .text.TIM1_UP_IRQHandler
                0x0000000008002284       0x10 ./Core/Src/stm32f1xx_it.o
                0x0000000008002284                TIM1_UP_IRQHandler
 .text.TIM2_IRQHandler
                0x0000000008002294       0x10 ./Core/Src/stm32f1xx_it.o
                0x0000000008002294                TIM2_IRQHandler
 .text.TIM4_IRQHandler
                0x00000000080022a4       0x14 ./Core/Src/stm32f1xx_it.o
                0x00000000080022a4                TIM4_IRQHandler
 .text.USART1_IRQHandler
                0x00000000080022b8       0x10 ./Core/Src/stm32f1xx_it.o
                0x00000000080022b8                USART1_IRQHandler
 .text.SystemInit
                0x00000000080022c8        0x2 ./Core/Src/system_stm32f1xx.o
                0x00000000080022c8                SystemInit
 *fill*         0x00000000080022ca        0x2 
 .text.Reset_Handler
                0x00000000080022cc       0x48 ./Core/Startup/startup_stm32f103c8tx.o
                0x00000000080022cc                Reset_Handler
 .text.Default_Handler
                0x0000000008002314        0x2 ./Core/Startup/startup_stm32f103c8tx.o
                0x0000000008002314                RTC_Alarm_IRQHandler
                0x0000000008002314                EXTI2_IRQHandler
                0x0000000008002314                TIM1_CC_IRQHandler
                0x0000000008002314                PVD_IRQHandler
                0x0000000008002314                EXTI3_IRQHandler
                0x0000000008002314                EXTI0_IRQHandler
                0x0000000008002314                I2C2_EV_IRQHandler
                0x0000000008002314                ADC1_2_IRQHandler
                0x0000000008002314                SPI1_IRQHandler
                0x0000000008002314                TAMPER_IRQHandler
                0x0000000008002314                DMA1_Channel4_IRQHandler
                0x0000000008002314                USART3_IRQHandler
                0x0000000008002314                RTC_IRQHandler
                0x0000000008002314                DMA1_Channel7_IRQHandler
                0x0000000008002314                CAN1_RX1_IRQHandler
                0x0000000008002314                I2C1_EV_IRQHandler
                0x0000000008002314                DMA1_Channel6_IRQHandler
                0x0000000008002314                TIM3_IRQHandler
                0x0000000008002314                RCC_IRQHandler
                0x0000000008002314                TIM1_TRG_COM_IRQHandler
                0x0000000008002314                Default_Handler
                0x0000000008002314                EXTI15_10_IRQHandler
                0x0000000008002314                EXTI9_5_IRQHandler
                0x0000000008002314                SPI2_IRQHandler
                0x0000000008002314                DMA1_Channel5_IRQHandler
                0x0000000008002314                EXTI4_IRQHandler
                0x0000000008002314                USB_LP_CAN1_RX0_IRQHandler
                0x0000000008002314                USB_HP_CAN1_TX_IRQHandler
                0x0000000008002314                DMA1_Channel3_IRQHandler
                0x0000000008002314                WWDG_IRQHandler
                0x0000000008002314                TIM1_BRK_IRQHandler
                0x0000000008002314                EXTI1_IRQHandler
                0x0000000008002314                USART2_IRQHandler
                0x0000000008002314                I2C2_ER_IRQHandler
                0x0000000008002314                DMA1_Channel2_IRQHandler
                0x0000000008002314                CAN1_SCE_IRQHandler
                0x0000000008002314                FLASH_IRQHandler
                0x0000000008002314                I2C1_ER_IRQHandler
                0x0000000008002314                USBWakeUp_IRQHandler
 *fill*         0x0000000008002316        0x2 
 .text.HAL_Init
                0x0000000008002318       0x24 ./Drivers/STM32F1xx_HAL_Driver/Src/stm32f1xx_hal.o
                0x0000000008002318                HAL_Init
 .text.HAL_IncTick
                0x000000000800233c       0x18 ./Drivers/STM32F1xx_HAL_Driver/Src/stm32f1xx_hal.o
                0x000000000800233c                HAL_IncTick
 .text.HAL_GetTick
                0x0000000008002354        0xc ./Drivers/STM32F1xx_HAL_Driver/Src/stm32f1xx_hal.o
                0x0000000008002354                HAL_GetTick
 .text.HAL_ADC_ConvCpltCallback
                0x0000000008002360        0x2 ./Drivers/STM32F1xx_HAL_Driver/Src/stm32f1xx_hal_adc.o
                0x0000000008002360                HAL_ADC_ConvCpltCallback
 .text.ADC_DMAConvCplt
                0x0000000008002362       0x52 ./Drivers/STM32F1xx_HAL_Driver/Src/stm32f1xx_hal_adc.o
                0x0000000008002362                ADC_DMAConvCplt
 .text.HAL_ADC_ConvHalfCpltCallback
                0x00000000080023b4        0x2 ./Drivers/STM32F1xx_HAL_Driver/Src/stm32f1xx_hal_adc.o
                0x00000000080023b4                HAL_ADC_ConvHalfCpltCallback
 .text.ADC_DMAHalfConvCplt
                0x00000000080023b6        0xa ./Drivers/STM32F1xx_HAL_Driver/Src/stm32f1xx_hal_adc.o
                0x00000000080023b6                ADC_DMAHalfConvCplt
 .text.HAL_ADC_ErrorCallback
                0x00000000080023c0        0x2 ./Drivers/STM32F1xx_HAL_Driver/Src/stm32f1xx_hal_adc.o
                0x00000000080023c0                HAL_ADC_ErrorCallback
 .text.ADC_DMAError
                0x00000000080023c2       0x1a ./Drivers/STM32F1xx_HAL_Driver/Src/stm32f1xx_hal_adc.o
                0x00000000080023c2                ADC_DMAError
 .text.HAL_ADC_ConfigChannel
                0x00000000080023dc      0x14c ./Drivers/STM32F1xx_HAL_Driver/Src/stm32f1xx_hal_adc.o
                0x00000000080023dc                HAL_ADC_ConfigChannel
 .text.ADC_Enable
                0x0000000008002528       0x98 ./Drivers/STM32F1xx_HAL_Driver/Src/stm32f1xx_hal_adc.o
                0x0000000008002528                ADC_Enable
 .text.HAL_ADC_Start_DMA
                0x00000000080025c0      0x128 ./Drivers/STM32F1xx_HAL_Driver/Src/stm32f1xx_hal_adc.o
                0x00000000080025c0                HAL_ADC_Start_DMA
 .text.ADC_ConversionStop_Disable
                0x00000000080026e8       0x64 ./Drivers/STM32F1xx_HAL_Driver/Src/stm32f1xx_hal_adc.o
                0x00000000080026e8                ADC_ConversionStop_Disable
 .text.HAL_ADC_Init
                0x000000000800274c      0x108 ./Drivers/STM32F1xx_HAL_Driver/Src/stm32f1xx_hal_adc.o
                0x000000000800274c                HAL_ADC_Init
 .text.HAL_ADC_Stop_DMA
                0x0000000008002854       0x5e ./Drivers/STM32F1xx_HAL_Driver/Src/stm32f1xx_hal_adc.o
                0x0000000008002854                HAL_ADC_Stop_DMA
 *fill*         0x00000000080028b2        0x2 
 .text.HAL_NVIC_SetPriorityGrouping
                0x00000000080028b4       0x24 ./Drivers/STM32F1xx_HAL_Driver/Src/stm32f1xx_hal_cortex.o
                0x00000000080028b4                HAL_NVIC_SetPriorityGrouping
 .text.HAL_NVIC_SetPriority
                0x00000000080028d8       0x6c ./Drivers/STM32F1xx_HAL_Driver/Src/stm32f1xx_hal_cortex.o
                0x00000000080028d8                HAL_NVIC_SetPriority
 .text.HAL_NVIC_EnableIRQ
                0x0000000008002944       0x1c ./Drivers/STM32F1xx_HAL_Driver/Src/stm32f1xx_hal_cortex.o
                0x0000000008002944                HAL_NVIC_EnableIRQ
 .text.HAL_DMA_Init
                0x0000000008002960       0x6c ./Drivers/STM32F1xx_HAL_Driver/Src/stm32f1xx_hal_dma.o
                0x0000000008002960                HAL_DMA_Init
 .text.HAL_DMA_Start_IT
                0x00000000080029cc       0x9e ./Drivers/STM32F1xx_HAL_Driver/Src/stm32f1xx_hal_dma.o
                0x00000000080029cc                HAL_DMA_Start_IT
 .text.HAL_DMA_Abort
                0x0000000008002a6a       0x46 ./Drivers/STM32F1xx_HAL_Driver/Src/stm32f1xx_hal_dma.o
                0x0000000008002a6a                HAL_DMA_Abort
 .text.HAL_DMA_Abort_IT
                0x0000000008002ab0       0x98 ./Drivers/STM32F1xx_HAL_Driver/Src/stm32f1xx_hal_dma.o
                0x0000000008002ab0                HAL_DMA_Abort_IT
 .text.HAL_DMA_IRQHandler
                0x0000000008002b48      0x140 ./Drivers/STM32F1xx_HAL_Driver/Src/stm32f1xx_hal_dma.o
                0x0000000008002b48                HAL_DMA_IRQHandler
 .text.HAL_GPIO_Init
                0x0000000008002c88      0x274 ./Drivers/STM32F1xx_HAL_Driver/Src/stm32f1xx_hal_gpio.o
                0x0000000008002c88                HAL_GPIO_Init
 .text.HAL_GPIO_ReadPin
                0x0000000008002efc        0xc ./Drivers/STM32F1xx_HAL_Driver/Src/stm32f1xx_hal_gpio.o
                0x0000000008002efc                HAL_GPIO_ReadPin
 .text.HAL_GPIO_WritePin
                0x0000000008002f08        0xc ./Drivers/STM32F1xx_HAL_Driver/Src/stm32f1xx_hal_gpio.o
                0x0000000008002f08                HAL_GPIO_WritePin
 .text.HAL_IWDG_Init
                0x0000000008002f14       0x62 ./Drivers/STM32F1xx_HAL_Driver/Src/stm32f1xx_hal_iwdg.o
                0x0000000008002f14                HAL_IWDG_Init
 .text.HAL_IWDG_Refresh
                0x0000000008002f76        0xc ./Drivers/STM32F1xx_HAL_Driver/Src/stm32f1xx_hal_iwdg.o
                0x0000000008002f76                HAL_IWDG_Refresh
 *fill*         0x0000000008002f82        0x2 
 .text.HAL_RCC_OscConfig
                0x0000000008002f84      0x42c ./Drivers/STM32F1xx_HAL_Driver/Src/stm32f1xx_hal_rcc.o
                0x0000000008002f84                HAL_RCC_OscConfig
 .text.HAL_RCC_GetSysClockFreq
                0x00000000080033b0       0x54 ./Drivers/STM32F1xx_HAL_Driver/Src/stm32f1xx_hal_rcc.o
                0x00000000080033b0                HAL_RCC_GetSysClockFreq
 .text.HAL_RCC_ClockConfig
                0x0000000008003404      0x170 ./Drivers/STM32F1xx_HAL_Driver/Src/stm32f1xx_hal_rcc.o
                0x0000000008003404                HAL_RCC_ClockConfig
 .text.HAL_RCC_GetPCLK1Freq
                0x0000000008003574       0x20 ./Drivers/STM32F1xx_HAL_Driver/Src/stm32f1xx_hal_rcc.o
                0x0000000008003574                HAL_RCC_GetPCLK1Freq
 .text.HAL_RCC_GetPCLK2Freq
                0x0000000008003594       0x20 ./Drivers/STM32F1xx_HAL_Driver/Src/stm32f1xx_hal_rcc.o
                0x0000000008003594                HAL_RCC_GetPCLK2Freq
 .text.HAL_RCC_GetClockConfig
                0x00000000080035b4       0x3c ./Drivers/STM32F1xx_HAL_Driver/Src/stm32f1xx_hal_rcc.o
                0x00000000080035b4                HAL_RCC_GetClockConfig
 .text.HAL_RCCEx_PeriphCLKConfig
                0x00000000080035f0      0x11c ./Drivers/STM32F1xx_HAL_Driver/Src/stm32f1xx_hal_rcc_ex.o
                0x00000000080035f0                HAL_RCCEx_PeriphCLKConfig
 .text.TIM_OC1_SetConfig
                0x000000000800370c       0x54 ./Drivers/STM32F1xx_HAL_Driver/Src/stm32f1xx_hal_tim.o
 .text.TIM_OC3_SetConfig
                0x0000000008003760       0x58 ./Drivers/STM32F1xx_HAL_Driver/Src/stm32f1xx_hal_tim.o
 .text.TIM_OC4_SetConfig
                0x00000000080037b8       0x48 ./Drivers/STM32F1xx_HAL_Driver/Src/stm32f1xx_hal_tim.o
 .text.HAL_TIM_Base_Start_IT
                0x0000000008003800       0x68 ./Drivers/STM32F1xx_HAL_Driver/Src/stm32f1xx_hal_tim.o
                0x0000000008003800                HAL_TIM_Base_Start_IT
 .text.HAL_TIM_Base_Stop_IT
                0x0000000008003868       0x32 ./Drivers/STM32F1xx_HAL_Driver/Src/stm32f1xx_hal_tim.o
                0x0000000008003868                HAL_TIM_Base_Stop_IT
 .text.HAL_TIM_PWM_MspInit
                0x000000000800389a        0x2 ./Drivers/STM32F1xx_HAL_Driver/Src/stm32f1xx_hal_tim.o
                0x000000000800389a                HAL_TIM_PWM_MspInit
 .text.HAL_TIM_OC_DelayElapsedCallback
                0x000000000800389c        0x2 ./Drivers/STM32F1xx_HAL_Driver/Src/stm32f1xx_hal_tim.o
                0x000000000800389c                HAL_TIM_OC_DelayElapsedCallback
 .text.HAL_TIM_IC_CaptureCallback
                0x000000000800389e        0x2 ./Drivers/STM32F1xx_HAL_Driver/Src/stm32f1xx_hal_tim.o
                0x000000000800389e                HAL_TIM_IC_CaptureCallback
 .text.HAL_TIM_PWM_PulseFinishedCallback
                0x00000000080038a0        0x2 ./Drivers/STM32F1xx_HAL_Driver/Src/stm32f1xx_hal_tim.o
                0x00000000080038a0                HAL_TIM_PWM_PulseFinishedCallback
 .text.HAL_TIM_TriggerCallback
                0x00000000080038a2        0x2 ./Drivers/STM32F1xx_HAL_Driver/Src/stm32f1xx_hal_tim.o
                0x00000000080038a2                HAL_TIM_TriggerCallback
 .text.HAL_TIM_IRQHandler
                0x00000000080038a4      0x17a ./Drivers/STM32F1xx_HAL_Driver/Src/stm32f1xx_hal_tim.o
                0x00000000080038a4                HAL_TIM_IRQHandler
 *fill*         0x0000000008003a1e        0x2 
 .text.TIM_Base_SetConfig
                0x0000000008003a20       0x9c ./Drivers/STM32F1xx_HAL_Driver/Src/stm32f1xx_hal_tim.o
                0x0000000008003a20                TIM_Base_SetConfig
 .text.HAL_TIM_Base_Init
                0x0000000008003abc       0x58 ./Drivers/STM32F1xx_HAL_Driver/Src/stm32f1xx_hal_tim.o
                0x0000000008003abc                HAL_TIM_Base_Init
 .text.HAL_TIM_PWM_Init
                0x0000000008003b14       0x58 ./Drivers/STM32F1xx_HAL_Driver/Src/stm32f1xx_hal_tim.o
                0x0000000008003b14                HAL_TIM_PWM_Init
 .text.TIM_OC2_SetConfig
                0x0000000008003b6c       0x5c ./Drivers/STM32F1xx_HAL_Driver/Src/stm32f1xx_hal_tim.o
                0x0000000008003b6c                TIM_OC2_SetConfig
 .text.HAL_TIM_PWM_ConfigChannel
                0x0000000008003bc8       0xdc ./Drivers/STM32F1xx_HAL_Driver/Src/stm32f1xx_hal_tim.o
                0x0000000008003bc8                HAL_TIM_PWM_ConfigChannel
 .text.TIM_ETR_SetConfig
                0x0000000008003ca4       0x18 ./Drivers/STM32F1xx_HAL_Driver/Src/stm32f1xx_hal_tim.o
                0x0000000008003ca4                TIM_ETR_SetConfig
 .text.HAL_TIM_ConfigClockSource
                0x0000000008003cbc      0x16a ./Drivers/STM32F1xx_HAL_Driver/Src/stm32f1xx_hal_tim.o
                0x0000000008003cbc                HAL_TIM_ConfigClockSource
 *fill*         0x0000000008003e26        0x2 
 .text.HAL_TIMEx_MasterConfigSynchronization
                0x0000000008003e28       0x68 ./Drivers/STM32F1xx_HAL_Driver/Src/stm32f1xx_hal_tim_ex.o
                0x0000000008003e28                HAL_TIMEx_MasterConfigSynchronization
 .text.HAL_TIMEx_CommutCallback
                0x0000000008003e90        0x2 ./Drivers/STM32F1xx_HAL_Driver/Src/stm32f1xx_hal_tim_ex.o
                0x0000000008003e90                HAL_TIMEx_CommutCallback
 .text.HAL_TIMEx_BreakCallback
                0x0000000008003e92        0x2 ./Drivers/STM32F1xx_HAL_Driver/Src/stm32f1xx_hal_tim_ex.o
                0x0000000008003e92                HAL_TIMEx_BreakCallback
 .text.UART_EndRxTransfer
                0x0000000008003e94       0x5c ./Drivers/STM32F1xx_HAL_Driver/Src/stm32f1xx_hal_uart.o
 .text.UART_SetConfig
                0x0000000008003ef0       0x8c ./Drivers/STM32F1xx_HAL_Driver/Src/stm32f1xx_hal_uart.o
 .text.HAL_UART_Init
                0x0000000008003f7c       0x60 ./Drivers/STM32F1xx_HAL_Driver/Src/stm32f1xx_hal_uart.o
                0x0000000008003f7c                HAL_UART_Init
 .text.HAL_UART_Transmit_IT
                0x0000000008003fdc       0x38 ./Drivers/STM32F1xx_HAL_Driver/Src/stm32f1xx_hal_uart.o
                0x0000000008003fdc                HAL_UART_Transmit_IT
 .text.HAL_UART_ErrorCallback
                0x0000000008004014        0x2 ./Drivers/STM32F1xx_HAL_Driver/Src/stm32f1xx_hal_uart.o
                0x0000000008004014                HAL_UART_ErrorCallback
 .text.UART_DMAAbortOnError
                0x0000000008004016       0x10 ./Drivers/STM32F1xx_HAL_Driver/Src/stm32f1xx_hal_uart.o
 .text.HAL_UART_AbortReceiveCpltCallback
                0x0000000008004026        0x2 ./Drivers/STM32F1xx_HAL_Driver/Src/stm32f1xx_hal_uart.o
                0x0000000008004026                HAL_UART_AbortReceiveCpltCallback
 .text.HAL_UART_AbortReceive_IT
                0x0000000008004028       0xbc ./Drivers/STM32F1xx_HAL_Driver/Src/stm32f1xx_hal_uart.o
                0x0000000008004028                HAL_UART_AbortReceive_IT
 .text.UART_DMARxOnlyAbortCallback
                0x00000000080040e4       0x16 ./Drivers/STM32F1xx_HAL_Driver/Src/stm32f1xx_hal_uart.o
 .text.HAL_UARTEx_RxEventCallback
                0x00000000080040fa        0x2 ./Drivers/STM32F1xx_HAL_Driver/Src/stm32f1xx_hal_uart.o
                0x00000000080040fa                HAL_UARTEx_RxEventCallback
 .text.UART_Receive_IT
                0x00000000080040fc       0xe0 ./Drivers/STM32F1xx_HAL_Driver/Src/stm32f1xx_hal_uart.o
 .text.HAL_UART_IRQHandler
                0x00000000080041dc      0x2fc ./Drivers/STM32F1xx_HAL_Driver/Src/stm32f1xx_hal_uart.o
                0x00000000080041dc                HAL_UART_IRQHandler
 .text.UART_Start_Receive_IT
                0x00000000080044d8       0x36 ./Drivers/STM32F1xx_HAL_Driver/Src/stm32f1xx_hal_uart.o
                0x00000000080044d8                UART_Start_Receive_IT
 .text.HAL_UART_Receive_IT
                0x000000000800450e       0x26 ./Drivers/STM32F1xx_HAL_Driver/Src/stm32f1xx_hal_uart.o
                0x000000000800450e                HAL_UART_Receive_IT
 .text.eMBMasterInit
                0x0000000008004534       0xa4 ./FreeModbus/Src/mb_m.o
                0x0000000008004534                eMBMasterInit
 .text.eMBMasterEnable
                0x00000000080045d8       0x24 ./FreeModbus/Src/mb_m.o
                0x00000000080045d8                eMBMasterEnable
 .text.eMBMasterPoll
                0x00000000080045fc      0x1e0 ./FreeModbus/Src/mb_m.o
                0x00000000080045fc                eMBMasterPoll
 .text.ucMBMasterGetDestAddress
                0x00000000080047dc        0xc ./FreeModbus/Src/mb_m.o
                0x00000000080047dc                ucMBMasterGetDestAddress
 .text.vMBMasterSetDestAddress
                0x00000000080047e8        0xc ./FreeModbus/Src/mb_m.o
                0x00000000080047e8                vMBMasterSetDestAddress
 .text.vMBMasterSetErrorType
                0x00000000080047f4        0xc ./FreeModbus/Src/mb_m.o
                0x00000000080047f4                vMBMasterSetErrorType
 .text.usMBCRC16
                0x0000000008004800       0x44 ./FreeModbus/Src/mbcrc.o
                0x0000000008004800                usMBCRC16
 .text.eMBMasterFuncReadCoils
                0x0000000008004844       0x6c ./FreeModbus/Src/mbfunccoils_m.o
                0x0000000008004844                eMBMasterFuncReadCoils
 .text.eMBMasterFuncWriteCoil
                0x00000000080048b0       0x5a ./FreeModbus/Src/mbfunccoils_m.o
                0x00000000080048b0                eMBMasterFuncWriteCoil
 .text.eMBMasterFuncWriteMultipleCoils
                0x000000000800490a       0x68 ./FreeModbus/Src/mbfunccoils_m.o
                0x000000000800490a                eMBMasterFuncWriteMultipleCoils
 .text.eMBMasterFuncReadDiscreteInputs
                0x0000000008004972       0x6a ./FreeModbus/Src/mbfuncdisc_m.o
                0x0000000008004972                eMBMasterFuncReadDiscreteInputs
 .text.eMBMasterFuncWriteHoldingRegister
                0x00000000080049dc       0x2c ./FreeModbus/Src/mbfuncholding_m.o
                0x00000000080049dc                eMBMasterFuncWriteHoldingRegister
 .text.eMBMasterReqWriteMultipleHoldingRegister
                0x0000000008004a08       0x90 ./FreeModbus/Src/mbfuncholding_m.o
                0x0000000008004a08                eMBMasterReqWriteMultipleHoldingRegister
 .text.eMBMasterFuncWriteMultipleHoldingRegister
                0x0000000008004a98       0x52 ./FreeModbus/Src/mbfuncholding_m.o
                0x0000000008004a98                eMBMasterFuncWriteMultipleHoldingRegister
 .text.eMBMasterFuncReadHoldingRegister
                0x0000000008004aea       0x5c ./FreeModbus/Src/mbfuncholding_m.o
                0x0000000008004aea                eMBMasterFuncReadHoldingRegister
 .text.eMBMasterFuncReadWriteMultipleHoldingRegister
                0x0000000008004b46       0x76 ./FreeModbus/Src/mbfuncholding_m.o
                0x0000000008004b46                eMBMasterFuncReadWriteMultipleHoldingRegister
 .text.eMBMasterReqReadInputRegister
                0x0000000008004bbc       0x58 ./FreeModbus/Src/mbfuncinput_m.o
                0x0000000008004bbc                eMBMasterReqReadInputRegister
 .text.eMBMasterFuncReadInputRegister
                0x0000000008004c14       0x5a ./FreeModbus/Src/mbfuncinput_m.o
                0x0000000008004c14                eMBMasterFuncReadInputRegister
 *fill*         0x0000000008004c6e        0x2 
 .text.eMBFuncReportSlaveID
                0x0000000008004c70       0x24 ./FreeModbus/Src/mbfuncother.o
                0x0000000008004c70                eMBFuncReportSlaveID
 .text.eMBMasterRTUInit
                0x0000000008004c94       0x36 ./FreeModbus/Src/mbrtu_m.o
                0x0000000008004c94                eMBMasterRTUInit
 *fill*         0x0000000008004cca        0x2 
 .text.eMBMasterRTUStart
                0x0000000008004ccc       0x20 ./FreeModbus/Src/mbrtu_m.o
                0x0000000008004ccc                eMBMasterRTUStart
 .text.eMBMasterRTUStop
                0x0000000008004cec       0x18 ./FreeModbus/Src/mbrtu_m.o
                0x0000000008004cec                eMBMasterRTUStop
 .text.eMBMasterRTUReceive
                0x0000000008004d04       0x50 ./FreeModbus/Src/mbrtu_m.o
                0x0000000008004d04                eMBMasterRTUReceive
 .text.eMBMasterRTUSend
                0x0000000008004d54       0x9c ./FreeModbus/Src/mbrtu_m.o
                0x0000000008004d54                eMBMasterRTUSend
 .text.xMBMasterRTUReceiveFSM
                0x0000000008004df0       0x98 ./FreeModbus/Src/mbrtu_m.o
                0x0000000008004df0                xMBMasterRTUReceiveFSM
 .text.xMBMasterRTUTransmitFSM
                0x0000000008004e88       0x88 ./FreeModbus/Src/mbrtu_m.o
                0x0000000008004e88                xMBMasterRTUTransmitFSM
 .text.xMBMasterRTUTimerExpired
                0x0000000008004f10       0x98 ./FreeModbus/Src/mbrtu_m.o
                0x0000000008004f10                xMBMasterRTUTimerExpired
 .text.vMBMasterGetPDUSndBuf
                0x0000000008004fa8        0xc ./FreeModbus/Src/mbrtu_m.o
                0x0000000008004fa8                vMBMasterGetPDUSndBuf
 .text.vMBMasterSetPDUSndLength
                0x0000000008004fb4        0xc ./FreeModbus/Src/mbrtu_m.o
                0x0000000008004fb4                vMBMasterSetPDUSndLength
 .text.usMBMasterGetPDUSndLength
                0x0000000008004fc0        0xc ./FreeModbus/Src/mbrtu_m.o
                0x0000000008004fc0                usMBMasterGetPDUSndLength
 .text.vMBMasterSetCurTimerMode
                0x0000000008004fcc        0xc ./FreeModbus/Src/mbrtu_m.o
                0x0000000008004fcc                vMBMasterSetCurTimerMode
 .text.xMBMasterRequestIsBroadcast
                0x0000000008004fd8        0xc ./FreeModbus/Src/mbrtu_m.o
                0x0000000008004fd8                xMBMasterRequestIsBroadcast
 .text.xMBUtilSetBits
                0x0000000008004fe4       0x44 ./FreeModbus/Src/mbutils.o
                0x0000000008004fe4                xMBUtilSetBits
 .text.prveMBError2Exception
                0x0000000008005028       0x18 ./FreeModbus/Src/mbutils.o
                0x0000000008005028                prveMBError2Exception
 .text.EnterCriticalSection
                0x0000000008005040        0x2 ./FreeModbus/Src/port.o
                0x0000000008005040                EnterCriticalSection
 .text.ExitCriticalSection
                0x0000000008005042        0x2 ./FreeModbus/Src/port.o
                0x0000000008005042                ExitCriticalSection
 .text.xMBMasterPortEventInit
                0x0000000008005044       0x14 ./FreeModbus/Src/portevent_m.o
                0x0000000008005044                xMBMasterPortEventInit
 .text.xMBMasterPortEventPost
                0x0000000008005058       0xbc ./FreeModbus/Src/portevent_m.o
                0x0000000008005058                xMBMasterPortEventPost
 .text.xMBMasterPortEventGet
                0x0000000008005114       0x5c ./FreeModbus/Src/portevent_m.o
                0x0000000008005114                xMBMasterPortEventGet
 .text.vMBMasterOsResInit
                0x0000000008005170       0x10 ./FreeModbus/Src/portevent_m.o
                0x0000000008005170                vMBMasterOsResInit
 .text.xMBMasterRunResTake
                0x0000000008005180       0x18 ./FreeModbus/Src/portevent_m.o
                0x0000000008005180                xMBMasterRunResTake
 .text.vMBMasterRunResRelease
                0x0000000008005198       0x18 ./FreeModbus/Src/portevent_m.o
                0x0000000008005198                vMBMasterRunResRelease
 .text.vMBMasterErrorCBRespondTimeout
                0x00000000080051b0       0x14 ./FreeModbus/Src/portevent_m.o
                0x00000000080051b0                vMBMasterErrorCBRespondTimeout
 .text.vMBMasterErrorCBReceiveData
                0x00000000080051c4       0x14 ./FreeModbus/Src/portevent_m.o
                0x00000000080051c4                vMBMasterErrorCBReceiveData
 .text.vMBMasterErrorCBExecuteFunction
                0x00000000080051d8       0x14 ./FreeModbus/Src/portevent_m.o
                0x00000000080051d8                vMBMasterErrorCBExecuteFunction
 .text.vMBMasterCBRequestScuuess
                0x00000000080051ec       0x14 ./FreeModbus/Src/portevent_m.o
                0x00000000080051ec                vMBMasterCBRequestScuuess
 .text.eMBMasterWaitRequestFinish
                0x0000000008005200       0x4c ./FreeModbus/Src/portevent_m.o
                0x0000000008005200                eMBMasterWaitRequestFinish
 .text.xMBMasterPortSerialInit
                0x000000000800524c       0x58 ./FreeModbus/Src/portserial_m.o
                0x000000000800524c                xMBMasterPortSerialInit
 .text.vMBMasterPortSerialEnable
                0x00000000080052a4       0x64 ./FreeModbus/Src/portserial_m.o
                0x00000000080052a4                vMBMasterPortSerialEnable
 .text.xMBMasterPortSerialPutByte
                0x0000000008005308       0x20 ./FreeModbus/Src/portserial_m.o
                0x0000000008005308                xMBMasterPortSerialPutByte
 .text.xMBMasterPortSerialGetByte
                0x0000000008005328       0x10 ./FreeModbus/Src/portserial_m.o
                0x0000000008005328                xMBMasterPortSerialGetByte
 .text.HAL_UART_TxCpltCallback
                0x0000000008005338       0x38 ./FreeModbus/Src/portserial_m.o
                0x0000000008005338                HAL_UART_TxCpltCallback
 .text.StartUARTTask
                0x0000000008005370       0x38 ./FreeModbus/Src/portserial_m.o
                0x0000000008005370                StartUARTTask
 .text.HAL_UART_RxCpltCallback
                0x00000000080053a8       0x2c ./FreeModbus/Src/portserial_m.o
                0x00000000080053a8                HAL_UART_RxCpltCallback
 .text.xMBMasterPortTimersInit
                0x00000000080053d4        0xa ./FreeModbus/Src/porttimer_m.o
                0x00000000080053d4                xMBMasterPortTimersInit
 .text.vMBMasterPortTimersT35Enable
                0x00000000080053de        0xe ./FreeModbus/Src/porttimer_m.o
                0x00000000080053de                vMBMasterPortTimersT35Enable
 .text.vMBMasterPortTimersConvertDelayEnable
                0x00000000080053ec       0x14 ./FreeModbus/Src/porttimer_m.o
                0x00000000080053ec                vMBMasterPortTimersConvertDelayEnable
 .text.vMBMasterPortTimersRespondTimeoutEnable
                0x0000000008005400       0x14 ./FreeModbus/Src/porttimer_m.o
                0x0000000008005400                vMBMasterPortTimersRespondTimeoutEnable
 .text.vMBMasterPortTimersDisable
                0x0000000008005414        0xc ./FreeModbus/Src/porttimer_m.o
                0x0000000008005414                vMBMasterPortTimersDisable
 .text.prvvTIMERExpiredISR
                0x0000000008005420       0x10 ./FreeModbus/Src/porttimer_m.o
                0x0000000008005420                prvvTIMERExpiredISR
 .text.usGetInput
                0x0000000008005430       0x10 ./FreeModbus/Src/user_mb_app_m.o
                0x0000000008005430                usGetInput
 .text.eMBMasterRegInputCB
                0x0000000008005440       0x68 ./FreeModbus/Src/user_mb_app_m.o
                0x0000000008005440                eMBMasterRegInputCB
 .text.eMBMasterRegHoldingCB
                0x00000000080054a8       0x6c ./FreeModbus/Src/user_mb_app_m.o
                0x00000000080054a8                eMBMasterRegHoldingCB
 .text.eMBMasterRegCoilsCB
                0x0000000008005514       0x9c ./FreeModbus/Src/user_mb_app_m.o
                0x0000000008005514                eMBMasterRegCoilsCB
 .text.eMBMasterRegDiscreteCB
                0x00000000080055b0       0x98 ./FreeModbus/Src/user_mb_app_m.o
                0x00000000080055b0                eMBMasterRegDiscreteCB
 .text.osKernelInitialize
                0x0000000008005648       0x48 ./Middlewares/Third_Party/FreeRTOS/Source/CMSIS_RTOS_V2/cmsis_os2.o
                0x0000000008005648                osKernelInitialize
 .text.osKernelStart
                0x0000000008005690       0x50 ./Middlewares/Third_Party/FreeRTOS/Source/CMSIS_RTOS_V2/cmsis_os2.o
                0x0000000008005690                osKernelStart
 .text.osThreadNew
                0x00000000080056e0       0xcc ./Middlewares/Third_Party/FreeRTOS/Source/CMSIS_RTOS_V2/cmsis_os2.o
                0x00000000080056e0                osThreadNew
 .text.osDelay  0x00000000080057ac       0x44 ./Middlewares/Third_Party/FreeRTOS/Source/CMSIS_RTOS_V2/cmsis_os2.o
                0x00000000080057ac                osDelay
 .text.osEventFlagsNew
                0x00000000080057f0       0x50 ./Middlewares/Third_Party/FreeRTOS/Source/CMSIS_RTOS_V2/cmsis_os2.o
                0x00000000080057f0                osEventFlagsNew
 .text.osSemaphoreNew
                0x0000000008005840       0xe8 ./Middlewares/Third_Party/FreeRTOS/Source/CMSIS_RTOS_V2/cmsis_os2.o
                0x0000000008005840                osSemaphoreNew
 .text.vApplicationGetIdleTaskMemory
                0x0000000008005928       0x18 ./Middlewares/Third_Party/FreeRTOS/Source/CMSIS_RTOS_V2/cmsis_os2.o
                0x0000000008005928                vApplicationGetIdleTaskMemory
 .text.vApplicationGetTimerTaskMemory
                0x0000000008005940       0x18 ./Middlewares/Third_Party/FreeRTOS/Source/CMSIS_RTOS_V2/cmsis_os2.o
                0x0000000008005940                vApplicationGetTimerTaskMemory
 .text.xEventGroupCreateStatic
                0x0000000008005958       0x4a ./Middlewares/Third_Party/FreeRTOS/Source/event_groups.o
                0x0000000008005958                xEventGroupCreateStatic
 .text.xEventGroupCreate
                0x00000000080059a2       0x1c ./Middlewares/Third_Party/FreeRTOS/Source/event_groups.o
                0x00000000080059a2                xEventGroupCreate
 .text.xEventGroupWaitBits
                0x00000000080059be      0x116 ./Middlewares/Third_Party/FreeRTOS/Source/event_groups.o
                0x00000000080059be                xEventGroupWaitBits
 .text.xEventGroupSetBits
                0x0000000008005ad4       0x92 ./Middlewares/Third_Party/FreeRTOS/Source/event_groups.o
                0x0000000008005ad4                xEventGroupSetBits
 .text.vEventGroupSetBitsCallback
                0x0000000008005b66        0x8 ./Middlewares/Third_Party/FreeRTOS/Source/event_groups.o
                0x0000000008005b66                vEventGroupSetBitsCallback
 *fill*         0x0000000008005b6e        0x2 
 .text.xEventGroupSetBitsFromISR
                0x0000000008005b70       0x14 ./Middlewares/Third_Party/FreeRTOS/Source/event_groups.o
                0x0000000008005b70                xEventGroupSetBitsFromISR
 .text.vListInitialise
                0x0000000008005b84       0x16 ./Middlewares/Third_Party/FreeRTOS/Source/list.o
                0x0000000008005b84                vListInitialise
 .text.vListInitialiseItem
                0x0000000008005b9a        0x6 ./Middlewares/Third_Party/FreeRTOS/Source/list.o
                0x0000000008005b9a                vListInitialiseItem
 .text.vListInsertEnd
                0x0000000008005ba0       0x16 ./Middlewares/Third_Party/FreeRTOS/Source/list.o
                0x0000000008005ba0                vListInsertEnd
 .text.vListInsert
                0x0000000008005bb6       0x32 ./Middlewares/Third_Party/FreeRTOS/Source/list.o
                0x0000000008005bb6                vListInsert
 .text.uxListRemove
                0x0000000008005be8       0x24 ./Middlewares/Third_Party/FreeRTOS/Source/list.o
                0x0000000008005be8                uxListRemove
 .text.prvIsQueueEmpty
                0x0000000008005c0c       0x16 ./Middlewares/Third_Party/FreeRTOS/Source/queue.o
 .text.prvCopyDataToQueue
                0x0000000008005c22       0x76 ./Middlewares/Third_Party/FreeRTOS/Source/queue.o
 .text.prvCopyDataFromQueue
                0x0000000008005c98       0x24 ./Middlewares/Third_Party/FreeRTOS/Source/queue.o
 .text.prvUnlockQueue
                0x0000000008005cbc       0x76 ./Middlewares/Third_Party/FreeRTOS/Source/queue.o
 .text.xQueueGenericReset
                0x0000000008005d32       0x84 ./Middlewares/Third_Party/FreeRTOS/Source/queue.o
                0x0000000008005d32                xQueueGenericReset
 .text.xQueueGenericCreateStatic
                0x0000000008005db6       0xac ./Middlewares/Third_Party/FreeRTOS/Source/queue.o
                0x0000000008005db6                xQueueGenericCreateStatic
 .text.xQueueGenericCreate
                0x0000000008005e62       0x50 ./Middlewares/Third_Party/FreeRTOS/Source/queue.o
                0x0000000008005e62                xQueueGenericCreate
 .text.xQueueCreateCountingSemaphoreStatic
                0x0000000008005eb2       0x46 ./Middlewares/Third_Party/FreeRTOS/Source/queue.o
                0x0000000008005eb2                xQueueCreateCountingSemaphoreStatic
 .text.xQueueCreateCountingSemaphore
                0x0000000008005ef8       0x3c ./Middlewares/Third_Party/FreeRTOS/Source/queue.o
                0x0000000008005ef8                xQueueCreateCountingSemaphore
 .text.xQueueGenericSend
                0x0000000008005f34      0x198 ./Middlewares/Third_Party/FreeRTOS/Source/queue.o
                0x0000000008005f34                xQueueGenericSend
 .text.xQueueGenericSendFromISR
                0x00000000080060cc       0xcc ./Middlewares/Third_Party/FreeRTOS/Source/queue.o
                0x00000000080060cc                xQueueGenericSendFromISR
 .text.xQueueReceive
                0x0000000008006198      0x164 ./Middlewares/Third_Party/FreeRTOS/Source/queue.o
                0x0000000008006198                xQueueReceive
 .text.xQueueSemaphoreTake
                0x00000000080062fc      0x1a6 ./Middlewares/Third_Party/FreeRTOS/Source/queue.o
                0x00000000080062fc                xQueueSemaphoreTake
 *fill*         0x00000000080064a2        0x2 
 .text.vQueueAddToRegistry
                0x00000000080064a4       0x28 ./Middlewares/Third_Party/FreeRTOS/Source/queue.o
                0x00000000080064a4                vQueueAddToRegistry
 .text.vQueueUnregisterQueue
                0x00000000080064cc       0x2c ./Middlewares/Third_Party/FreeRTOS/Source/queue.o
                0x00000000080064cc                vQueueUnregisterQueue
 .text.vQueueDelete
                0x00000000080064f8       0x2c ./Middlewares/Third_Party/FreeRTOS/Source/queue.o
                0x00000000080064f8                vQueueDelete
 .text.vQueueWaitForMessageRestricted
                0x0000000008006524       0x4e ./Middlewares/Third_Party/FreeRTOS/Source/queue.o
                0x0000000008006524                vQueueWaitForMessageRestricted
 *fill*         0x0000000008006572        0x2 
 .text.prvResetNextTaskUnblockTime
                0x0000000008006574       0x2c ./Middlewares/Third_Party/FreeRTOS/Source/tasks.o
 .text.prvInitialiseNewTask
                0x00000000080065a0       0xb8 ./Middlewares/Third_Party/FreeRTOS/Source/tasks.o
 .text.prvAddNewTaskToReadyList
                0x0000000008006658      0x100 ./Middlewares/Third_Party/FreeRTOS/Source/tasks.o
 .text.prvDeleteTCB
                0x0000000008006758       0x40 ./Middlewares/Third_Party/FreeRTOS/Source/tasks.o
 .text.prvIdleTask
                0x0000000008006798       0x68 ./Middlewares/Third_Party/FreeRTOS/Source/tasks.o
 .text.prvAddCurrentTaskToDelayedList
                0x0000000008006800       0x7c ./Middlewares/Third_Party/FreeRTOS/Source/tasks.o
 .text.xTaskCreateStatic
                0x000000000800687c       0x74 ./Middlewares/Third_Party/FreeRTOS/Source/tasks.o
                0x000000000800687c                xTaskCreateStatic
 .text.xTaskCreate
                0x00000000080068f0       0x64 ./Middlewares/Third_Party/FreeRTOS/Source/tasks.o
                0x00000000080068f0                xTaskCreate
 .text.vTaskStartScheduler
                0x0000000008006954       0x9c ./Middlewares/Third_Party/FreeRTOS/Source/tasks.o
                0x0000000008006954                vTaskStartScheduler
 .text.vTaskSuspendAll
                0x00000000080069f0       0x10 ./Middlewares/Third_Party/FreeRTOS/Source/tasks.o
                0x00000000080069f0                vTaskSuspendAll
 .text.xTaskGetTickCount
                0x0000000008006a00        0xc ./Middlewares/Third_Party/FreeRTOS/Source/tasks.o
                0x0000000008006a00                xTaskGetTickCount
 .text.xTaskIncrementTick
                0x0000000008006a0c      0x134 ./Middlewares/Third_Party/FreeRTOS/Source/tasks.o
                0x0000000008006a0c                xTaskIncrementTick
 .text.xTaskResumeAll
                0x0000000008006b40      0x104 ./Middlewares/Third_Party/FreeRTOS/Source/tasks.o
                0x0000000008006b40                xTaskResumeAll
 .text.vTaskDelay
                0x0000000008006c44       0x4c ./Middlewares/Third_Party/FreeRTOS/Source/tasks.o
                0x0000000008006c44                vTaskDelay
 .text.vTaskSwitchContext
                0x0000000008006c90       0xac ./Middlewares/Third_Party/FreeRTOS/Source/tasks.o
                0x0000000008006c90                vTaskSwitchContext
 .text.vTaskPlaceOnEventList
                0x0000000008006d3c       0x30 ./Middlewares/Third_Party/FreeRTOS/Source/tasks.o
                0x0000000008006d3c                vTaskPlaceOnEventList
 .text.vTaskPlaceOnUnorderedEventList
                0x0000000008006d6c       0x58 ./Middlewares/Third_Party/FreeRTOS/Source/tasks.o
                0x0000000008006d6c                vTaskPlaceOnUnorderedEventList
 .text.vTaskPlaceOnEventListRestricted
                0x0000000008006dc4       0x3c ./Middlewares/Third_Party/FreeRTOS/Source/tasks.o
                0x0000000008006dc4                vTaskPlaceOnEventListRestricted
 .text.xTaskRemoveFromEventList
                0x0000000008006e00       0x88 ./Middlewares/Third_Party/FreeRTOS/Source/tasks.o
                0x0000000008006e00                xTaskRemoveFromEventList
 .text.vTaskRemoveFromUnorderedEventList
                0x0000000008006e88       0x88 ./Middlewares/Third_Party/FreeRTOS/Source/tasks.o
                0x0000000008006e88                vTaskRemoveFromUnorderedEventList
 .text.vTaskInternalSetTimeOutState
                0x0000000008006f10       0x18 ./Middlewares/Third_Party/FreeRTOS/Source/tasks.o
                0x0000000008006f10                vTaskInternalSetTimeOutState
 .text.xTaskCheckForTimeOut
                0x0000000008006f28       0x84 ./Middlewares/Third_Party/FreeRTOS/Source/tasks.o
                0x0000000008006f28                xTaskCheckForTimeOut
 .text.vTaskMissedYield
                0x0000000008006fac        0xc ./Middlewares/Third_Party/FreeRTOS/Source/tasks.o
                0x0000000008006fac                vTaskMissedYield
 .text.xTaskGetSchedulerState
                0x0000000008006fb8       0x20 ./Middlewares/Third_Party/FreeRTOS/Source/tasks.o
                0x0000000008006fb8                xTaskGetSchedulerState
 .text.xTaskPriorityInherit
                0x0000000008006fd8       0x98 ./Middlewares/Third_Party/FreeRTOS/Source/tasks.o
                0x0000000008006fd8                xTaskPriorityInherit
 .text.xTaskPriorityDisinherit
                0x0000000008007070       0x90 ./Middlewares/Third_Party/FreeRTOS/Source/tasks.o
                0x0000000008007070                xTaskPriorityDisinherit
 .text.vTaskPriorityDisinheritAfterTimeout
                0x0000000008007100       0xa0 ./Middlewares/Third_Party/FreeRTOS/Source/tasks.o
                0x0000000008007100                vTaskPriorityDisinheritAfterTimeout
 .text.uxTaskResetEventItemValue
                0x00000000080071a0       0x18 ./Middlewares/Third_Party/FreeRTOS/Source/tasks.o
                0x00000000080071a0                uxTaskResetEventItemValue
 .text.pvTaskIncrementMutexHeldCount
                0x00000000080071b8       0x1c ./Middlewares/Third_Party/FreeRTOS/Source/tasks.o
                0x00000000080071b8                pvTaskIncrementMutexHeldCount
 .text.prvInsertTimerInActiveList
                0x00000000080071d4       0x48 ./Middlewares/Third_Party/FreeRTOS/Source/timers.o
 .text.prvCheckForValidListAndQueue
                0x000000000800721c       0x70 ./Middlewares/Third_Party/FreeRTOS/Source/timers.o
 .text.xTimerCreateTimerTask
                0x000000000800728c       0x64 ./Middlewares/Third_Party/FreeRTOS/Source/timers.o
                0x000000000800728c                xTimerCreateTimerTask
 .text.xTimerGenericCommand
                0x00000000080072f0       0x60 ./Middlewares/Third_Party/FreeRTOS/Source/timers.o
                0x00000000080072f0                xTimerGenericCommand
 .text.prvSampleTimeNow
                0x0000000008007350       0xac ./Middlewares/Third_Party/FreeRTOS/Source/timers.o
 .text.prvTimerTask
                0x00000000080073fc      0x1e4 ./Middlewares/Third_Party/FreeRTOS/Source/timers.o
 .text.xTimerPendFunctionCallFromISR
                0x00000000080075e0       0x28 ./Middlewares/Third_Party/FreeRTOS/Source/timers.o
                0x00000000080075e0                xTimerPendFunctionCallFromISR
 .text.prvTaskExitError
                0x0000000008007608       0x40 ./Middlewares/Third_Party/FreeRTOS/Source/portable/GCC/ARM_CM3/port.o
 .text.prvPortStartFirstTask
                0x0000000008007648       0x20 ./Middlewares/Third_Party/FreeRTOS/Source/portable/GCC/ARM_CM3/port.o
 .text.pxPortInitialiseStack
                0x0000000008007668       0x24 ./Middlewares/Third_Party/FreeRTOS/Source/portable/GCC/ARM_CM3/port.o
                0x0000000008007668                pxPortInitialiseStack
 *fill*         0x000000000800768c        0x4 
 .text.SVC_Handler
                0x0000000008007690       0x24 ./Middlewares/Third_Party/FreeRTOS/Source/portable/GCC/ARM_CM3/port.o
                0x0000000008007690                SVC_Handler
 .text.vPortEnterCritical
                0x00000000080076b4       0x44 ./Middlewares/Third_Party/FreeRTOS/Source/portable/GCC/ARM_CM3/port.o
                0x00000000080076b4                vPortEnterCritical
 .text.vPortExitCritical
                0x00000000080076f8       0x2c ./Middlewares/Third_Party/FreeRTOS/Source/portable/GCC/ARM_CM3/port.o
                0x00000000080076f8                vPortExitCritical
 *fill*         0x0000000008007724        0xc 
 .text.PendSV_Handler
                0x0000000008007730       0x44 ./Middlewares/Third_Party/FreeRTOS/Source/portable/GCC/ARM_CM3/port.o
                0x0000000008007730                PendSV_Handler
 .text.SysTick_Handler
                0x0000000008007774       0x2c ./Middlewares/Third_Party/FreeRTOS/Source/portable/GCC/ARM_CM3/port.o
                0x0000000008007774                SysTick_Handler
 .text.vPortSetupTimerInterrupt
                0x00000000080077a0       0x28 ./Middlewares/Third_Party/FreeRTOS/Source/portable/GCC/ARM_CM3/port.o
                0x00000000080077a0                vPortSetupTimerInterrupt
 .text.xPortStartScheduler
                0x00000000080077c8       0xc4 ./Middlewares/Third_Party/FreeRTOS/Source/portable/GCC/ARM_CM3/port.o
                0x00000000080077c8                xPortStartScheduler
 .text.vPortValidateInterruptPriority
                0x000000000800788c       0x5c ./Middlewares/Third_Party/FreeRTOS/Source/portable/GCC/ARM_CM3/port.o
                0x000000000800788c                vPortValidateInterruptPriority
 .text.prvInsertBlockIntoFreeList
                0x00000000080078e8       0x60 ./Middlewares/Third_Party/FreeRTOS/Source/portable/MemMang/heap_4.o
 .text.pvPortMalloc
                0x0000000008007948      0x12c ./Middlewares/Third_Party/FreeRTOS/Source/portable/MemMang/heap_4.o
                0x0000000008007948                pvPortMalloc
 .text.vPortFree
                0x0000000008007a74       0x6c ./Middlewares/Third_Party/FreeRTOS/Source/portable/MemMang/heap_4.o
                0x0000000008007a74                vPortFree
 .text.__libc_init_array
                0x0000000008007ae0       0x48 c:/st/stm32cubeide_1.12.0/stm32cubeide/plugins/com.st.stm32cube.ide.mcu.externaltools.gnu-tools-for-stm32.10.3-2021.10.win32_1.0.200.202301161003/tools/bin/../lib/gcc/arm-none-eabi/10.3.1/../../../../arm-none-eabi/lib/thumb/v7-m/nofp\libc_nano.a(lib_a-init.o)
                0x0000000008007ae0                __libc_init_array
 .text.__retarget_lock_acquire_recursive
                0x0000000008007b28        0x2 c:/st/stm32cubeide_1.12.0/stm32cubeide/plugins/com.st.stm32cube.ide.mcu.externaltools.gnu-tools-for-stm32.10.3-2021.10.win32_1.0.200.202301161003/tools/bin/../lib/gcc/arm-none-eabi/10.3.1/../../../../arm-none-eabi/lib/thumb/v7-m/nofp\libc_nano.a(lib_a-lock.o)
                0x0000000008007b28                __retarget_lock_acquire_recursive
 .text.__retarget_lock_release_recursive
                0x0000000008007b2a        0x2 c:/st/stm32cubeide_1.12.0/stm32cubeide/plugins/com.st.stm32cube.ide.mcu.externaltools.gnu-tools-for-stm32.10.3-2021.10.win32_1.0.200.202301161003/tools/bin/../lib/gcc/arm-none-eabi/10.3.1/../../../../arm-none-eabi/lib/thumb/v7-m/nofp\libc_nano.a(lib_a-lock.o)
                0x0000000008007b2a                __retarget_lock_release_recursive
 .text.memcpy   0x0000000008007b2c       0x1c c:/st/stm32cubeide_1.12.0/stm32cubeide/plugins/com.st.stm32cube.ide.mcu.externaltools.gnu-tools-for-stm32.10.3-2021.10.win32_1.0.200.202301161003/tools/bin/../lib/gcc/arm-none-eabi/10.3.1/../../../../arm-none-eabi/lib/thumb/v7-m/nofp\libc_nano.a(lib_a-memcpy-stub.o)
                0x0000000008007b2c                memcpy
 .text.memset   0x0000000008007b48       0x10 c:/st/stm32cubeide_1.12.0/stm32cubeide/plugins/com.st.stm32cube.ide.mcu.externaltools.gnu-tools-for-stm32.10.3-2021.10.win32_1.0.200.202301161003/tools/bin/../lib/gcc/arm-none-eabi/10.3.1/../../../../arm-none-eabi/lib/thumb/v7-m/nofp\libc_nano.a(lib_a-memset.o)
                0x0000000008007b48                memset
 .text.cleanup_glue
                0x0000000008007b58       0x1a c:/st/stm32cubeide_1.12.0/stm32cubeide/plugins/com.st.stm32cube.ide.mcu.externaltools.gnu-tools-for-stm32.10.3-2021.10.win32_1.0.200.202301161003/tools/bin/../lib/gcc/arm-none-eabi/10.3.1/../../../../arm-none-eabi/lib/thumb/v7-m/nofp\libc_nano.a(lib_a-reent.o)
                0x0000000008007b58                cleanup_glue
 *fill*         0x0000000008007b72        0x2 
 .text._reclaim_reent
                0x0000000008007b74       0xb8 c:/st/stm32cubeide_1.12.0/stm32cubeide/plugins/com.st.stm32cube.ide.mcu.externaltools.gnu-tools-for-stm32.10.3-2021.10.win32_1.0.200.202301161003/tools/bin/../lib/gcc/arm-none-eabi/10.3.1/../../../../arm-none-eabi/lib/thumb/v7-m/nofp\libc_nano.a(lib_a-reent.o)
                0x0000000008007b74                _reclaim_reent
 .text.__malloc_lock
                0x0000000008007c2c        0xc c:/st/stm32cubeide_1.12.0/stm32cubeide/plugins/com.st.stm32cube.ide.mcu.externaltools.gnu-tools-for-stm32.10.3-2021.10.win32_1.0.200.202301161003/tools/bin/../lib/gcc/arm-none-eabi/10.3.1/../../../../arm-none-eabi/lib/thumb/v7-m/nofp\libc_nano.a(lib_a-mlock.o)
                0x0000000008007c2c                __malloc_lock
 .text.__malloc_unlock
                0x0000000008007c38        0xc c:/st/stm32cubeide_1.12.0/stm32cubeide/plugins/com.st.stm32cube.ide.mcu.externaltools.gnu-tools-for-stm32.10.3-2021.10.win32_1.0.200.202301161003/tools/bin/../lib/gcc/arm-none-eabi/10.3.1/../../../../arm-none-eabi/lib/thumb/v7-m/nofp\libc_nano.a(lib_a-mlock.o)
                0x0000000008007c38                __malloc_unlock
 .text._free_r  0x0000000008007c44       0x90 c:/st/stm32cubeide_1.12.0/stm32cubeide/plugins/com.st.stm32cube.ide.mcu.externaltools.gnu-tools-for-stm32.10.3-2021.10.win32_1.0.200.202301161003/tools/bin/../lib/gcc/arm-none-eabi/10.3.1/../../../../arm-none-eabi/lib/thumb/v7-m/nofp\libc_nano.a(lib_a-nano-freer.o)
                0x0000000008007c44                _free_r
 *(.glue_7)
 .glue_7        0x0000000008007cd4        0x0 linker stubs
 *(.glue_7t)
 .glue_7t       0x0000000008007cd4        0x0 linker stubs
 *(.eh_frame)
 .eh_frame      0x0000000008007cd4        0x0 c:/st/stm32cubeide_1.12.0/stm32cubeide/plugins/com.st.stm32cube.ide.mcu.externaltools.gnu-tools-for-stm32.10.3-2021.10.win32_1.0.200.202301161003/tools/bin/../lib/gcc/arm-none-eabi/10.3.1/thumb/v7-m/nofp/crtbegin.o
 *(.init)
 .init          0x0000000008007cd4        0x4 c:/st/stm32cubeide_1.12.0/stm32cubeide/plugins/com.st.stm32cube.ide.mcu.externaltools.gnu-tools-for-stm32.10.3-2021.10.win32_1.0.200.202301161003/tools/bin/../lib/gcc/arm-none-eabi/10.3.1/thumb/v7-m/nofp/crti.o
                0x0000000008007cd4                _init
 .init          0x0000000008007cd8        0x8 c:/st/stm32cubeide_1.12.0/stm32cubeide/plugins/com.st.stm32cube.ide.mcu.externaltools.gnu-tools-for-stm32.10.3-2021.10.win32_1.0.200.202301161003/tools/bin/../lib/gcc/arm-none-eabi/10.3.1/thumb/v7-m/nofp/crtn.o
 *(.fini)
 .fini          0x0000000008007ce0        0x4 c:/st/stm32cubeide_1.12.0/stm32cubeide/plugins/com.st.stm32cube.ide.mcu.externaltools.gnu-tools-for-stm32.10.3-2021.10.win32_1.0.200.202301161003/tools/bin/../lib/gcc/arm-none-eabi/10.3.1/thumb/v7-m/nofp/crti.o
                0x0000000008007ce0                _fini
 .fini          0x0000000008007ce4        0x8 c:/st/stm32cubeide_1.12.0/stm32cubeide/plugins/com.st.stm32cube.ide.mcu.externaltools.gnu-tools-for-stm32.10.3-2021.10.win32_1.0.200.202301161003/tools/bin/../lib/gcc/arm-none-eabi/10.3.1/thumb/v7-m/nofp/crtn.o
                0x0000000008007cec                . = ALIGN (0x4)
                0x0000000008007cec                _etext = .

.vfp11_veneer   0x0000000008007cec        0x0
 .vfp11_veneer  0x0000000008007cec        0x0 linker stubs

.v4_bx          0x0000000008007cec        0x0
 .v4_bx         0x0000000008007cec        0x0 linker stubs

.iplt           0x0000000008007cec        0x0
 .iplt          0x0000000008007cec        0x0 c:/st/stm32cubeide_1.12.0/stm32cubeide/plugins/com.st.stm32cube.ide.mcu.externaltools.gnu-tools-for-stm32.10.3-2021.10.win32_1.0.200.202301161003/tools/bin/../lib/gcc/arm-none-eabi/10.3.1/thumb/v7-m/nofp/crtbegin.o

.rodata         0x0000000008007cec      0x560
                0x0000000008007cec                . = ALIGN (0x4)
 *(.rodata)
 *(.rodata*)
 .rodata.B57164CalPoint
                0x0000000008007cec       0x2c ./Core/Src/din_dout.o
                0x0000000008007cec                B57164CalPoint
 .rodata.CalPoint
                0x0000000008007d18       0x50 ./Core/Src/din_dout.o
                0x0000000008007d18                CalPoint
 .rodata.xDinPortConfig
                0x0000000008007d68       0x60 ./Core/Src/din_dout.o
                0x0000000008007d68                xDinPortConfig
 .rodata.str1.4
                0x0000000008007dc8       0x6c ./Core/Src/main.o
 .rodata.DIN_DOUT_attributes
                0x0000000008007e34       0x24 ./Core/Src/main.o
                0x0000000008007e34                DIN_DOUT_attributes
 .rodata.DataTask_attributes
                0x0000000008007e58       0x24 ./Core/Src/main.o
                0x0000000008007e58                DataTask_attributes
 .rodata.MBTask_attributes
                0x0000000008007e7c       0x24 ./Core/Src/main.o
                0x0000000008007e7c                MBTask_attributes
 .rodata.UARTTask_attributes
                0x0000000008007ea0       0x24 ./Core/Src/main.o
                0x0000000008007ea0                UARTTask_attributes
 .rodata.defaultTask_attributes
                0x0000000008007ec4       0x24 ./Core/Src/main.o
                0x0000000008007ec4                defaultTask_attributes
 .rodata.mbSem_attributes
                0x0000000008007ee8       0x10 ./Core/Src/main.o
                0x0000000008007ee8                mbSem_attributes
 .rodata.xOSEvent_attributes
                0x0000000008007ef8       0x10 ./Core/Src/main.o
                0x0000000008007ef8                xOSEvent_attributes
 .rodata.xSystemControlEvent_attributes
                0x0000000008007f08       0x10 ./Core/Src/main.o
                0x0000000008007f08                xSystemControlEvent_attributes
 .rodata.xUARTEvnet_attributes
                0x0000000008007f18       0x10 ./Core/Src/main.o
                0x0000000008007f18                xUARTEvnet_attributes
 .rodata.AHBPrescTable
                0x0000000008007f28       0x10 ./Core/Src/system_stm32f1xx.o
                0x0000000008007f28                AHBPrescTable
 .rodata.APBPrescTable
                0x0000000008007f38        0x8 ./Core/Src/system_stm32f1xx.o
                0x0000000008007f38                APBPrescTable
 .rodata.aPLLMULFactorTable.1
                0x0000000008007f40       0x10 ./Drivers/STM32F1xx_HAL_Driver/Src/stm32f1xx_hal_rcc.o
 .rodata.aPredivFactorTable.0
                0x0000000008007f50        0x2 ./Drivers/STM32F1xx_HAL_Driver/Src/stm32f1xx_hal_rcc.o
 *fill*         0x0000000008007f52        0x2 
 .rodata.xMasterFuncHandlers
                0x0000000008007f54       0x80 ./FreeModbus/Src/mb_m.o
 .rodata.aucCRCHi
                0x0000000008007fd4      0x100 ./FreeModbus/Src/mbcrc.o
 .rodata.aucCRCLo
                0x00000000080080d4      0x100 ./FreeModbus/Src/mbcrc.o
 .rodata.vTaskStartScheduler.str1.4
                0x00000000080081d4        0x5 ./Middlewares/Third_Party/FreeRTOS/Source/tasks.o
 *fill*         0x00000000080081d9        0x3 
 .rodata.prvCheckForValidListAndQueue.str1.4
                0x00000000080081dc        0x5 ./Middlewares/Third_Party/FreeRTOS/Source/timers.o
 *fill*         0x00000000080081e1        0x3 
 .rodata.xTimerCreateTimerTask.str1.4
                0x00000000080081e4        0x8 ./Middlewares/Third_Party/FreeRTOS/Source/timers.o
 .rodata.__sf_fake_stderr
                0x00000000080081ec       0x20 c:/st/stm32cubeide_1.12.0/stm32cubeide/plugins/com.st.stm32cube.ide.mcu.externaltools.gnu-tools-for-stm32.10.3-2021.10.win32_1.0.200.202301161003/tools/bin/../lib/gcc/arm-none-eabi/10.3.1/../../../../arm-none-eabi/lib/thumb/v7-m/nofp\libc_nano.a(lib_a-findfp.o)
                0x00000000080081ec                __sf_fake_stderr
 .rodata.__sf_fake_stdin
                0x000000000800820c       0x20 c:/st/stm32cubeide_1.12.0/stm32cubeide/plugins/com.st.stm32cube.ide.mcu.externaltools.gnu-tools-for-stm32.10.3-2021.10.win32_1.0.200.202301161003/tools/bin/../lib/gcc/arm-none-eabi/10.3.1/../../../../arm-none-eabi/lib/thumb/v7-m/nofp\libc_nano.a(lib_a-findfp.o)
                0x000000000800820c                __sf_fake_stdin
 .rodata.__sf_fake_stdout
                0x000000000800822c       0x20 c:/st/stm32cubeide_1.12.0/stm32cubeide/plugins/com.st.stm32cube.ide.mcu.externaltools.gnu-tools-for-stm32.10.3-2021.10.win32_1.0.200.202301161003/tools/bin/../lib/gcc/arm-none-eabi/10.3.1/../../../../arm-none-eabi/lib/thumb/v7-m/nofp\libc_nano.a(lib_a-findfp.o)
                0x000000000800822c                __sf_fake_stdout
                0x000000000800824c                . = ALIGN (0x4)

.rel.dyn        0x000000000800824c        0x0
 .rel.iplt      0x000000000800824c        0x0 c:/st/stm32cubeide_1.12.0/stm32cubeide/plugins/com.st.stm32cube.ide.mcu.externaltools.gnu-tools-for-stm32.10.3-2021.10.win32_1.0.200.202301161003/tools/bin/../lib/gcc/arm-none-eabi/10.3.1/thumb/v7-m/nofp/crtbegin.o

.ARM.extab      0x000000000800824c        0x0
                0x000000000800824c                . = ALIGN (0x4)
 *(.ARM.extab* .gnu.linkonce.armextab.*)
                0x000000000800824c                . = ALIGN (0x4)

.ARM            0x000000000800824c        0x0
                0x000000000800824c                . = ALIGN (0x4)
                0x000000000800824c                __exidx_start = .
 *(.ARM.exidx*)
                0x000000000800824c                __exidx_end = .
                0x000000000800824c                . = ALIGN (0x4)

.preinit_array  0x000000000800824c        0x0
                0x000000000800824c                . = ALIGN (0x4)
                0x000000000800824c                PROVIDE (__preinit_array_start = .)
 *(.preinit_array*)
                0x000000000800824c                PROVIDE (__preinit_array_end = .)
                0x000000000800824c                . = ALIGN (0x4)

.init_array     0x000000000800824c        0x4
                0x000000000800824c                . = ALIGN (0x4)
                0x000000000800824c                PROVIDE (__init_array_start = .)
 *(SORT_BY_NAME(.init_array.*))
 *(.init_array*)
 .init_array    0x000000000800824c        0x4 c:/st/stm32cubeide_1.12.0/stm32cubeide/plugins/com.st.stm32cube.ide.mcu.externaltools.gnu-tools-for-stm32.10.3-2021.10.win32_1.0.200.202301161003/tools/bin/../lib/gcc/arm-none-eabi/10.3.1/thumb/v7-m/nofp/crtbegin.o
                0x0000000008008250                PROVIDE (__init_array_end = .)
                0x0000000008008250                . = ALIGN (0x4)

.fini_array     0x0000000008008250        0x4
                0x0000000008008250                . = ALIGN (0x4)
                [!provide]                        PROVIDE (__fini_array_start = .)
 *(SORT_BY_NAME(.fini_array.*))
 *(.fini_array*)
 .fini_array    0x0000000008008250        0x4 c:/st/stm32cubeide_1.12.0/stm32cubeide/plugins/com.st.stm32cube.ide.mcu.externaltools.gnu-tools-for-stm32.10.3-2021.10.win32_1.0.200.202301161003/tools/bin/../lib/gcc/arm-none-eabi/10.3.1/thumb/v7-m/nofp/crtbegin.o
                [!provide]                        PROVIDE (__fini_array_end = .)
                0x0000000008008254                . = ALIGN (0x4)
                0x0000000008008254                _sidata = LOADADDR (.data)

.data           0x0000000020000000       0x80 load address 0x0000000008008254
                0x0000000020000000                . = ALIGN (0x4)
                0x0000000020000000                _sdata = .
 *(.data)
 *(.data*)
 .data.mster_control_addres
                0x0000000020000000        0x1 ./Core/Src/mainFSM.o
 *fill*         0x0000000020000001        0x3 
 .data.SystemCoreClock
                0x0000000020000004        0x4 ./Core/Src/system_stm32f1xx.o
                0x0000000020000004                SystemCoreClock
 .data.uwTickFreq
                0x0000000020000008        0x1 ./Drivers/STM32F1xx_HAL_Driver/Src/stm32f1xx_hal.o
                0x0000000020000008                uwTickFreq
 *fill*         0x0000000020000009        0x3 
 .data.uwTickPrio
                0x000000002000000c        0x4 ./Drivers/STM32F1xx_HAL_Driver/Src/stm32f1xx_hal.o
                0x000000002000000c                uwTickPrio
 .data.eMBState
                0x0000000020000010        0x1 ./FreeModbus/Src/mb_m.o
 *fill*         0x0000000020000011        0x1 
 .data.usMCoilStart
                0x0000000020000012        0x2 ./FreeModbus/Src/user_mb_app_m.o
                0x0000000020000012                usMCoilStart
 .data.usMRegHoldStart
                0x0000000020000014        0x2 ./FreeModbus/Src/user_mb_app_m.o
                0x0000000020000014                usMRegHoldStart
 .data.usMRegInStart
                0x0000000020000016        0x2 ./FreeModbus/Src/user_mb_app_m.o
                0x0000000020000016                usMRegInStart
 .data.uxCriticalNesting
                0x0000000020000018        0x4 ./Middlewares/Third_Party/FreeRTOS/Source/portable/GCC/ARM_CM3/port.o
 .data._impure_ptr
                0x000000002000001c        0x4 c:/st/stm32cubeide_1.12.0/stm32cubeide/plugins/com.st.stm32cube.ide.mcu.externaltools.gnu-tools-for-stm32.10.3-2021.10.win32_1.0.200.202301161003/tools/bin/../lib/gcc/arm-none-eabi/10.3.1/../../../../arm-none-eabi/lib/thumb/v7-m/nofp\libc_nano.a(lib_a-impure.o)
                0x000000002000001c                _impure_ptr
 .data.impure_data
                0x0000000020000020       0x60 c:/st/stm32cubeide_1.12.0/stm32cubeide/plugins/com.st.stm32cube.ide.mcu.externaltools.gnu-tools-for-stm32.10.3-2021.10.win32_1.0.200.202301161003/tools/bin/../lib/gcc/arm-none-eabi/10.3.1/../../../../arm-none-eabi/lib/thumb/v7-m/nofp\libc_nano.a(lib_a-impure.o)
 *(.RamFunc)
 *(.RamFunc*)
                0x0000000020000080                . = ALIGN (0x4)
                0x0000000020000080                _edata = .

.igot.plt       0x0000000020000080        0x0 load address 0x00000000080082d4
 .igot.plt      0x0000000020000080        0x0 c:/st/stm32cubeide_1.12.0/stm32cubeide/plugins/com.st.stm32cube.ide.mcu.externaltools.gnu-tools-for-stm32.10.3-2021.10.win32_1.0.200.202301161003/tools/bin/../lib/gcc/arm-none-eabi/10.3.1/thumb/v7-m/nofp/crtbegin.o
                0x0000000020000080                . = ALIGN (0x4)

.bss            0x0000000020000080     0x3808 load address 0x00000000080082d4
                0x0000000020000080                _sbss = .
                0x0000000020000080                __bss_start__ = _sbss
 *(.bss)
 .bss           0x0000000020000080       0x1c c:/st/stm32cubeide_1.12.0/stm32cubeide/plugins/com.st.stm32cube.ide.mcu.externaltools.gnu-tools-for-stm32.10.3-2021.10.win32_1.0.200.202301161003/tools/bin/../lib/gcc/arm-none-eabi/10.3.1/thumb/v7-m/nofp/crtbegin.o
 *(.bss*)
 .bss.usCurMaxIndex
                0x000000002000009c        0x2 ./Core/Src/ain.o
 *fill*         0x000000002000009e        0x2 
 .bss.xAinData  0x00000000200000a0        0x6 ./Core/Src/ain.o
 *fill*         0x00000000200000a6        0x2 
 .bss.xKoofData
                0x00000000200000a8      0x2ac ./Core/Src/ain.o
 .bss.ADC1_DMABuffer
                0x0000000020000354       0x12 ./Core/Src/din_dout.o
 *fill*         0x0000000020000366        0x2 
 .bss.ADC_OLD_RAW
                0x0000000020000368        0x6 ./Core/Src/din_dout.o
 *fill*         0x000000002000036e        0x2 
 .bss.ADC_RAW   0x0000000020000370        0x6 ./Core/Src/din_dout.o
 .bss.DataReadyFlag
                0x0000000020000376        0x1 ./Core/Src/din_dout.o
 .bss.ERROR_PIN_STATE
                0x0000000020000377        0x1 ./Core/Src/din_dout.o
 .bss.GreenLedState
                0x0000000020000378        0x1 ./Core/Src/din_dout.o
 .bss.RedLedState
                0x0000000020000379        0x1 ./Core/Src/din_dout.o
 .bss.timeoutG  0x000000002000037a        0x2 ./Core/Src/din_dout.o
 .bss.timeoutR  0x000000002000037c        0x2 ./Core/Src/din_dout.o
 .bss.timer     0x000000002000037e        0x2 ./Core/Src/din_dout.o
 .bss.xDinConfig
                0x0000000020000380       0xc0 ./Core/Src/din_dout.o
 .bss.xHigherPriorityTaskWoken.0
                0x0000000020000440        0x4 ./Core/Src/din_dout.o
 .bss.xSystemEventGroupHandle
                0x0000000020000444        0x4 ./Core/Src/din_dout.o
 .bss.DIN_DOUTBuffer
                0x0000000020000448      0x280 ./Core/Src/main.o
                0x0000000020000448                DIN_DOUTBuffer
 .bss.DIN_DOUTControlBlock
                0x00000000200006c8       0xbc ./Core/Src/main.o
                0x00000000200006c8                DIN_DOUTControlBlock
 .bss.DIN_DOUTHandle
                0x0000000020000784        0x4 ./Core/Src/main.o
                0x0000000020000784                DIN_DOUTHandle
 .bss.DataTaskBuffer
                0x0000000020000788      0x400 ./Core/Src/main.o
                0x0000000020000788                DataTaskBuffer
 .bss.DataTaskControlBlock
                0x0000000020000b88       0xbc ./Core/Src/main.o
                0x0000000020000b88                DataTaskControlBlock
 .bss.DataTaskHandle
                0x0000000020000c44        0x4 ./Core/Src/main.o
                0x0000000020000c44                DataTaskHandle
 .bss.MBTaskBuffer
                0x0000000020000c48      0x408 ./Core/Src/main.o
                0x0000000020000c48                MBTaskBuffer
 .bss.MBTaskControlBlock
                0x0000000020001050       0xbc ./Core/Src/main.o
                0x0000000020001050                MBTaskControlBlock
 .bss.MBTaskHandle
                0x000000002000110c        0x4 ./Core/Src/main.o
                0x000000002000110c                MBTaskHandle
 .bss.UARTTaskBuffer
                0x0000000020001110      0x200 ./Core/Src/main.o
                0x0000000020001110                UARTTaskBuffer
 .bss.UARTTaskControlBlock
                0x0000000020001310       0xbc ./Core/Src/main.o
                0x0000000020001310                UARTTaskControlBlock
 .bss.UARTTaskHandle
                0x00000000200013cc        0x4 ./Core/Src/main.o
                0x00000000200013cc                UARTTaskHandle
 .bss.defaultTaskBuffer
                0x00000000200013d0      0x200 ./Core/Src/main.o
                0x00000000200013d0                defaultTaskBuffer
 .bss.defaultTaskControlBlock
                0x00000000200015d0       0xbc ./Core/Src/main.o
                0x00000000200015d0                defaultTaskControlBlock
 .bss.defaultTaskHandle
                0x000000002000168c        0x4 ./Core/Src/main.o
                0x000000002000168c                defaultTaskHandle
 .bss.hadc1     0x0000000020001690       0x30 ./Core/Src/main.o
                0x0000000020001690                hadc1
 .bss.hdma_adc1
                0x00000000200016c0       0x44 ./Core/Src/main.o
                0x00000000200016c0                hdma_adc1
 .bss.hiwdg     0x0000000020001704        0xc ./Core/Src/main.o
                0x0000000020001704                hiwdg
 .bss.htim2     0x0000000020001710       0x48 ./Core/Src/main.o
                0x0000000020001710                htim2
 .bss.htim3     0x0000000020001758       0x48 ./Core/Src/main.o
                0x0000000020001758                htim3
 .bss.htim4     0x00000000200017a0       0x48 ./Core/Src/main.o
                0x00000000200017a0                htim4
 .bss.huart1    0x00000000200017e8       0x48 ./Core/Src/main.o
                0x00000000200017e8                huart1
 .bss.mbSemControlBlock
                0x0000000020001830       0x50 ./Core/Src/main.o
                0x0000000020001830                mbSemControlBlock
 .bss.mbSemHandle
                0x0000000020001880        0x4 ./Core/Src/main.o
                0x0000000020001880                mbSemHandle
 .bss.respond_timeout
                0x0000000020001884        0x2 ./Core/Src/main.o
 .bss.timer_res
                0x0000000020001886        0x2 ./Core/Src/main.o
                0x0000000020001886                timer_res
 .bss.xOSEventControlBlock
                0x0000000020001888       0x20 ./Core/Src/main.o
                0x0000000020001888                xOSEventControlBlock
 .bss.xOSEventHandle
                0x00000000200018a8        0x4 ./Core/Src/main.o
                0x00000000200018a8                xOSEventHandle
 .bss.xSystemControlEventControlBlock
                0x00000000200018ac       0x20 ./Core/Src/main.o
                0x00000000200018ac                xSystemControlEventControlBlock
 .bss.xSystemControlEventHandle
                0x00000000200018cc        0x4 ./Core/Src/main.o
                0x00000000200018cc                xSystemControlEventHandle
 .bss.xUARTEvnetControlBlock
                0x00000000200018d0       0x20 ./Core/Src/main.o
                0x00000000200018d0                xUARTEvnetControlBlock
 .bss.xUARTEvnetHandle
                0x00000000200018f0        0x4 ./Core/Src/main.o
                0x00000000200018f0                xUARTEvnetHandle
 .bss.Dev_Type_Error_Counter
                0x00000000200018f4        0x1 ./Core/Src/mainFSM.o
 *fill*         0x00000000200018f5        0x3 
 .bss.NetStatus
                0x00000000200018f8       0x1e ./Core/Src/mainFSM.o
 .bss.con_err_count
                0x0000000020001916        0x1 ./Core/Src/mainFSM.o
 .bss.connection
                0x0000000020001917        0x1 ./Core/Src/mainFSM.o
                0x0000000020001917                connection
 .bss.connection_error
                0x0000000020001918        0x1 ./Core/Src/mainFSM.o
                0x0000000020001918                connection_error
 *fill*         0x0000000020001919        0x3 
 .bss.data      0x000000002000191c        0x8 ./Core/Src/mainFSM.o
                0x000000002000191c                data
 .bss.dev_type_error
                0x0000000020001924        0x1 ./Core/Src/mainFSM.o
 *fill*         0x0000000020001925        0x3 
 .bss.input_regs
                0x0000000020001928       0x14 ./Core/Src/mainFSM.o
                0x0000000020001928                input_regs
 .bss.mastersendFSM
                0x000000002000193c        0x1 ./Core/Src/mainFSM.o
 .bss.sens_err_count
                0x000000002000193d        0x1 ./Core/Src/mainFSM.o
 .bss.sens_error
                0x000000002000193e        0x1 ./Core/Src/mainFSM.o
 *fill*         0x000000002000193f        0x1 
 .bss.system_regs
                0x0000000020001940       0x14 ./Core/Src/mainFSM.o
                0x0000000020001940                system_regs
 .bss.xSystemEventGroupHandle
                0x0000000020001954        0x4 ./Core/Src/mainFSM.o
 .bss.htim1     0x0000000020001958       0x48 ./Core/Src/stm32f1xx_hal_timebase_tim.o
                0x0000000020001958                htim1
 .bss.uwTick    0x00000000200019a0        0x4 ./Drivers/STM32F1xx_HAL_Driver/Src/stm32f1xx_hal.o
                0x00000000200019a0                uwTick
 .bss.eException.0
                0x00000000200019a4        0x1 ./FreeModbus/Src/mb_m.o
 .bss.eMBMasterCurErrorType
                0x00000000200019a5        0x1 ./FreeModbus/Src/mb_m.o
 *fill*         0x00000000200019a6        0x2 
 .bss.peMBMasterFrameReceiveCur
                0x00000000200019a8        0x4 ./FreeModbus/Src/mb_m.o
 .bss.peMBMasterFrameSendCur
                0x00000000200019ac        0x4 ./FreeModbus/Src/mb_m.o
 .bss.pvMBMasterFrameCloseCur
                0x00000000200019b0        0x4 ./FreeModbus/Src/mb_m.o
 .bss.pvMBMasterFrameStartCur
                0x00000000200019b4        0x4 ./FreeModbus/Src/mb_m.o
 .bss.pvMBMasterFrameStopCur
                0x00000000200019b8        0x4 ./FreeModbus/Src/mb_m.o
 .bss.pxMBMasterFrameCBByteReceived
                0x00000000200019bc        0x4 ./FreeModbus/Src/mb_m.o
                0x00000000200019bc                pxMBMasterFrameCBByteReceived
 .bss.pxMBMasterFrameCBTransmitterEmpty
                0x00000000200019c0        0x4 ./FreeModbus/Src/mb_m.o
                0x00000000200019c0                pxMBMasterFrameCBTransmitterEmpty
 .bss.pxMBMasterPortCBTimerExpired
                0x00000000200019c4        0x4 ./FreeModbus/Src/mb_m.o
                0x00000000200019c4                pxMBMasterPortCBTimerExpired
 .bss.ucMBFrame.3
                0x00000000200019c8        0x4 ./FreeModbus/Src/mb_m.o
 .bss.ucMBMasterDestAddress
                0x00000000200019cc        0x1 ./FreeModbus/Src/mb_m.o
 .bss.ucRcvAddress.4
                0x00000000200019cd        0x1 ./FreeModbus/Src/mb_m.o
 .bss.usLength.2
                0x00000000200019ce        0x2 ./FreeModbus/Src/mb_m.o
 .bss.xMBRunInMasterMode
                0x00000000200019d0        0x1 ./FreeModbus/Src/mb_m.o
 *fill*         0x00000000200019d1        0x3 
 .bss.ucMBSlaveID
                0x00000000200019d4       0x20 ./FreeModbus/Src/mbfuncother.o
 .bss.usMBSlaveIDLen
                0x00000000200019f4        0x2 ./FreeModbus/Src/mbfuncother.o
 .bss.eMasterCurTimerMode
                0x00000000200019f6        0x1 ./FreeModbus/Src/mbrtu_m.o
 .bss.eRcvState
                0x00000000200019f7        0x1 ./FreeModbus/Src/mbrtu_m.o
 .bss.eSndState
                0x00000000200019f8        0x1 ./FreeModbus/Src/mbrtu_m.o
 *fill*         0x00000000200019f9        0x3 
 .bss.pucMasterSndBufferCur
                0x00000000200019fc        0x4 ./FreeModbus/Src/mbrtu_m.o
 .bss.ucMasterRTURcvBuf
                0x0000000020001a00      0x100 ./FreeModbus/Src/mbrtu_m.o
 .bss.ucMasterRTUSndBuf
                0x0000000020001b00       0xfd ./FreeModbus/Src/mbrtu_m.o
 *fill*         0x0000000020001bfd        0x1 
 .bss.usMasterRcvBufferPos
                0x0000000020001bfe        0x2 ./FreeModbus/Src/mbrtu_m.o
 .bss.usMasterSendPDULength
                0x0000000020001c00        0x2 ./FreeModbus/Src/mbrtu_m.o
 .bss.usMasterSndBufferCount
                0x0000000020001c02        0x2 ./FreeModbus/Src/mbrtu_m.o
 .bss.xFrameIsBroadcast