../Core/Src/din_dout.c:90:6:eOutConfig	0	static
../Core/Src/din_dout.c:100:22:eDinConfig	32	static
../Core/Src/din_dout.c:145:6:vADCReady	8	static,ignoring_inline_asm
../Core/Src/din_dout.c:218:8:vGetAverDataFromRAW	32	static
../Core/Src/din_dout.c:247:8:vAinGetData	32	static
../Core/Src/din_dout.c:257:10:iGetTemp	8	static
../Core/Src/din_dout.c:280:10:ucDinGet	0	static
../Core/Src/din_dout.c:287:11:uiGetDinMask	0	static
../Core/Src/din_dout.c:154:7:vDTask	56	static
../Core/Src/din_dout.c:300:7:vSetOutState	0	static
../Core/Src/din_dout.c:304:10:vGetOutState	0	static
