../Core/Src/din_dout.c:144:6:eOutConfig	0	static
../Core/Src/din_dout.c:158:22:eDinConfig	32	static
../Core/Src/din_dout.c:251:6:vADCReady	8	static,ignoring_inline_asm
../Core/Src/din_dout.c:493:8:vGetAverDataFromRAW	32	static
../Core/Src/din_dout.c:512:11:vRCFilter	16	static
../Core/Src/din_dout.c:522:10:vAinGetData	16	static
../Core/Src/din_dout.c:535:10:iGetTemp	8	static
../Core/Src/din_dout.c:558:10:ucDinGet	0	static
../Core/Src/din_dout.c:565:11:uiGetDinMask	8	static
../Core/Src/din_dout.c:263:7:vDTask	72	static
../Core/Src/din_dout.c:579:7:vSetOutState	0	static
../Core/Src/din_dout.c:583:10:vGetOutState	0	static
