../Core/Src/main.c:777:6:StartDefaultTask	8	static
../Core/Src/main.c:151:20:xGetOSEvent	0	static
../Core/Src/main.c:155:21:xGetUARTEvent	0	static
../Core/Src/main.c:159:21:xGetSystemControlEvent	0	static
../Core/Src/main.c:163:18:xGetSystemSem	0	static
../Core/Src/main.c:192:6:vTimerInit	8	static,ignoring_inline_asm
../Core/Src/main.c:209:6:vStartTimer	8	static
../Core/Src/main.c:215:6:vStopTimer	8	static
../Core/Src/main.c:223:6:vRespondInit	8	static
../Core/Src/main.c:229:6:vStartRespond	8	static
../Core/Src/main.c:236:6:vStopRespond	8	static
../Core/Src/main.c:242:6:vResHeandler	8	static
../Core/Src/main.c:368:6:SystemClock_Config	88	static,ignoring_inline_asm
../Core/Src/main.c:257:5:main	80	static,ignoring_inline_asm
../Core/Src/main.c:764:6:vResetWDT	8	static
../Core/Src/main.c:801:6:HAL_TIM_PeriodElapsedCallback	8	static
../Core/Src/main.c:834:6:Error_Handler	0	static,ignoring_inline_asm
