../Core/Src/main.c:680:6:StartDefaultTask	8	static
../Core/Src/main.c:140:20:xGetOSEvent	0	static
../Core/Src/main.c:144:21:xGetUARTEvent	0	static
../Core/Src/main.c:148:21:xGetSystemControlEvent	0	static
../Core/Src/main.c:175:6:vTimerInit	8	static,ignoring_inline_asm
../Core/Src/main.c:183:6:vStartTimer	8	static
../Core/Src/main.c:187:6:vStopTimer	8	static
../Core/Src/main.c:303:6:SystemClock_Config	88	static,ignoring_inline_asm
../Core/Src/main.c:197:5:main	80	static,ignoring_inline_asm
../Core/Src/main.c:704:6:HAL_TIM_PeriodElapsedCallback	8	static
../Core/Src/main.c:723:6:Error_Handler	0	static,ignoring_inline_asm
